Archive member included because of file (symbol)

contiki-native.a(rtimer.o)    obj_native/sclock.o (rtimer_set)
contiki-native.a(contiki-main.o)
                              /usr/lib/gcc/i686-linux-gnu/4.6/../../../i386-linux-gnu/crt1.o (main)
contiki-native.a(clock.o)     ts_test.co (clock_time)
contiki-native.a(button-sensor.o)
                              contiki-native.a(contiki-main.o) (button_sensor)
contiki-native.a(pir-sensor.o)
                              contiki-native.a(contiki-main.o) (pir_sensor)
contiki-native.a(vib-sensor.o)
                              contiki-native.a(contiki-main.o) (vib_sensor)
contiki-native.a(sensors.o)   contiki-native.a(button-sensor.o) (sensors_changed)
contiki-native.a(rtimer-arch.o)
                              contiki-native.a(rtimer.o) (rtimer_arch_init)
contiki-native.a(rimeaddr.o)  contiki-native.a(contiki-main.o) (rimeaddr_set_node_addr)
contiki-native.a(rime.o)      contiki-native.a(contiki-main.o) (rime_driver)
contiki-native.a(announcement.o)
                              contiki-native.a(rime.o) (announcement_init)
contiki-native.a(broadcast-annou)
                              contiki-native.a(rime.o) (broadcast_announcement_init)
contiki-native.a(broadcast.o)
                              contiki-native.a(broadcast-annou) (broadcast_open)
contiki-native.a(abc.o)       contiki-native.a(broadcast.o) (abc_open)
contiki-native.a(chameleon.o)
                              contiki-native.a(rime.o) (chameleon_init)
contiki-native.a(channel.o)   contiki-native.a(chameleon.o) (channel_init)
contiki-native.a(chameleon-bitop)
                              contiki-native.a(chameleon.o) (chameleon_bitopt)
contiki-native.a(nullmac.o)   contiki-native.a(contiki-main.o) (nullmac_driver)
contiki-native.a(nullrdc.o)   contiki-native.a(contiki-main.o) (nullrdc_driver)
contiki-native.a(mac.o)       contiki-native.a(nullrdc.o) (mac_call_sent_callback)
contiki-native.a(framer-nullmac.)
                              contiki-native.a(nullrdc.o) (framer_nullmac)
contiki-native.a(process.o)   contiki-native.a(sensors.o) (process_alloc_event)
contiki-native.a(autostart.o)
                              contiki-native.a(contiki-main.o) (autostart_start)
contiki-native.a(serial-line.o)
                              contiki-native.a(contiki-main.o) (serial_line_input_byte)
contiki-native.a(list.o)      contiki-native.a(announcement.o) (list_init)
contiki-native.a(etimer.o)    contiki-native.a(contiki-main.o) (etimer_request_poll)
contiki-native.a(ctimer.o)    contiki-native.a(contiki-main.o) (ctimer_init)
contiki-native.a(random.o)    contiki-native.a(broadcast-annou) (random_rand)
contiki-native.a(ringbuf.o)   contiki-native.a(serial-line.o) (ringbuf_init)
contiki-native.a(netstack.o)  contiki-native.a(contiki-main.o) (netstack_init)
contiki-native.a(packetbuf.o)
                              contiki-native.a(chameleon-bitop) (packetbuf_hdrreduce)
contiki-native.a(queuebuf.o)  contiki-native.a(contiki-main.o) (queuebuf_init)
contiki-native.a(tcpip.o)     contiki-native.a(contiki-main.o) (tcpip_process)
contiki-native.a(uip.o)       contiki-native.a(tcpip.o) (uip_conn)
contiki-native.a(nullradio.o)
                              contiki-native.a(nullrdc.o) (nullradio_driver)
contiki-native.a(memb.o)      contiki-native.a(queuebuf.o) (memb_init)
contiki-native.a(timer.o)     contiki-native.a(etimer.o) (timer_set)
/usr/lib/i386-linux-gnu/libc_nonshared.a(elf-init.oS)
                              /usr/lib/gcc/i686-linux-gnu/4.6/../../../i386-linux-gnu/crt1.o (__libc_csu_init)

Allocating common symbols
Common symbol       size              file

uip_draddr          0x4               contiki-native.a(uip.o)
uip_slen            0x2               contiki-native.a(uip.o)
uip_acc32           0x4               contiki-native.a(uip.o)
uip_conns           0x5a0             contiki-native.a(uip.o)
uip_netmask         0x4               contiki-native.a(uip.o)
uip_hostaddr        0x4               contiki-native.a(uip.o)
serial_line_event_message
                    0x1               contiki-native.a(serial-line.o)
uip_appdata         0x4               contiki-native.a(uip.o)
uip_flags           0x1               contiki-native.a(uip.o)
packetbuf_attrs     0x30              contiki-native.a(packetbuf.o)
uip_aligned_buf     0x1a4             contiki-native.a(uip.o)
contiki_argv        0x4               contiki-native.a(contiki-main.o)
uip_listenports     0x50              contiki-native.a(uip.o)
uip_len             0x2               contiki-native.a(uip.o)
tcpip_event         0x1               contiki-native.a(tcpip.o)
uip_sappdata        0x4               contiki-native.a(uip.o)
sensors_event       0x1               contiki-native.a(sensors.o)
uip_udp_conns       0xc8              contiki-native.a(uip.o)
rimeaddr_node_addr  0x2               contiki-native.a(rimeaddr.o)
packetbuf_addrs     0x8               contiki-native.a(packetbuf.o)
uip_udp_conn        0x4               contiki-native.a(uip.o)
sensors_flags       0x4               contiki-native.a(contiki-main.o)
uip_conn            0x4               contiki-native.a(uip.o)

Discarded input sections

 .note.GNU-stack
                0x0000000000000000        0x0 /usr/lib/gcc/i686-linux-gnu/4.6/../../../i386-linux-gnu/crt1.o
 .gnu_debuglink
                0x0000000000000000        0xc /usr/lib/gcc/i686-linux-gnu/4.6/../../../i386-linux-gnu/crt1.o
 .note.GNU-stack
                0x0000000000000000        0x0 /usr/lib/gcc/i686-linux-gnu/4.6/../../../i386-linux-gnu/crti.o
 .gnu_debuglink
                0x0000000000000000        0xc /usr/lib/gcc/i686-linux-gnu/4.6/../../../i386-linux-gnu/crti.o
 .note.GNU-stack
                0x0000000000000000        0x0 /usr/lib/gcc/i686-linux-gnu/4.6/crtbegin.o
 .note.GNU-stack
                0x0000000000000000        0x0 ts_test.co
 .note.GNU-stack
                0x0000000000000000        0x0 obj_native/timestamp.o
 .note.GNU-stack
                0x0000000000000000        0x0 obj_native/sclock.o
 .note.GNU-stack
                0x0000000000000000        0x0 contiki-native.a(rtimer.o)
 .note.GNU-stack
                0x0000000000000000        0x0 contiki-native.a(contiki-main.o)
 .note.GNU-stack
                0x0000000000000000        0x0 contiki-native.a(clock.o)
 .note.GNU-stack
                0x0000000000000000        0x0 contiki-native.a(button-sensor.o)
 .note.GNU-stack
                0x0000000000000000        0x0 contiki-native.a(pir-sensor.o)
 .note.GNU-stack
                0x0000000000000000        0x0 contiki-native.a(vib-sensor.o)
 .note.GNU-stack
                0x0000000000000000        0x0 contiki-native.a(sensors.o)
 .note.GNU-stack
                0x0000000000000000        0x0 contiki-native.a(rtimer-arch.o)
 .note.GNU-stack
                0x0000000000000000        0x0 contiki-native.a(rimeaddr.o)
 .note.GNU-stack
                0x0000000000000000        0x0 contiki-native.a(rime.o)
 .note.GNU-stack
                0x0000000000000000        0x0 contiki-native.a(announcement.o)
 .note.GNU-stack
                0x0000000000000000        0x0 contiki-native.a(broadcast-annou)
 .note.GNU-stack
                0x0000000000000000        0x0 contiki-native.a(broadcast.o)
 .note.GNU-stack
                0x0000000000000000        0x0 contiki-native.a(abc.o)
 .note.GNU-stack
                0x0000000000000000        0x0 contiki-native.a(chameleon.o)
 .note.GNU-stack
                0x0000000000000000        0x0 contiki-native.a(channel.o)
 .note.GNU-stack
                0x0000000000000000        0x0 contiki-native.a(chameleon-bitop)
 .note.GNU-stack
                0x0000000000000000        0x0 contiki-native.a(nullmac.o)
 .note.GNU-stack
                0x0000000000000000        0x0 contiki-native.a(nullrdc.o)
 .note.GNU-stack
                0x0000000000000000        0x0 contiki-native.a(mac.o)
 .note.GNU-stack
                0x0000000000000000        0x0 contiki-native.a(framer-nullmac.)
 .note.GNU-stack
                0x0000000000000000        0x0 contiki-native.a(process.o)
 .note.GNU-stack
                0x0000000000000000        0x0 contiki-native.a(autostart.o)
 .note.GNU-stack
                0x0000000000000000        0x0 contiki-native.a(serial-line.o)
 .note.GNU-stack
                0x0000000000000000        0x0 contiki-native.a(list.o)
 .note.GNU-stack
                0x0000000000000000        0x0 contiki-native.a(etimer.o)
 .note.GNU-stack
                0x0000000000000000        0x0 contiki-native.a(ctimer.o)
 .note.GNU-stack
                0x0000000000000000        0x0 contiki-native.a(random.o)
 .note.GNU-stack
                0x0000000000000000        0x0 contiki-native.a(ringbuf.o)
 .note.GNU-stack
                0x0000000000000000        0x0 contiki-native.a(netstack.o)
 .note.GNU-stack
                0x0000000000000000        0x0 contiki-native.a(packetbuf.o)
 .note.GNU-stack
                0x0000000000000000        0x0 contiki-native.a(queuebuf.o)
 .note.GNU-stack
                0x0000000000000000        0x0 contiki-native.a(tcpip.o)
 .note.GNU-stack
                0x0000000000000000        0x0 contiki-native.a(uip.o)
 .note.GNU-stack
                0x0000000000000000        0x0 contiki-native.a(nullradio.o)
 .note.GNU-stack
                0x0000000000000000        0x0 contiki-native.a(memb.o)
 .note.GNU-stack
                0x0000000000000000        0x0 contiki-native.a(timer.o)
 .group         0x0000000000000000        0x8 /usr/lib/i386-linux-gnu/libc_nonshared.a(elf-init.oS)
 .note.GNU-stack
                0x0000000000000000        0x0 /usr/lib/i386-linux-gnu/libc_nonshared.a(elf-init.oS)
 .note.GNU-stack
                0x0000000000000000        0x0 /usr/lib/gcc/i686-linux-gnu/4.6/crtend.o
 .note.GNU-stack
                0x0000000000000000        0x0 /usr/lib/gcc/i686-linux-gnu/4.6/../../../i386-linux-gnu/crtn.o
 .gnu_debuglink
                0x0000000000000000        0xc /usr/lib/gcc/i686-linux-gnu/4.6/../../../i386-linux-gnu/crtn.o

Memory Configuration

Name             Origin             Length             Attributes
*default*        0x0000000000000000 0xffffffffffffffff

Linker script and memory map

LOAD /usr/lib/gcc/i686-linux-gnu/4.6/../../../i386-linux-gnu/crt1.o
LOAD /usr/lib/gcc/i686-linux-gnu/4.6/../../../i386-linux-gnu/crti.o
LOAD /usr/lib/gcc/i686-linux-gnu/4.6/crtbegin.o
LOAD ts_test.co
LOAD obj_native/timestamp.o
LOAD obj_native/sclock.o
LOAD contiki-native.a
LOAD /usr/lib/gcc/i686-linux-gnu/4.6/../../../i386-linux-gnu/libncurses.so
LOAD /lib/i386-linux-gnu/libncurses.so.5
LOAD /usr/lib/gcc/i686-linux-gnu/4.6/../../../i386-linux-gnu/libtinfo.so
LOAD /usr/lib/gcc/i686-linux-gnu/4.6/libgcc.a
LOAD /usr/lib/gcc/i686-linux-gnu/4.6/libgcc_s.so
LOAD /usr/lib/gcc/i686-linux-gnu/4.6/../../../i386-linux-gnu/libc.so
START GROUP
LOAD /lib/i386-linux-gnu/libc.so.6
LOAD /usr/lib/i386-linux-gnu/libc_nonshared.a
LOAD /lib/i386-linux-gnu/ld-linux.so.2
END GROUP
LOAD /usr/lib/gcc/i686-linux-gnu/4.6/libgcc.a
LOAD /usr/lib/gcc/i686-linux-gnu/4.6/libgcc_s.so
LOAD /usr/lib/gcc/i686-linux-gnu/4.6/crtend.o
LOAD /usr/lib/gcc/i686-linux-gnu/4.6/../../../i386-linux-gnu/crtn.o
                0x0000000008048000                PROVIDE (__executable_start, 0x8048000)
                0x0000000008048154                . = (0x8048000 + SIZEOF_HEADERS)

.interp         0x0000000008048154       0x13
 *(.interp)
 .interp        0x0000000008048154       0x13 /usr/lib/gcc/i686-linux-gnu/4.6/../../../i386-linux-gnu/crt1.o

.note.ABI-tag   0x0000000008048168       0x20
 .note.ABI-tag  0x0000000008048168       0x20 /usr/lib/gcc/i686-linux-gnu/4.6/../../../i386-linux-gnu/crt1.o

.note.gnu.build-id
                0x0000000008048188       0x24
 *(.note.gnu.build-id)
 .note.gnu.build-id
                0x0000000008048188       0x24 /usr/lib/gcc/i686-linux-gnu/4.6/../../../i386-linux-gnu/crt1.o

.hash
 *(.hash)

.gnu.hash       0x00000000080481ac      0x950
 *(.gnu.hash)
 .gnu.hash      0x00000000080481ac      0x950 /usr/lib/gcc/i686-linux-gnu/4.6/../../../i386-linux-gnu/crt1.o

.dynsym         0x0000000008048afc     0x11f0
 *(.dynsym)
 .dynsym        0x0000000008048afc     0x11f0 /usr/lib/gcc/i686-linux-gnu/4.6/../../../i386-linux-gnu/crt1.o

.dynstr         0x0000000008049cec     0x1017
 *(.dynstr)
 .dynstr        0x0000000008049cec     0x1017 /usr/lib/gcc/i686-linux-gnu/4.6/../../../i386-linux-gnu/crt1.o

.gnu.version    0x000000000804ad04      0x23e
 *(.gnu.version)
 .gnu.version   0x000000000804ad04      0x23e /usr/lib/gcc/i686-linux-gnu/4.6/../../../i386-linux-gnu/crt1.o

.gnu.version_d  0x000000000804af44        0x0
 *(.gnu.version_d)
 .gnu.version_d
                0x0000000000000000        0x0 /usr/lib/gcc/i686-linux-gnu/4.6/../../../i386-linux-gnu/crt1.o

.gnu.version_r  0x000000000804af44       0x40
 *(.gnu.version_r)
 .gnu.version_r
                0x000000000804af44       0x40 /usr/lib/gcc/i686-linux-gnu/4.6/../../../i386-linux-gnu/crt1.o

.rel.dyn        0x000000000804af84       0x18
 *(.rel.init)
 *(.rel.text .rel.text.* .rel.gnu.linkonce.t.*)
 .rel.text      0x0000000000000000        0x0 /usr/lib/gcc/i686-linux-gnu/4.6/../../../i386-linux-gnu/crt1.o
 *(.rel.fini)
 *(.rel.rodata .rel.rodata.* .rel.gnu.linkonce.r.*)
 *(.rel.data.rel.ro* .rel.gnu.linkonce.d.rel.ro.*)
 *(.rel.data .rel.data.* .rel.gnu.linkonce.d.*)
 .rel.data      0x0000000000000000        0x0 /usr/lib/gcc/i686-linux-gnu/4.6/../../../i386-linux-gnu/crt1.o
 *(.rel.tdata .rel.tdata.* .rel.gnu.linkonce.td.*)
 *(.rel.tbss .rel.tbss.* .rel.gnu.linkonce.tb.*)
 *(.rel.ctors)
 *(.rel.dtors)
 *(.rel.got)
 .rel.got       0x000000000804af84        0x8 /usr/lib/gcc/i686-linux-gnu/4.6/../../../i386-linux-gnu/crt1.o
 *(.rel.bss .rel.bss.* .rel.gnu.linkonce.b.*)
 .rel.bss       0x000000000804af8c       0x10 /usr/lib/gcc/i686-linux-gnu/4.6/../../../i386-linux-gnu/crt1.o
 *(.rel.ifunc)

.rel.plt        0x000000000804af9c       0xa0
 *(.rel.plt)
 .rel.plt       0x000000000804af9c       0xa0 /usr/lib/gcc/i686-linux-gnu/4.6/../../../i386-linux-gnu/crt1.o
                0x000000000804b03c                PROVIDE (__rel_iplt_start, .)
 *(.rel.iplt)
 .rel.iplt      0x0000000000000000        0x0 /usr/lib/gcc/i686-linux-gnu/4.6/../../../i386-linux-gnu/crt1.o
                0x000000000804b03c                PROVIDE (__rel_iplt_end, .)

.init           0x000000000804b03c       0x2e
 *(.init)
 .init          0x000000000804b03c       0x1f /usr/lib/gcc/i686-linux-gnu/4.6/../../../i386-linux-gnu/crti.o
                0x000000000804b03c                _init
 .init          0x000000000804b05b        0x5 /usr/lib/gcc/i686-linux-gnu/4.6/crtbegin.o
 .init          0x000000000804b060        0x5 /usr/lib/gcc/i686-linux-gnu/4.6/crtend.o
 .init          0x000000000804b065        0x5 /usr/lib/gcc/i686-linux-gnu/4.6/../../../i386-linux-gnu/crtn.o

.plt            0x000000000804b070      0x150
 *(.plt)
 .plt           0x000000000804b070      0x150 /usr/lib/gcc/i686-linux-gnu/4.6/../../../i386-linux-gnu/crt1.o
                0x000000000804b080                setitimer@@GLIBC_2.0
                0x000000000804b090                read@@GLIBC_2.0
                0x000000000804b0a0                memcpy@@GLIBC_2.0
                0x000000000804b0b0                signal@@GLIBC_2.0
                0x000000000804b0c0                memcmp@@GLIBC_2.0
                0x000000000804b0d0                gettimeofday@@GLIBC_2.0
                0x000000000804b0e0                select@@GLIBC_2.0
                0x000000000804b0f0                __stack_chk_fail@@GLIBC_2.4
                0x000000000804b100                perror@@GLIBC_2.0
                0x000000000804b110                puts@@GLIBC_2.0
                0x000000000804b120                __memcpy_chk@@GLIBC_2.3.4
                0x000000000804b140                srand@@GLIBC_2.0
                0x000000000804b150                __libc_start_main@@GLIBC_2.0
                0x000000000804b160                setvbuf@@GLIBC_2.0
                0x000000000804b170                memset@@GLIBC_2.0
                0x000000000804b180                rand@@GLIBC_2.0
                0x000000000804b190                __printf_chk@@GLIBC_2.3.4
                0x000000000804b1a0                __fprintf_chk@@GLIBC_2.3.4
                0x000000000804b1b0                strncmp@@GLIBC_2.0
 *(.iplt)
 .iplt          0x0000000000000000        0x0 /usr/lib/gcc/i686-linux-gnu/4.6/../../../i386-linux-gnu/crt1.o

.text           0x000000000804b1c0     0x5a7c
 *(.text.unlikely .text.*_unlikely)
 *(.text.exit .text.exit.*)
 *(.text.startup .text.startup.*)
 *(.text.hot .text.hot.*)
 *(.text .stub .text.* .gnu.linkonce.t.*)
 .text          0x000000000804b1c0       0x24 /usr/lib/gcc/i686-linux-gnu/4.6/../../../i386-linux-gnu/crt1.o
                0x000000000804b1c0                _start
 .text          0x000000000804b1e4        0x0 /usr/lib/gcc/i686-linux-gnu/4.6/../../../i386-linux-gnu/crti.o
 *fill*         0x000000000804b1e4        0xc 90909090
 .text          0x000000000804b1f0       0x83 /usr/lib/gcc/i686-linux-gnu/4.6/crtbegin.o
 *fill*         0x000000000804b273        0x1 90909090
 .text          0x000000000804b274      0x180 ts_test.co
                0x000000000804b2fd                pt_func
                0x000000000804b3d5                hold_time
 .text          0x000000000804b3f4      0x8fa obj_native/timestamp.o
                0x000000000804b3f4                timestamp_arrange
                0x000000000804b4e6                timestamp_is_overflow
                0x000000000804b51e                timestamp_is_empty
                0x000000000804b548                timestamp_init
                0x000000000804b56a                timestamp_cat
                0x000000000804b5a3                timestamp_plus
                0x000000000804b5ea                timestamp_minus
                0x000000000804b6e5                packet_get_index
                0x000000000804b707                timestamp_to_packet
                0x000000000804b893                timestamp_from_packet
                0x000000000804bb6a                timestamp_cmp
                0x000000000804bc51                timestamp_cpy
                0x000000000804bc8a                print_timestamp
 *fill*         0x000000000804bcee        0x2 90909090
 .text          0x000000000804bcf0      0x279 obj_native/sclock.o
                0x000000000804bcf0                sclock_init
                0x000000000804bd14                sclock_update
                0x000000000804bd92                sclock_rtimer_set_long
                0x000000000804beaf                sclock_rtimer_set
                0x000000000804bf1d                sclock_hold_time
 *fill*         0x000000000804bf69        0x3 90909090
 .text          0x000000000804bf6c       0x96 contiki-native.a(rtimer.o)
                0x000000000804bf6c                rtimer_init
                0x000000000804bf78                rtimer_set
                0x000000000804bfc7                rtimer_run_next
 *fill*         0x000000000804c002        0xe 90909090
 .text          0x000000000804c010      0x39a contiki-native.a(contiki-main.o)
                0x000000000804c05a                select_set_callback
                0x000000000804c0f1                main
                0x000000000804c34a                log_message
                0x000000000804c37e                uip_log
 *fill*         0x000000000804c3aa        0x2 90909090
 .text          0x000000000804c3ac       0x5e contiki-native.a(clock.o)
                0x000000000804c3ac                clock_time
                0x000000000804c3e9                clock_seconds
                0x000000000804c408                clock_delay
 *fill*         0x000000000804c40a        0x2 90909090
 .text          0x000000000804c40c       0x25 contiki-native.a(button-sensor.o)
                0x000000000804c41e                button_press
 *fill*         0x000000000804c431        0x3 90909090
 .text          0x000000000804c434       0x2f contiki-native.a(pir-sensor.o)
                0x000000000804c446                pir_sensor_changed
 *fill*         0x000000000804c463        0x1 90909090
 .text          0x000000000804c464       0x2c contiki-native.a(vib-sensor.o)
                0x000000000804c476                vib_sensor_changed
 .text          0x000000000804c490      0x20c contiki-native.a(sensors.o)
                0x000000000804c5f7                sensors_first
                0x000000000804c5fd                sensors_next
                0x000000000804c60e                sensors_changed
                0x000000000804c631                sensors_find
 .text          0x000000000804c69c       0xab contiki-native.a(rtimer-arch.o)
                0x000000000804c6bc                rtimer_arch_init
                0x000000000804c6d7                rtimer_arch_schedule
 *fill*         0x000000000804c747        0x1 90909090
 .text          0x000000000804c748       0x55 contiki-native.a(rimeaddr.o)
                0x000000000804c748                rimeaddr_copy
                0x000000000804c757                rimeaddr_cmp
                0x000000000804c782                rimeaddr_set_node_addr
 *fill*         0x000000000804c79d        0x3 90909090
 .text          0x000000000804c7a0      0x14a contiki-native.a(rime.o)
                0x000000000804c879                rime_sniffer_add
                0x000000000804c894                rime_sniffer_remove
                0x000000000804c8af                rime_output
 *fill*         0x000000000804c8ea        0x6 90909090
 .text          0x000000000804c8f0      0x1fe contiki-native.a(announcement.o)
                0x000000000804c8f0                announcement_init
                0x000000000804c903                announcement_register
                0x000000000804c965                announcement_remove
                0x000000000804c980                announcement_remove_value
                0x000000000804c9c1                announcement_set_value
                0x000000000804ca11                announcement_bump
                0x000000000804ca4b                announcement_listen
                0x000000000804ca64                announcement_register_listen_callback
                0x000000000804ca6e                announcement_register_observer_callback
                0x000000000804ca78                announcement_list
                0x000000000804ca8b                announcement_heard
 *fill*         0x000000000804caee        0x2 90909090
 .text          0x000000000804caf0      0x20e contiki-native.a(broadcast-annou)
                0x000000000804cc82                broadcast_announcement_init
                0x000000000804cccd                broadcast_announcement_stop
                0x000000000804ccf8                broadcast_announcement_beacon_interval
 *fill*         0x000000000804ccfe        0x2 90909090
 .text          0x000000000804cd00       0xee contiki-native.a(broadcast.o)
                0x000000000804cd69                broadcast_open
                0x000000000804cdb4                broadcast_close
                0x000000000804cdc7                broadcast_send
 *fill*         0x000000000804cdee        0x2 90909090
 .text          0x000000000804cdf0       0xac contiki-native.a(abc.o)
                0x000000000804cdf0                abc_open
                0x000000000804ce33                abc_close
                0x000000000804ce46                abc_send
                0x000000000804ce59                abc_input
                0x000000000804ce72                abc_sent
 .text          0x000000000804ce9c       0x8d contiki-native.a(chameleon.o)
                0x000000000804ce9c                chameleon_init
                0x000000000804cea8                chameleon_parse
                0x000000000804ced3                chameleon_create
                0x000000000804cf15                chameleon_hdrsize
 *fill*         0x000000000804cf29        0x7 90909090
 .text          0x000000000804cf30       0xc5 contiki-native.a(channel.o)
                0x000000000804cf30                channel_init
                0x000000000804cf43                channel_open
                0x000000000804cf66                channel_close
                0x000000000804cf81                channel_lookup
                0x000000000804cfb9                channel_set_attributes
 *fill*         0x000000000804cff5        0x3 90909090
 .text          0x000000000804cff8      0x4e6 contiki-native.a(chameleon-bitop)
                0x000000000804d016                get_bits_in_byte
                0x000000000804d04b                get_bits
                0x000000000804d282                set_bits_in_byte
                0x000000000804d2a6                set_bits
 *fill*         0x000000000804d4de        0x2 90909090
 .text          0x000000000804d4e0       0x52 contiki-native.a(nullmac.o)
 *fill*         0x000000000804d532        0xe 90909090
 .text          0x000000000804d540      0x18d contiki-native.a(nullrdc.o)
 *fill*         0x000000000804d6cd        0x3 90909090
 .text          0x000000000804d6d0       0x28 contiki-native.a(mac.o)
                0x000000000804d6d0                mac_call_sent_callback
 .text          0x000000000804d6f8       0xa6 contiki-native.a(framer-nullmac.)
 *fill*         0x000000000804d79e        0x2 90909090
 .text          0x000000000804d7a0      0x3ee contiki-native.a(process.o)
                0x000000000804d7a0                process_alloc_event
                0x000000000804d7b1                process_init
                0x000000000804d7db                process_nevents
                0x000000000804d7ef                process_post
                0x000000000804d849                process_poll
                0x000000000804d86a                process_is_running
                0x000000000804d9bd                process_post_synch
                0x000000000804d9e4                process_start
                0x000000000804da7f                process_run
                0x000000000804db78                process_exit
 *fill*         0x000000000804db8e        0x2 90909090
 .text          0x000000000804db90       0x50 contiki-native.a(autostart.o)
                0x000000000804db90                autostart_start
                0x000000000804dbbc                autostart_exit
 .text          0x000000000804dbe0      0x1b1 contiki-native.a(serial-line.o)
                0x000000000804dce6                serial_line_input_byte
                0x000000000804dd5a                serial_line_init
 *fill*         0x000000000804dd91        0xf 90909090
 .text          0x000000000804dda0      0x17c contiki-native.a(list.o)
                0x000000000804dda0                list_init
                0x000000000804ddab                list_head
                0x000000000804ddb2                list_copy
                0x000000000804ddbf                list_tail
                0x000000000804ddd5                list_chop
                0x000000000804ddfe                list_pop
                0x000000000804de0e                list_remove
                0x000000000804de52                list_push
                0x000000000804de83                list_add
                0x000000000804dec6                list_length
                0x000000000804dee0                list_insert
                0x000000000804df0b                list_item_next
 *fill*         0x000000000804df1c        0x4 90909090
 .text          0x000000000804df20      0x2e9 contiki-native.a(etimer.o)
                0x000000000804df72                etimer_request_poll
                0x000000000804e0f8                etimer_set
                0x000000000804e11c                etimer_reset
                0x000000000804e138                etimer_restart
                0x000000000804e154                etimer_adjust
                0x000000000804e16a                etimer_expired
                0x000000000804e179                etimer_expiration_time
                0x000000000804e183                etimer_start_time
                0x000000000804e18a                etimer_pending
                0x000000000804e198                etimer_next_expiration_time
                0x000000000804e1ac                etimer_stop
 *fill*         0x000000000804e209        0x7 90909090
 .text          0x000000000804e210      0x2f3 contiki-native.a(ctimer.o)
                0x000000000804e2ee                ctimer_init
                0x000000000804e31c                ctimer_set
                0x000000000804e39f                ctimer_reset
                0x000000000804e404                ctimer_restart
                0x000000000804e469                ctimer_stop
                0x000000000804e4aa                ctimer_expired
 *fill*         0x000000000804e503        0x1 90909090
 .text          0x000000000804e504       0x20 contiki-native.a(random.o)
                0x000000000804e504                random_init
                0x000000000804e518                random_rand
 .text          0x000000000804e524       0xe9 contiki-native.a(ringbuf.o)
                0x000000000804e524                ringbuf_init
                0x000000000804e542                ringbuf_put
                0x000000000804e5a0                ringbuf_get
                0x000000000804e5ec                ringbuf_size
                0x000000000804e5f8                ringbuf_elements
 *fill*         0x000000000804e60d        0x3 90909090
 .text          0x000000000804e610       0x21 contiki-native.a(netstack.o)
                0x000000000804e610                netstack_init
 *fill*         0x000000000804e631        0x3 90909090
 .text          0x000000000804e634      0x485 contiki-native.a(packetbuf.o)
                0x000000000804e634                packetbuf_clear_hdr
                0x000000000804e63c                packetbuf_copyto_hdr
                0x000000000804e66e                packetbuf_copyto
                0x000000000804e704                packetbuf_hdr_remove
                0x000000000804e70f                packetbuf_hdrreduce
                0x000000000804e73c                packetbuf_set_datalen
                0x000000000804e747                packetbuf_dataptr
                0x000000000804e754                packetbuf_hdrptr
                0x000000000804e761                packetbuf_is_reference
                0x000000000804e772                packetbuf_reference_ptr
                0x000000000804e778                packetbuf_datalen
                0x000000000804e780                packetbuf_compact
                0x000000000804e800                packetbuf_hdrlen
                0x000000000804e80c                packetbuf_totlen
                0x000000000804e820                packetbuf_hdralloc
                0x000000000804e872                packetbuf_attr_clear
                0x000000000804e8b6                packetbuf_clear
                0x000000000804e8e5                packetbuf_reference
                0x000000000804e907                packetbuf_copyfrom
                0x000000000804e95a                packetbuf_attr_copyto
                0x000000000804e9dd                packetbuf_attr_copyfrom
                0x000000000804ea5f                packetbuf_set_attr
                0x000000000804ea76                packetbuf_attr
                0x000000000804ea84                packetbuf_set_addr
                0x000000000804eaac                packetbuf_addr
 *fill*         0x000000000804eab9        0x3 90909090
 .text          0x000000000804eabc      0x2ab contiki-native.a(queuebuf.o)
                0x000000000804eabf                queuebuf_init
                0x000000000804eaea                queuebuf_new_from_packetbuf
                0x000000000804eb9b                queuebuf_update_attr_from_packetbuf
                0x000000000804ebc2                queuebuf_free
                0x000000000804ec2b                queuebuf_to_packetbuf
                0x000000000804ecd6                queuebuf_dataptr
                0x000000000804ed21                queuebuf_datalen
                0x000000000804ed2e                queuebuf_addr
                0x000000000804ed49                queuebuf_attr
                0x000000000804ed65                queuebuf_debug_print
 *fill*         0x000000000804ed67        0x9 90909090
 .text          0x000000000804ed70      0x5c2 contiki-native.a(tcpip.o)
                0x000000000804ed93                tcpip_output
                0x000000000804f03a                tcpip_set_outputfunc
                0x000000000804f044                tcp_unlisten
                0x000000000804f0ac                tcp_listen
                0x000000000804f12b                tcp_attach
                0x000000000804f140                udp_attach
                0x000000000804f155                udp_new
                0x000000000804f185                udp_broadcast_new
                0x000000000804f1e8                tcpip_input
                0x000000000804f214                tcpip_poll_udp
                0x000000000804f237                tcpip_poll_tcp
                0x000000000804f25a                tcp_connect
                0x000000000804f297                tcpip_uipcall
 *fill*         0x000000000804f332        0xe 90909090
 .text          0x000000000804f340     0x162b contiki-native.a(uip.o)
                0x000000000804f38c                uip_setipid
                0x000000000804f397                uip_add32
                0x000000000804f489                uip_init
                0x000000000804f4da                uip_unlisten
                0x000000000804f532                uip_listen
                0x000000000804f58a                uip_htons
                0x000000000804f594                uip_udp_new
                0x000000000804f687                uip_connect
                0x000000000804f82b                uip_udpchksum
                0x000000000804f837                uip_tcpchksum
                0x000000000804f843                uip_ipchksum
                0x000000000804f877                uip_process
                0x00000000080508e8                uip_chksum
                0x000000000805090d                uip_htonl
                0x0000000008050927                uip_send
 *fill*         0x000000000805096b        0x1 90909090
 .text          0x000000000805096c       0x4a contiki-native.a(nullradio.o)
 *fill*         0x00000000080509b6        0xa 90909090
 .text          0x00000000080509c0      0x150 contiki-native.a(memb.o)
                0x00000000080509c0                memb_init
                0x0000000008050a09                memb_alloc
                0x0000000008050a65                memb_free
                0x0000000008050ad3                memb_inmemb
 .text          0x0000000008050b10       0x72 contiki-native.a(timer.o)
                0x0000000008050b10                timer_set
                0x0000000008050b2b                timer_reset
                0x0000000008050b35                timer_restart
                0x0000000008050b47                timer_expired
                0x0000000008050b67                timer_remaining
 *fill*         0x0000000008050b82        0xe 90909090
 .text          0x0000000008050b90       0x72 /usr/lib/i386-linux-gnu/libc_nonshared.a(elf-init.oS)
                0x0000000008050b90                __libc_csu_init
                0x0000000008050c00                __libc_csu_fini
 .text.__i686.get_pc_thunk.bx
                0x0000000008050c02        0x4 /usr/lib/i386-linux-gnu/libc_nonshared.a(elf-init.oS)
                0x0000000008050c02                __i686.get_pc_thunk.bx
 *fill*         0x0000000008050c06        0xa 90909090
 .text          0x0000000008050c10       0x2a /usr/lib/gcc/i686-linux-gnu/4.6/crtend.o
 *fill*         0x0000000008050c3a        0x2 90909090
 .text          0x0000000008050c3c        0x0 /usr/lib/gcc/i686-linux-gnu/4.6/../../../i386-linux-gnu/crtn.o
 *(.gnu.warning)

.fini           0x0000000008050c3c       0x1a
 *(.fini)
 .fini          0x0000000008050c3c       0x10 /usr/lib/gcc/i686-linux-gnu/4.6/../../../i386-linux-gnu/crti.o
                0x0000000008050c3c                _fini
 .fini          0x0000000008050c4c        0x5 /usr/lib/gcc/i686-linux-gnu/4.6/crtbegin.o
 .fini          0x0000000008050c51        0x5 /usr/lib/gcc/i686-linux-gnu/4.6/../../../i386-linux-gnu/crtn.o
                0x0000000008050c56                PROVIDE (__etext, .)
                0x0000000008050c56                PROVIDE (_etext, .)
                0x0000000008050c56                PROVIDE (etext, .)

.rodata         0x0000000008050c60      0x288
 *(.rodata .rodata.* .gnu.linkonce.r.*)
 .rodata        0x0000000008050c60        0x4 /usr/lib/gcc/i686-linux-gnu/4.6/../../../i386-linux-gnu/crt1.o
                0x0000000008050c60                _fp_hw
 .rodata.cst4   0x0000000008050c64        0x4 /usr/lib/gcc/i686-linux-gnu/4.6/../../../i386-linux-gnu/crt1.o
                0x0000000008050c64                _IO_stdin_used
 .rodata.str1.1
                0x0000000008050c68       0x27 ts_test.co
 *fill*         0x0000000008050c8f        0x1 00
 .rodata        0x0000000008050c90        0x8 ts_test.co
                0x0000000008050c90                autostart_processes
 .rodata.str1.4
                0x0000000008050c98       0x24 obj_native/timestamp.o
                                         0x21 (size before relaxing)
 .rodata.str1.1
                0x0000000008050cbc       0x1d obj_native/timestamp.o
 .rodata.str1.1
                0x0000000008050cd9       0x5e contiki-native.a(contiki-main.o)
                                         0x62 (size before relaxing)
 *fill*         0x0000000008050d37        0x1 00
 .rodata        0x0000000008050d38        0x8 contiki-native.a(contiki-main.o)
 .rodata.str1.1
                0x0000000008050d40        0x7 contiki-native.a(button-sensor.o)
 *fill*         0x0000000008050d47        0x1 00
 .rodata        0x0000000008050d48       0x10 contiki-native.a(button-sensor.o)
                0x0000000008050d48                button_sensor
 .rodata.str1.1
                0x0000000008050d58        0x4 contiki-native.a(pir-sensor.o)
 .rodata        0x0000000008050d5c       0x10 contiki-native.a(pir-sensor.o)
                0x0000000008050d5c                pir_sensor
 .rodata.str1.1
                0x0000000008050d6c        0xa contiki-native.a(vib-sensor.o)
 *fill*         0x0000000008050d76        0x2 00
 .rodata        0x0000000008050d78       0x10 contiki-native.a(vib-sensor.o)
                0x0000000008050d78                vib_sensor
 .rodata.str1.1
                0x0000000008050d88        0x8 contiki-native.a(sensors.o)
 .rodata        0x0000000008050d90        0x2 contiki-native.a(rimeaddr.o)
                0x0000000008050d90                rimeaddr_null
 .rodata.str1.1
                0x0000000008050d92        0x5 contiki-native.a(rime.o)
 *fill*         0x0000000008050d97        0x1 00
 .rodata        0x0000000008050d98        0xc contiki-native.a(rime.o)
                0x0000000008050d98                rime_driver
 .rodata        0x0000000008050da4        0x8 contiki-native.a(broadcast-annou)
 .rodata        0x0000000008050dac        0xc contiki-native.a(broadcast.o)
 .rodata        0x0000000008050db8        0x2 contiki-native.a(abc.o)
 *fill*         0x0000000008050dba        0x2 00
 .rodata        0x0000000008050dbc       0x15 contiki-native.a(chameleon-bitop)
                0x0000000008050dbc                chameleon_bitopt
 .rodata.str1.1
                0x0000000008050dd1        0x8 contiki-native.a(nullmac.o)
 *fill*         0x0000000008050dd9        0x3 00
 .rodata        0x0000000008050ddc       0x1c contiki-native.a(nullmac.o)
                0x0000000008050ddc                nullmac_driver
 .rodata.str1.1
                0x0000000008050df8        0x8 contiki-native.a(nullrdc.o)
 .rodata        0x0000000008050e00       0x20 contiki-native.a(nullrdc.o)
                0x0000000008050e00                nullrdc_driver
 .rodata        0x0000000008050e20        0x8 contiki-native.a(framer-nullmac.)
                0x0000000008050e20                framer_nullmac
 .rodata.str1.1
                0x0000000008050e28        0xe contiki-native.a(serial-line.o)
 .rodata.str1.1
                0x0000000008050e36        0xc contiki-native.a(etimer.o)
 .rodata.str1.1
                0x0000000008050e42        0xf contiki-native.a(ctimer.o)
 .rodata.str1.1
                0x0000000008050e51        0xd contiki-native.a(tcpip.o)
 *fill*         0x0000000008050e5e        0x2 00
 .rodata        0x0000000008050e60       0x4c contiki-native.a(uip.o)
                0x0000000008050ea4                uip_all_zeroes_addr
                0x0000000008050ea8                uip_broadcast_addr
 *fill*         0x0000000008050eac       0x14 00
 .rodata        0x0000000008050ec0       0x28 contiki-native.a(nullradio.o)
                0x0000000008050ec0                nullradio_driver

.rodata1
 *(.rodata1)

.eh_frame_hdr   0x0000000008050ee8      0x8b4
 *(.eh_frame_hdr)
 .eh_frame_hdr  0x0000000008050ee8      0x8b4 /usr/lib/gcc/i686-linux-gnu/4.6/../../../i386-linux-gnu/crt1.o

.eh_frame       0x000000000805179c     0x1ee0
 *(.eh_frame)
 .eh_frame      0x000000000805179c       0x3c /usr/lib/gcc/i686-linux-gnu/4.6/../../../i386-linux-gnu/crt1.o
                                         0x40 (size before relaxing)
 .eh_frame      0x00000000080517d8       0x50 ts_test.co
                                         0x68 (size before relaxing)
 .eh_frame      0x0000000008051828      0x190 obj_native/timestamp.o
                                        0x1a8 (size before relaxing)
 .eh_frame      0x00000000080519b8       0xc0 obj_native/sclock.o
                                         0xd8 (size before relaxing)
 .eh_frame      0x0000000008051a78       0x50 contiki-native.a(rtimer.o)
                                         0x68 (size before relaxing)
 .eh_frame      0x0000000008051ac8       0x90 contiki-native.a(contiki-main.o)
                                         0xa8 (size before relaxing)
 .eh_frame      0x0000000008051b58       0x4c contiki-native.a(clock.o)
                                         0x64 (size before relaxing)
 .eh_frame      0x0000000008051ba4       0x54 contiki-native.a(button-sensor.o)
                                         0x6c (size before relaxing)
 .eh_frame      0x0000000008051bf8       0x54 contiki-native.a(pir-sensor.o)
                                         0x6c (size before relaxing)
 .eh_frame      0x0000000008051c4c       0x54 contiki-native.a(vib-sensor.o)
                                         0x6c (size before relaxing)
 .eh_frame      0x0000000008051ca0       0xb4 contiki-native.a(sensors.o)
                                         0xcc (size before relaxing)
 .eh_frame      0x0000000008051d54       0x54 contiki-native.a(rtimer-arch.o)
                                         0x6c (size before relaxing)
 .eh_frame      0x0000000008051da8       0x44 contiki-native.a(rimeaddr.o)
                                         0x5c (size before relaxing)
 .eh_frame      0x0000000008051dec       0xc0 contiki-native.a(rime.o)
                                         0xd8 (size before relaxing)
 .eh_frame      0x0000000008051eac      0x12c contiki-native.a(announcement.o)
                                        0x144 (size before relaxing)
 .eh_frame      0x0000000008051fd8      0x108 contiki-native.a(broadcast-annou)
                                        0x120 (size before relaxing)
 .eh_frame      0x00000000080520e0       0x88 contiki-native.a(broadcast.o)
                                         0xa0 (size before relaxing)
 .eh_frame      0x0000000008052168       0x80 contiki-native.a(abc.o)
                                         0x98 (size before relaxing)
 .eh_frame      0x00000000080521e8       0x70 contiki-native.a(chameleon.o)
                                         0x88 (size before relaxing)
 .eh_frame      0x0000000008052258       0x88 contiki-native.a(channel.o)
                                         0xa0 (size before relaxing)
 .eh_frame      0x00000000080522e0      0x140 contiki-native.a(chameleon-bitop)
                                        0x158 (size before relaxing)
 .eh_frame      0x0000000008052420       0x88 contiki-native.a(nullmac.o)
                                         0xa0 (size before relaxing)
 .eh_frame      0x00000000080524a8       0xe4 contiki-native.a(nullrdc.o)
                                         0xfc (size before relaxing)
 .eh_frame      0x000000000805258c       0x18 contiki-native.a(mac.o)
                                         0x30 (size before relaxing)
 .eh_frame      0x00000000080525a4       0x48 contiki-native.a(framer-nullmac.)
                                         0x60 (size before relaxing)
 .eh_frame      0x00000000080525ec      0x170 contiki-native.a(process.o)
                                        0x188 (size before relaxing)
 .eh_frame      0x000000000805275c       0x40 contiki-native.a(autostart.o)
                                         0x58 (size before relaxing)
 .eh_frame      0x000000000805279c       0x54 contiki-native.a(serial-line.o)
                                         0x6c (size before relaxing)
 .eh_frame      0x00000000080527f0      0x114 contiki-native.a(list.o)
                                        0x12c (size before relaxing)
 .eh_frame      0x0000000008052904      0x194 contiki-native.a(etimer.o)
                                        0x1ac (size before relaxing)
 .eh_frame      0x0000000008052a98       0xf0 contiki-native.a(ctimer.o)
                                        0x108 (size before relaxing)
 .eh_frame      0x0000000008052b88       0x30 contiki-native.a(random.o)
                                         0x48 (size before relaxing)
 .eh_frame      0x0000000008052bb8       0x80 contiki-native.a(ringbuf.o)
                                         0x98 (size before relaxing)
 .eh_frame      0x0000000008052c38       0x18 contiki-native.a(netstack.o)
                                         0x30 (size before relaxing)
 .eh_frame      0x0000000008052c50      0x26c contiki-native.a(packetbuf.o)
                                        0x284 (size before relaxing)
 .eh_frame      0x0000000008052ebc      0x13c contiki-native.a(queuebuf.o)
                                        0x154 (size before relaxing)
 .eh_frame      0x0000000008052ff8      0x1e0 contiki-native.a(tcpip.o)
                                        0x1f8 (size before relaxing)
 .eh_frame      0x00000000080531d8      0x238 contiki-native.a(uip.o)
                                        0x250 (size before relaxing)
 .eh_frame      0x0000000008053410       0xcc contiki-native.a(nullradio.o)
                                         0xe4 (size before relaxing)
 .eh_frame      0x00000000080534dc       0xac contiki-native.a(memb.o)
                                         0xc4 (size before relaxing)
 .eh_frame      0x0000000008053588       0x8c contiki-native.a(timer.o)
                                         0xa4 (size before relaxing)
 .eh_frame      0x0000000008053614       0x64 /usr/lib/i386-linux-gnu/libc_nonshared.a(elf-init.oS)
                                         0x7c (size before relaxing)
 .eh_frame      0x0000000008053678        0x4 /usr/lib/gcc/i686-linux-gnu/4.6/crtend.o

.gcc_except_table
 *(.gcc_except_table .gcc_except_table.*)

.exception_ranges
 *(.exception_ranges .exception_ranges*)
                0x000000000805367c                . = (ALIGN (0x1000) - ((0x1000 - .) & 0xfff))
                0x0000000008054f14                . = DATA_SEGMENT_ALIGN (0x1000, 0x1000)

.eh_frame
 *(.eh_frame)

.gcc_except_table
 *(.gcc_except_table .gcc_except_table.*)

.exception_ranges
 *(.exception_ranges .exception_ranges*)

.tdata
 *(.tdata .tdata.* .gnu.linkonce.td.*)

.tbss
 *(.tbss .tbss.* .gnu.linkonce.tb.*)
 *(.tcommon)

.preinit_array  0x0000000008054f14        0x0
                0x0000000008054f14                PROVIDE (__preinit_array_start, .)
 *(.preinit_array)
                0x0000000008054f14                PROVIDE (__preinit_array_end, .)

.init_array     0x0000000008054f14        0x0
                0x0000000008054f14                PROVIDE (__init_array_start, .)
 *(SORT(.init_array.*) SORT(.ctors.*))
 *(.init_array)
 *(EXCLUDE_FILE(*crtend?.o *crtend.o *crtbegin?.o *crtbegin.o) .ctors)
                0x0000000008054f14                PROVIDE (__init_array_end, .)

.fini_array     0x0000000008054f14        0x0
                0x0000000008054f14                PROVIDE (__fini_array_start, .)
 *(SORT(.fini_array.*) SORT(.dtors.*))
 *(.fini_array)
 *(EXCLUDE_FILE(*crtend?.o *crtend.o *crtbegin?.o *crtbegin.o) .dtors)
                0x0000000008054f14                PROVIDE (__fini_array_end, .)

.ctors          0x0000000008054f14        0x8
 *crtbegin.o(.ctors)
 .ctors         0x0000000008054f14        0x4 /usr/lib/gcc/i686-linux-gnu/4.6/crtbegin.o
 *crtbegin?.o(.ctors)
 *(EXCLUDE_FILE(*crtend?.o *crtend.o) .ctors)
 *(SORT(.ctors.*))
 *(.ctors)
 .ctors         0x0000000008054f18        0x4 /usr/lib/gcc/i686-linux-gnu/4.6/crtend.o

.dtors          0x0000000008054f1c        0x8
 *crtbegin.o(.dtors)
 .dtors         0x0000000008054f1c        0x4 /usr/lib/gcc/i686-linux-gnu/4.6/crtbegin.o
 *crtbegin?.o(.dtors)
 *(EXCLUDE_FILE(*crtend?.o *crtend.o) .dtors)
 *(SORT(.dtors.*))
 *(.dtors)
 .dtors         0x0000000008054f20        0x4 /usr/lib/gcc/i686-linux-gnu/4.6/crtend.o
                0x0000000008054f20                __DTOR_END__

.jcr            0x0000000008054f24        0x4
 *(.jcr)
 .jcr           0x0000000008054f24        0x0 /usr/lib/gcc/i686-linux-gnu/4.6/crtbegin.o
 .jcr           0x0000000008054f24        0x4 /usr/lib/gcc/i686-linux-gnu/4.6/crtend.o

.data.rel.ro
 *(.data.rel.ro.local* .gnu.linkonce.d.rel.ro.local.*)
 *(.data.rel.ro* .gnu.linkonce.d.rel.ro.*)

.dynamic        0x0000000008054f28       0xc8
 *(.dynamic)
 .dynamic       0x0000000008054f28       0xc8 /usr/lib/gcc/i686-linux-gnu/4.6/../../../i386-linux-gnu/crt1.o
                0x0000000008054f28                _DYNAMIC

.got            0x0000000008054ff0        0x4
 *(.got)
 .got           0x0000000008054ff0        0x4 /usr/lib/gcc/i686-linux-gnu/4.6/../../../i386-linux-gnu/crt1.o
 *(.igot)
                0x0000000008054ff4                . = DATA_SEGMENT_RELRO_END (., 0xc)

.got.plt        0x0000000008054ff4       0x5c
 *(.got.plt)
 .got.plt       0x0000000008054ff4       0x5c /usr/lib/gcc/i686-linux-gnu/4.6/../../../i386-linux-gnu/crt1.o
                0x0000000008054ff4                _GLOBAL_OFFSET_TABLE_
 *(.igot.plt)
 .igot.plt      0x0000000000000000        0x0 /usr/lib/gcc/i686-linux-gnu/4.6/../../../i386-linux-gnu/crt1.o

.data           0x0000000008055050       0x9c
 *(.data .data.* .gnu.linkonce.d.*)
 .data          0x0000000008055050        0x4 /usr/lib/gcc/i686-linux-gnu/4.6/../../../i386-linux-gnu/crt1.o
                0x0000000008055050                data_start
                0x0000000008055050                __data_start
 .data          0x0000000008055054        0x0 /usr/lib/gcc/i686-linux-gnu/4.6/../../../i386-linux-gnu/crti.o
 .data          0x0000000008055054        0x4 /usr/lib/gcc/i686-linux-gnu/4.6/crtbegin.o
                0x0000000008055054                __dso_handle
 .data          0x0000000008055058       0x10 ts_test.co
                0x0000000008055058                ts_test
 .data          0x0000000008055068        0x0 obj_native/timestamp.o
 .data          0x0000000008055068        0x0 obj_native/sclock.o
 .data          0x0000000008055068        0x0 contiki-native.a(rtimer.o)
 .data          0x0000000008055068       0x10 contiki-native.a(contiki-main.o)
                0x0000000008055068                sensors
 .data          0x0000000008055078        0x0 contiki-native.a(clock.o)
 .data          0x0000000008055078        0x0 contiki-native.a(button-sensor.o)
 .data          0x0000000008055078        0x0 contiki-native.a(pir-sensor.o)
 .data          0x0000000008055078        0x0 contiki-native.a(vib-sensor.o)
 .data          0x0000000008055078       0x10 contiki-native.a(sensors.o)
                0x0000000008055078                sensors_process
 .data          0x0000000008055088        0x0 contiki-native.a(rtimer-arch.o)
 .data          0x0000000008055088        0x0 contiki-native.a(rimeaddr.o)
 .data          0x0000000008055088        0x0 contiki-native.a(rime.o)
 .data          0x0000000008055088        0x0 contiki-native.a(announcement.o)
 .data          0x0000000008055088        0x0 contiki-native.a(broadcast-annou)
 .data          0x0000000008055088        0x0 contiki-native.a(broadcast.o)
 .data          0x0000000008055088        0x0 contiki-native.a(abc.o)
 .data          0x0000000008055088        0x0 contiki-native.a(chameleon.o)
 .data          0x0000000008055088        0x0 contiki-native.a(channel.o)
 .data          0x0000000008055088        0x0 contiki-native.a(chameleon-bitop)
 .data          0x0000000008055088        0x0 contiki-native.a(nullmac.o)
 .data          0x0000000008055088        0x0 contiki-native.a(nullrdc.o)
 .data          0x0000000008055088        0x0 contiki-native.a(mac.o)
 .data          0x0000000008055088        0x0 contiki-native.a(framer-nullmac.)
 .data          0x0000000008055088        0x0 contiki-native.a(process.o)
 .data          0x0000000008055088        0x0 contiki-native.a(autostart.o)
 .data          0x0000000008055088       0x10 contiki-native.a(serial-line.o)
                0x0000000008055088                serial_line_process
 .data          0x0000000008055098        0x0 contiki-native.a(list.o)
 .data          0x0000000008055098       0x10 contiki-native.a(etimer.o)
                0x0000000008055098                etimer_process
 .data          0x00000000080550a8       0x10 contiki-native.a(ctimer.o)
                0x00000000080550a8                ctimer_process
 .data          0x00000000080550b8        0x0 contiki-native.a(random.o)
 .data          0x00000000080550b8        0x0 contiki-native.a(ringbuf.o)
 .data          0x00000000080550b8        0x0 contiki-native.a(netstack.o)
 .data          0x00000000080550b8        0x0 contiki-native.a(packetbuf.o)
 .data          0x00000000080550b8       0x24 contiki-native.a(queuebuf.o)
 .data          0x00000000080550dc       0x10 contiki-native.a(tcpip.o)
                0x00000000080550dc                tcpip_process
 .data          0x00000000080550ec        0x0 contiki-native.a(uip.o)
 .data          0x00000000080550ec        0x0 contiki-native.a(nullradio.o)
 .data          0x00000000080550ec        0x0 contiki-native.a(memb.o)
 .data          0x00000000080550ec        0x0 contiki-native.a(timer.o)
 .data          0x00000000080550ec        0x0 /usr/lib/i386-linux-gnu/libc_nonshared.a(elf-init.oS)
 .data          0x00000000080550ec        0x0 /usr/lib/gcc/i686-linux-gnu/4.6/crtend.o
 .data          0x00000000080550ec        0x0 /usr/lib/gcc/i686-linux-gnu/4.6/../../../i386-linux-gnu/crtn.o

.data1
 *(.data1)
                0x00000000080550ec                _edata = .
                0x00000000080550ec                PROVIDE (edata, .)
                0x00000000080550ec                __bss_start = .

.bss            0x0000000008055100     0x16b0
 *(.dynbss)
 .dynbss        0x0000000008055100       0x24 /usr/lib/gcc/i686-linux-gnu/4.6/../../../i386-linux-gnu/crt1.o
                0x0000000008055100                stderr@@GLIBC_2.0
                0x0000000008055120                stdout@@GLIBC_2.0
 *(.bss .bss.* .gnu.linkonce.b.*)
 .bss           0x0000000008055124        0x0 /usr/lib/gcc/i686-linux-gnu/4.6/../../../i386-linux-gnu/crt1.o
 .bss           0x0000000008055124        0x0 /usr/lib/gcc/i686-linux-gnu/4.6/../../../i386-linux-gnu/crti.o
 .bss           0x0000000008055124        0x8 /usr/lib/gcc/i686-linux-gnu/4.6/crtbegin.o
 .bss           0x000000000805512c       0x2a ts_test.co
 *fill*         0x0000000008055156        0x2 00
 .bss           0x0000000008055158        0x0 obj_native/timestamp.o
 .bss           0x0000000008055158        0x0 obj_native/sclock.o
 .bss           0x0000000008055158        0x4 contiki-native.a(rtimer.o)
 *fill*         0x000000000805515c        0x4 00
 .bss           0x0000000008055160       0x44 contiki-native.a(contiki-main.o)
                0x0000000008055160                contiki_argc
 .bss           0x00000000080551a4        0x0 contiki-native.a(clock.o)
 .bss           0x00000000080551a4        0x0 contiki-native.a(button-sensor.o)
 .bss           0x00000000080551a4        0x4 contiki-native.a(pir-sensor.o)
 .bss           0x00000000080551a8        0x4 contiki-native.a(vib-sensor.o)
 .bss           0x00000000080551ac        0xc contiki-native.a(sensors.o)
 .bss           0x00000000080551b8        0x0 contiki-native.a(rtimer-arch.o)
 .bss           0x00000000080551b8        0x0 contiki-native.a(rimeaddr.o)
 .bss           0x00000000080551b8        0x4 contiki-native.a(rime.o)
 .bss           0x00000000080551bc        0xc contiki-native.a(announcement.o)
 *fill*         0x00000000080551c8       0x18 00
 .bss           0x00000000080551e0       0x70 contiki-native.a(broadcast-annou)
 .bss           0x0000000008055250        0x0 contiki-native.a(broadcast.o)
 .bss           0x0000000008055250        0x0 contiki-native.a(abc.o)
 .bss           0x0000000008055250        0x0 contiki-native.a(chameleon.o)
 .bss           0x0000000008055250        0x4 contiki-native.a(channel.o)
 .bss           0x0000000008055254        0x0 contiki-native.a(chameleon-bitop)
 .bss           0x0000000008055254        0x0 contiki-native.a(nullmac.o)
 .bss           0x0000000008055254        0x0 contiki-native.a(nullrdc.o)
 .bss           0x0000000008055254        0x0 contiki-native.a(mac.o)
 .bss           0x0000000008055254        0x0 contiki-native.a(framer-nullmac.)
 *fill*         0x0000000008055254        0xc 00
 .bss           0x0000000008055260      0x1b1 contiki-native.a(process.o)
                0x0000000008055260                process_current
                0x0000000008055264                process_list
 *fill*         0x0000000008055411        0x3 00
 .bss           0x0000000008055414        0x0 contiki-native.a(autostart.o)
 *fill*         0x0000000008055414        0xc 00
 .bss           0x0000000008055420      0x120 contiki-native.a(serial-line.o)
 .bss           0x0000000008055540        0x0 contiki-native.a(list.o)
 .bss           0x0000000008055540        0x8 contiki-native.a(etimer.o)
 .bss           0x0000000008055548        0x8 contiki-native.a(ctimer.o)
 .bss           0x0000000008055550        0x0 contiki-native.a(random.o)
 .bss           0x0000000008055550        0x0 contiki-native.a(ringbuf.o)
 .bss           0x0000000008055550        0x0 contiki-native.a(netstack.o)
 *fill*         0x0000000008055550       0x10 00
 .bss           0x0000000008055560       0xd2 contiki-native.a(packetbuf.o)
 *fill*         0x0000000008055632        0xe 00
 .bss           0x0000000008055640      0x6b8 contiki-native.a(queuebuf.o)
 *fill*         0x0000000008055cf8        0x8 00
 .bss           0x0000000008055d00      0x178 contiki-native.a(tcpip.o)
 .bss           0x0000000008055e78       0x13 contiki-native.a(uip.o)
                0x0000000008055e78                uip_lladdr
 *fill*         0x0000000008055e8b        0x1 00
 .bss           0x0000000008055e8c        0x0 contiki-native.a(nullradio.o)
 .bss           0x0000000008055e8c        0x0 contiki-native.a(memb.o)
 .bss           0x0000000008055e8c        0x0 contiki-native.a(timer.o)
 .bss           0x0000000008055e8c        0x0 /usr/lib/i386-linux-gnu/libc_nonshared.a(elf-init.oS)
 .bss           0x0000000008055e8c        0x0 /usr/lib/gcc/i686-linux-gnu/4.6/crtend.o
 .bss           0x0000000008055e8c        0x0 /usr/lib/gcc/i686-linux-gnu/4.6/../../../i386-linux-gnu/crtn.o
 *(COMMON)
 COMMON         0x0000000008055e8c        0x8 contiki-native.a(contiki-main.o)
                0x0000000008055e8c                contiki_argv
                0x0000000008055e90                sensors_flags
 COMMON         0x0000000008055e94        0x1 contiki-native.a(sensors.o)
                0x0000000008055e94                sensors_event
 COMMON         0x0000000008055e95        0x2 contiki-native.a(rimeaddr.o)
                0x0000000008055e95                rimeaddr_node_addr
 COMMON         0x0000000008055e97        0x1 contiki-native.a(serial-line.o)
                0x0000000008055e97                serial_line_event_message
 *fill*         0x0000000008055e98        0x8 00
 COMMON         0x0000000008055ea0       0x38 contiki-native.a(packetbuf.o)
                0x0000000008055ea0                packetbuf_attrs
                0x0000000008055ed0                packetbuf_addrs
 COMMON         0x0000000008055ed8        0x1 contiki-native.a(tcpip.o)
                0x0000000008055ed8                tcpip_event
 *fill*         0x0000000008055ed9        0x7 00
 COMMON         0x0000000008055ee0      0x8d0 contiki-native.a(uip.o)
                0x0000000008055ee0                uip_draddr
                0x0000000008055ee4                uip_slen
                0x0000000008055ee6                uip_acc32
                0x0000000008055f00                uip_conns
                0x00000000080564a0                uip_netmask
                0x00000000080564a4                uip_hostaddr
                0x00000000080564a8                uip_appdata
                0x00000000080564ac                uip_flags
                0x00000000080564c0                uip_aligned_buf
                0x0000000008056680                uip_listenports
                0x00000000080566d0                uip_len
                0x00000000080566d4                uip_sappdata
                0x00000000080566e0                uip_udp_conns
                0x00000000080567a8                uip_udp_conn
                0x00000000080567ac                uip_conn
                0x00000000080567b0                . = ALIGN ((. != 0x0)?0x4:0x1)
                0x00000000080567b0                . = ALIGN (0x4)
                0x00000000080567b0                . = ALIGN (0x4)
                0x00000000080567b0                _end = .
                0x00000000080567b0                PROVIDE (end, .)
                0x00000000080567b0                . = DATA_SEGMENT_END (.)

.stab
 *(.stab)

.stabstr
 *(.stabstr)

.stab.excl
 *(.stab.excl)

.stab.exclstr
 *(.stab.exclstr)

.stab.index
 *(.stab.index)

.stab.indexstr
 *(.stab.indexstr)

.comment        0x0000000000000000       0x2a
 *(.comment)
 .comment       0x0000000000000000       0x2a /usr/lib/gcc/i686-linux-gnu/4.6/crtbegin.o
                                         0x2b (size before relaxing)
 .comment       0x0000000000000000       0x2b ts_test.co
 .comment       0x0000000000000000       0x2b obj_native/timestamp.o
 .comment       0x0000000000000000       0x2b obj_native/sclock.o
 .comment       0x0000000000000000       0x2b contiki-native.a(rtimer.o)
 .comment       0x0000000000000000       0x2b contiki-native.a(contiki-main.o)
 .comment       0x0000000000000000       0x2b contiki-native.a(clock.o)
 .comment       0x0000000000000000       0x2b contiki-native.a(button-sensor.o)
 .comment       0x0000000000000000       0x2b contiki-native.a(pir-sensor.o)
 .comment       0x0000000000000000       0x2b contiki-native.a(vib-sensor.o)
 .comment       0x0000000000000000       0x2b contiki-native.a(sensors.o)
 .comment       0x0000000000000000       0x2b contiki-native.a(rtimer-arch.o)
 .comment       0x0000000000000000       0x2b contiki-native.a(rimeaddr.o)
 .comment       0x0000000000000000       0x2b contiki-native.a(rime.o)
 .comment       0x0000000000000000       0x2b contiki-native.a(announcement.o)
 .comment       0x0000000000000000       0x2b contiki-native.a(broadcast-annou)
 .comment       0x0000000000000000       0x2b contiki-native.a(broadcast.o)
 .comment       0x0000000000000000       0x2b contiki-native.a(abc.o)
 .comment       0x0000000000000000       0x2b contiki-native.a(chameleon.o)
 .comment       0x0000000000000000       0x2b contiki-native.a(channel.o)
 .comment       0x0000000000000000       0x2b contiki-native.a(chameleon-bitop)
 .comment       0x0000000000000000       0x2b contiki-native.a(nullmac.o)
 .comment       0x0000000000000000       0x2b contiki-native.a(nullrdc.o)
 .comment       0x0000000000000000       0x2b contiki-native.a(mac.o)
 .comment       0x0000000000000000       0x2b contiki-native.a(framer-nullmac.)
 .comment       0x0000000000000000       0x2b contiki-native.a(process.o)
 .comment       0x0000000000000000       0x2b contiki-native.a(autostart.o)
 .comment       0x0000000000000000       0x2b contiki-native.a(serial-line.o)
 .comment       0x0000000000000000       0x2b contiki-native.a(list.o)
 .comment       0x0000000000000000       0x2b contiki-native.a(etimer.o)
 .comment       0x0000000000000000       0x2b contiki-native.a(ctimer.o)
 .comment       0x0000000000000000       0x2b contiki-native.a(random.o)
 .comment       0x0000000000000000       0x2b contiki-native.a(ringbuf.o)
 .comment       0x0000000000000000       0x2b contiki-native.a(netstack.o)
 .comment       0x0000000000000000       0x2b contiki-native.a(packetbuf.o)
 .comment       0x0000000000000000       0x2b contiki-native.a(queuebuf.o)
 .comment       0x0000000000000000       0x2b contiki-native.a(tcpip.o)
 .comment       0x0000000000000000       0x2b contiki-native.a(uip.o)
 .comment       0x0000000000000000       0x2b contiki-native.a(nullradio.o)
 .comment       0x0000000000000000       0x2b contiki-native.a(memb.o)
 .comment       0x0000000000000000       0x2b contiki-native.a(timer.o)
 .comment       0x0000000000000000       0x2b /usr/lib/i386-linux-gnu/libc_nonshared.a(elf-init.oS)
 .comment       0x0000000000000000       0x2b /usr/lib/gcc/i686-linux-gnu/4.6/crtend.o

.debug
 *(.debug)

.line
 *(.line)

.debug_srcinfo
 *(.debug_srcinfo)

.debug_sfnames
 *(.debug_sfnames)

.debug_aranges  0x0000000000000000      0x500
 *(.debug_aranges)
 .debug_aranges
                0x0000000000000000       0x20 ts_test.co
 .debug_aranges
                0x0000000000000020       0x20 obj_native/timestamp.o
 .debug_aranges
                0x0000000000000040       0x20 obj_native/sclock.o
 .debug_aranges
                0x0000000000000060       0x20 contiki-native.a(rtimer.o)
 .debug_aranges
                0x0000000000000080       0x20 contiki-native.a(contiki-main.o)
 .debug_aranges
                0x00000000000000a0       0x20 contiki-native.a(clock.o)
 .debug_aranges
                0x00000000000000c0       0x20 contiki-native.a(button-sensor.o)
 .debug_aranges
                0x00000000000000e0       0x20 contiki-native.a(pir-sensor.o)
 .debug_aranges
                0x0000000000000100       0x20 contiki-native.a(vib-sensor.o)
 .debug_aranges
                0x0000000000000120       0x20 contiki-native.a(sensors.o)
 .debug_aranges
                0x0000000000000140       0x20 contiki-native.a(rtimer-arch.o)
 .debug_aranges
                0x0000000000000160       0x20 contiki-native.a(rimeaddr.o)
 .debug_aranges
                0x0000000000000180       0x20 contiki-native.a(rime.o)
 .debug_aranges
                0x00000000000001a0       0x20 contiki-native.a(announcement.o)
 .debug_aranges
                0x00000000000001c0       0x20 contiki-native.a(broadcast-annou)
 .debug_aranges
                0x00000000000001e0       0x20 contiki-native.a(broadcast.o)
 .debug_aranges
                0x0000000000000200       0x20 contiki-native.a(abc.o)
 .debug_aranges
                0x0000000000000220       0x20 contiki-native.a(chameleon.o)
 .debug_aranges
                0x0000000000000240       0x20 contiki-native.a(channel.o)
 .debug_aranges
                0x0000000000000260       0x20 contiki-native.a(chameleon-bitop)
 .debug_aranges
                0x0000000000000280       0x20 contiki-native.a(nullmac.o)
 .debug_aranges
                0x00000000000002a0       0x20 contiki-native.a(nullrdc.o)
 .debug_aranges
                0x00000000000002c0       0x20 contiki-native.a(mac.o)
 .debug_aranges
                0x00000000000002e0       0x20 contiki-native.a(framer-nullmac.)
 .debug_aranges
                0x0000000000000300       0x20 contiki-native.a(process.o)
 .debug_aranges
                0x0000000000000320       0x20 contiki-native.a(autostart.o)
 .debug_aranges
                0x0000000000000340       0x20 contiki-native.a(serial-line.o)
 .debug_aranges
                0x0000000000000360       0x20 contiki-native.a(list.o)
 .debug_aranges
                0x0000000000000380       0x20 contiki-native.a(etimer.o)
 .debug_aranges
                0x00000000000003a0       0x20 contiki-native.a(ctimer.o)
 .debug_aranges
                0x00000000000003c0       0x20 contiki-native.a(random.o)
 .debug_aranges
                0x00000000000003e0       0x20 contiki-native.a(ringbuf.o)
 .debug_aranges
                0x0000000000000400       0x20 contiki-native.a(netstack.o)
 .debug_aranges
                0x0000000000000420       0x20 contiki-native.a(packetbuf.o)
 .debug_aranges
                0x0000000000000440       0x20 contiki-native.a(queuebuf.o)
 .debug_aranges
                0x0000000000000460       0x20 contiki-native.a(tcpip.o)
 .debug_aranges
                0x0000000000000480       0x20 contiki-native.a(uip.o)
 .debug_aranges
                0x00000000000004a0       0x20 contiki-native.a(nullradio.o)
 .debug_aranges
                0x00000000000004c0       0x20 contiki-native.a(memb.o)
 .debug_aranges
                0x00000000000004e0       0x20 contiki-native.a(timer.o)

.debug_pubnames
 *(.debug_pubnames)

.debug_info     0x0000000000000000     0xb3b9
 *(.debug_info .gnu.linkonce.wi.*)
 .debug_info    0x0000000000000000      0x68c ts_test.co
 .debug_info    0x000000000000068c      0x720 obj_native/timestamp.o
 .debug_info    0x0000000000000dac      0x5ec obj_native/sclock.o
 .debug_info    0x0000000000001398      0x1c0 contiki-native.a(rtimer.o)
 .debug_info    0x0000000000001558      0xcf2 contiki-native.a(contiki-main.o)
 .debug_info    0x000000000000224a      0x134 contiki-native.a(clock.o)
 .debug_info    0x000000000000237e      0x1a7 contiki-native.a(button-sensor.o)
 .debug_info    0x0000000000002525      0x1c9 contiki-native.a(pir-sensor.o)
 .debug_info    0x00000000000026ee      0x1b6 contiki-native.a(vib-sensor.o)
 .debug_info    0x00000000000028a4      0x3a9 contiki-native.a(sensors.o)
 .debug_info    0x0000000000002c4d      0x17e contiki-native.a(rtimer-arch.o)
 .debug_info    0x0000000000002dcb      0x1b4 contiki-native.a(rimeaddr.o)
 .debug_info    0x0000000000002f7f      0x423 contiki-native.a(rime.o)
 .debug_info    0x00000000000033a2      0x3e5 contiki-native.a(announcement.o)
 .debug_info    0x0000000000003787      0x828 contiki-native.a(broadcast-annou)
 .debug_info    0x0000000000003faf      0x493 contiki-native.a(broadcast.o)
 .debug_info    0x0000000000004442      0x3a2 contiki-native.a(abc.o)
 .debug_info    0x00000000000047e4      0x568 contiki-native.a(chameleon.o)
 .debug_info    0x0000000000004d4c      0x231 contiki-native.a(channel.o)
 .debug_info    0x0000000000004f7d      0x681 contiki-native.a(chameleon-bitop)
 .debug_info    0x00000000000055fe      0x365 contiki-native.a(nullmac.o)
 .debug_info    0x0000000000005963      0x6c5 contiki-native.a(nullrdc.o)
 .debug_info    0x0000000000006028      0x117 contiki-native.a(mac.o)
 .debug_info    0x000000000000613f      0x239 contiki-native.a(framer-nullmac.)
 .debug_info    0x0000000000006378      0x7ab contiki-native.a(process.o)
 .debug_info    0x0000000000006b23      0x1be contiki-native.a(autostart.o)
 .debug_info    0x0000000000006ce1      0x2ff contiki-native.a(serial-line.o)
 .debug_info    0x0000000000006fe0      0x31c contiki-native.a(list.o)
 .debug_info    0x00000000000072fc      0x4b9 contiki-native.a(etimer.o)
 .debug_info    0x00000000000077b5      0x467 contiki-native.a(ctimer.o)
 .debug_info    0x0000000000007c1c       0xb4 contiki-native.a(random.o)
 .debug_info    0x0000000000007cd0      0x1cb contiki-native.a(ringbuf.o)
 .debug_info    0x0000000000007e9b      0x3bd contiki-native.a(netstack.o)
 .debug_info    0x0000000000008258      0x705 contiki-native.a(packetbuf.o)
 .debug_info    0x000000000000895d      0x6bf contiki-native.a(queuebuf.o)
 .debug_info    0x000000000000901c      0xee0 contiki-native.a(tcpip.o)
 .debug_info    0x0000000000009efc      0xe86 contiki-native.a(uip.o)
 .debug_info    0x000000000000ad82      0x2c1 contiki-native.a(nullradio.o)
 .debug_info    0x000000000000b043      0x1eb contiki-native.a(memb.o)
 .debug_info    0x000000000000b22e      0x18b contiki-native.a(timer.o)

.debug_abbrev   0x0000000000000000     0x3d69
 *(.debug_abbrev)
 .debug_abbrev  0x0000000000000000      0x1e4 ts_test.co
 .debug_abbrev  0x00000000000001e4      0x209 obj_native/timestamp.o
 .debug_abbrev  0x00000000000003ed      0x14b obj_native/sclock.o
 .debug_abbrev  0x0000000000000538      0x12a contiki-native.a(rtimer.o)
 .debug_abbrev  0x0000000000000662      0x32e contiki-native.a(contiki-main.o)
 .debug_abbrev  0x0000000000000990       0xa1 contiki-native.a(clock.o)
 .debug_abbrev  0x0000000000000a31       0xb6 contiki-native.a(button-sensor.o)
 .debug_abbrev  0x0000000000000ae7       0xd6 contiki-native.a(pir-sensor.o)
 .debug_abbrev  0x0000000000000bbd       0xd4 contiki-native.a(vib-sensor.o)
 .debug_abbrev  0x0000000000000c91      0x208 contiki-native.a(sensors.o)
 .debug_abbrev  0x0000000000000e99       0xd9 contiki-native.a(rtimer-arch.o)
 .debug_abbrev  0x0000000000000f72      0x119 contiki-native.a(rimeaddr.o)
 .debug_abbrev  0x000000000000108b      0x1ae contiki-native.a(rime.o)
 .debug_abbrev  0x0000000000001239      0x172 contiki-native.a(announcement.o)
 .debug_abbrev  0x00000000000013ab      0x21e contiki-native.a(broadcast-annou)
 .debug_abbrev  0x00000000000015c9      0x185 contiki-native.a(broadcast.o)
 .debug_abbrev  0x000000000000174e      0x145 contiki-native.a(abc.o)
 .debug_abbrev  0x0000000000001893      0x153 contiki-native.a(chameleon.o)
 .debug_abbrev  0x00000000000019e6      0x11a contiki-native.a(channel.o)
 .debug_abbrev  0x0000000000001b00      0x279 contiki-native.a(chameleon-bitop)
 .debug_abbrev  0x0000000000001d79      0x16b contiki-native.a(nullmac.o)
 .debug_abbrev  0x0000000000001ee4      0x233 contiki-native.a(nullrdc.o)
 .debug_abbrev  0x0000000000002117       0xa0 contiki-native.a(mac.o)
 .debug_abbrev  0x00000000000021b7       0xf8 contiki-native.a(framer-nullmac.)
 .debug_abbrev  0x00000000000022af      0x2c0 contiki-native.a(process.o)
 .debug_abbrev  0x000000000000256f       0xf5 contiki-native.a(autostart.o)
 .debug_abbrev  0x0000000000002664      0x1a5 contiki-native.a(serial-line.o)
 .debug_abbrev  0x0000000000002809      0x142 contiki-native.a(list.o)
 .debug_abbrev  0x000000000000294b      0x1ee contiki-native.a(etimer.o)
 .debug_abbrev  0x0000000000002b39      0x1a4 contiki-native.a(ctimer.o)
 .debug_abbrev  0x0000000000002cdd       0x67 contiki-native.a(random.o)
 .debug_abbrev  0x0000000000002d44       0xeb contiki-native.a(ringbuf.o)
 .debug_abbrev  0x0000000000002e2f       0xda contiki-native.a(netstack.o)
 .debug_abbrev  0x0000000000002f09      0x295 contiki-native.a(packetbuf.o)
 .debug_abbrev  0x000000000000319e      0x206 contiki-native.a(queuebuf.o)
 .debug_abbrev  0x00000000000033a4      0x3c9 contiki-native.a(tcpip.o)
 .debug_abbrev  0x000000000000376d      0x2dc contiki-native.a(uip.o)
 .debug_abbrev  0x0000000000003a49      0x12b contiki-native.a(nullradio.o)
 .debug_abbrev  0x0000000000003b74      0x10c contiki-native.a(memb.o)
 .debug_abbrev  0x0000000000003c80       0xe9 contiki-native.a(timer.o)

.debug_line     0x0000000000000000     0x32b1
 *(.debug_line)
 .debug_line    0x0000000000000000      0x19b ts_test.co
 .debug_line    0x000000000000019b      0x2b0 obj_native/timestamp.o
 .debug_line    0x000000000000044b      0x138 obj_native/sclock.o
 .debug_line    0x0000000000000583       0x78 contiki-native.a(rtimer.o)
 .debug_line    0x00000000000005fb      0x376 contiki-native.a(contiki-main.o)
 .debug_line    0x0000000000000971       0xa2 contiki-native.a(clock.o)
 .debug_line    0x0000000000000a13       0x81 contiki-native.a(button-sensor.o)
 .debug_line    0x0000000000000a94       0x7f contiki-native.a(pir-sensor.o)
 .debug_line    0x0000000000000b13       0x7f contiki-native.a(vib-sensor.o)
 .debug_line    0x0000000000000b92      0x127 contiki-native.a(sensors.o)
 .debug_line    0x0000000000000cb9       0xdf contiki-native.a(rtimer-arch.o)
 .debug_line    0x0000000000000d98       0xe7 contiki-native.a(rimeaddr.o)
 .debug_line    0x0000000000000e7f      0x130 contiki-native.a(rime.o)
 .debug_line    0x0000000000000faf       0xf7 contiki-native.a(announcement.o)
 .debug_line    0x00000000000010a6      0x257 contiki-native.a(broadcast-annou)
 .debug_line    0x00000000000012fd       0xee contiki-native.a(broadcast.o)
 .debug_line    0x00000000000013eb       0xc3 contiki-native.a(abc.o)
 .debug_line    0x00000000000014ae      0x144 contiki-native.a(chameleon.o)
 .debug_line    0x00000000000015f2       0xdd contiki-native.a(channel.o)
 .debug_line    0x00000000000016cf      0x240 contiki-native.a(chameleon-bitop)
 .debug_line    0x000000000000190f       0xa2 contiki-native.a(nullmac.o)
 .debug_line    0x00000000000019b1      0x166 contiki-native.a(nullrdc.o)
 .debug_line    0x0000000000001b17       0x6c contiki-native.a(mac.o)
 .debug_line    0x0000000000001b83       0xd5 contiki-native.a(framer-nullmac.)
 .debug_line    0x0000000000001c58      0x1c2 contiki-native.a(process.o)
 .debug_line    0x0000000000001e1a       0x99 contiki-native.a(autostart.o)
 .debug_line    0x0000000000001eb3       0xf5 contiki-native.a(serial-line.o)
 .debug_line    0x0000000000001fa8       0xe7 contiki-native.a(list.o)
 .debug_line    0x000000000000208f      0x157 contiki-native.a(etimer.o)
 .debug_line    0x00000000000021e6      0x143 contiki-native.a(ctimer.o)
 .debug_line    0x0000000000002329       0x4c contiki-native.a(random.o)
 .debug_line    0x0000000000002375       0xa0 contiki-native.a(ringbuf.o)
 .debug_line    0x0000000000002415       0xb0 contiki-native.a(netstack.o)
 .debug_line    0x00000000000024c5      0x229 contiki-native.a(packetbuf.o)
 .debug_line    0x00000000000026ee      0x18e contiki-native.a(queuebuf.o)
 .debug_line    0x000000000000287c      0x285 contiki-native.a(tcpip.o)
 .debug_line    0x0000000000002b01      0x572 contiki-native.a(uip.o)
 .debug_line    0x0000000000003073       0x78 contiki-native.a(nullradio.o)
 .debug_line    0x00000000000030eb      0x121 contiki-native.a(memb.o)
 .debug_line    0x000000000000320c       0xa5 contiki-native.a(timer.o)

.debug_frame
 *(.debug_frame)

.debug_str      0x0000000000000000     0x25c0
 *(.debug_str)
 .debug_str     0x0000000000000000      0x2f6 ts_test.co
                                        0x3a0 (size before relaxing)
 .debug_str     0x00000000000002f6      0x118 obj_native/timestamp.o
                                        0x3aa (size before relaxing)
 .debug_str     0x000000000000040e       0x7a obj_native/sclock.o
                                        0x34f (size before relaxing)
 .debug_str     0x0000000000000488       0x87 contiki-native.a(rtimer.o)
                                        0x193 (size before relaxing)
 .debug_str     0x000000000000050f      0x265 contiki-native.a(contiki-main.o)
                                        0x5c3 (size before relaxing)
 .debug_str     0x0000000000000774       0x52 contiki-native.a(clock.o)
                                        0x140 (size before relaxing)
 .debug_str     0x00000000000007c6       0x37 contiki-native.a(button-sensor.o)
                                        0x130 (size before relaxing)
 .debug_str     0x00000000000007fd       0x4d contiki-native.a(pir-sensor.o)
                                        0x143 (size before relaxing)
 .debug_str     0x000000000000084a       0x3a contiki-native.a(vib-sensor.o)
                                        0x130 (size before relaxing)
 .debug_str     0x0000000000000884       0xa2 contiki-native.a(sensors.o)
                                        0x22c (size before relaxing)
 .debug_str     0x0000000000000926       0xa6 contiki-native.a(rtimer-arch.o)
                                        0x1a3 (size before relaxing)
 .debug_str     0x00000000000009cc       0x8b contiki-native.a(rimeaddr.o)
                                        0x16f (size before relaxing)
 .debug_str     0x0000000000000a57      0x116 contiki-native.a(rime.o)
                                        0x285 (size before relaxing)
 .debug_str     0x0000000000000b6d      0x19f contiki-native.a(announcement.o)
                                        0x2e1 (size before relaxing)
 .debug_str     0x0000000000000d0c      0x1d4 contiki-native.a(broadcast-annou)
                                        0x401 (size before relaxing)
 .debug_str     0x0000000000000ee0      0x345 contiki-native.a(broadcast.o)
                                        0x4d1 (size before relaxing)
 .debug_str     0x0000000000001225       0x49 contiki-native.a(abc.o)
                                        0x46a (size before relaxing)
 .debug_str     0x000000000000126e       0x84 contiki-native.a(chameleon.o)
                                        0x5fc (size before relaxing)
 .debug_str     0x00000000000012f2       0x8b contiki-native.a(channel.o)
                                        0x1a3 (size before relaxing)
 .debug_str     0x000000000000137d       0xd5 contiki-native.a(chameleon-bitop)
                                        0x533 (size before relaxing)
 .debug_str     0x0000000000001452       0x44 contiki-native.a(nullmac.o)
                                        0x1b8 (size before relaxing)
 .debug_str     0x0000000000001496      0x107 contiki-native.a(nullrdc.o)
                                        0x603 (size before relaxing)
 .debug_str     0x000000000000159d       0x30 contiki-native.a(mac.o)
                                        0x166 (size before relaxing)
 .debug_str     0x00000000000015cd       0x39 contiki-native.a(framer-nullmac.)
                                        0x40d (size before relaxing)
 .debug_str     0x0000000000001606      0x15d contiki-native.a(process.o)
                                        0x415 (size before relaxing)
 .debug_str     0x0000000000001763       0x3a contiki-native.a(autostart.o)
                                        0x151 (size before relaxing)
 .debug_str     0x000000000000179d       0xab contiki-native.a(serial-line.o)
                                        0x210 (size before relaxing)
 .debug_str     0x0000000000001848       0xa8 contiki-native.a(list.o)
                                         0xfa (size before relaxing)
 .debug_str     0x00000000000018f0      0x133 contiki-native.a(etimer.o)
                                        0x2a6 (size before relaxing)
 .debug_str     0x0000000000001a23       0xb9 contiki-native.a(ctimer.o)
                                        0x23a (size before relaxing)
 .debug_str     0x0000000000001adc       0x35 contiki-native.a(random.o)
                                         0xf5 (size before relaxing)
 .debug_str     0x0000000000001b11       0x5c contiki-native.a(ringbuf.o)
                                        0x153 (size before relaxing)
 .debug_str     0x0000000000001b6d       0x28 contiki-native.a(netstack.o)
                                        0x1f9 (size before relaxing)
 .debug_str     0x0000000000001b95      0x243 contiki-native.a(packetbuf.o)
                                        0x663 (size before relaxing)
 .debug_str     0x0000000000001dd8      0x18a contiki-native.a(queuebuf.o)
                                        0x5e6 (size before relaxing)
 .debug_str     0x0000000000001f62      0x2cc contiki-native.a(tcpip.o)
                                        0x63e (size before relaxing)
 .debug_str     0x000000000000222e      0x2e9 contiki-native.a(uip.o)
                                        0x600 (size before relaxing)
 .debug_str     0x0000000000002517       0x3c contiki-native.a(nullradio.o)
                                        0x135 (size before relaxing)
 .debug_str     0x0000000000002553       0x46 contiki-native.a(memb.o)
                                        0x136 (size before relaxing)
 .debug_str     0x0000000000002599       0x27 contiki-native.a(timer.o)
                                        0x140 (size before relaxing)

.debug_loc      0x0000000000000000     0x46ef
 *(.debug_loc)
 .debug_loc     0x0000000000000000      0x107 ts_test.co
 .debug_loc     0x0000000000000107      0x5ec obj_native/timestamp.o
 .debug_loc     0x00000000000006f3      0x1ed obj_native/sclock.o
 .debug_loc     0x00000000000008e0       0xc2 contiki-native.a(rtimer.o)
 .debug_loc     0x00000000000009a2      0x224 contiki-native.a(contiki-main.o)
 .debug_loc     0x0000000000000bc6       0x70 contiki-native.a(clock.o)
 .debug_loc     0x0000000000000c36       0x2c contiki-native.a(button-sensor.o)
 .debug_loc     0x0000000000000c62       0x2c contiki-native.a(pir-sensor.o)
 .debug_loc     0x0000000000000c8e       0x2c contiki-native.a(vib-sensor.o)
 .debug_loc     0x0000000000000cba      0x1da contiki-native.a(sensors.o)
 .debug_loc     0x0000000000000e94       0xaf contiki-native.a(rtimer-arch.o)
 .debug_loc     0x0000000000000f43       0x58 contiki-native.a(rimeaddr.o)
 .debug_loc     0x0000000000000f9b      0x206 contiki-native.a(rime.o)
 .debug_loc     0x00000000000011a1      0x237 contiki-native.a(announcement.o)
 .debug_loc     0x00000000000013d8      0x291 contiki-native.a(broadcast-annou)
 .debug_loc     0x0000000000001669       0xf4 contiki-native.a(broadcast.o)
 .debug_loc     0x000000000000175d       0xdc contiki-native.a(abc.o)
 .debug_loc     0x0000000000001839      0x11b contiki-native.a(chameleon.o)
 .debug_loc     0x0000000000001954      0x130 contiki-native.a(channel.o)
 .debug_loc     0x0000000000001a84      0x552 contiki-native.a(chameleon-bitop)
 .debug_loc     0x0000000000001fd6       0xb0 contiki-native.a(nullmac.o)
 .debug_loc     0x0000000000002086      0x27f contiki-native.a(nullrdc.o)
 .debug_loc     0x0000000000002305       0x2c contiki-native.a(mac.o)
 .debug_loc     0x0000000000002331       0xc4 contiki-native.a(framer-nullmac.)
 .debug_loc     0x00000000000023f5      0x3e9 contiki-native.a(process.o)
 .debug_loc     0x00000000000027de       0xb0 contiki-native.a(autostart.o)
 .debug_loc     0x000000000000288e      0x10a contiki-native.a(serial-line.o)
 .debug_loc     0x0000000000002998      0x1a5 contiki-native.a(list.o)
 .debug_loc     0x0000000000002b3d      0x3e4 contiki-native.a(etimer.o)
 .debug_loc     0x0000000000002f21      0x282 contiki-native.a(ctimer.o)
 .debug_loc     0x00000000000031a3       0x58 contiki-native.a(random.o)
 .debug_loc     0x00000000000031fb       0x6b contiki-native.a(ringbuf.o)
 .debug_loc     0x0000000000003266       0x2c contiki-native.a(netstack.o)
 .debug_loc     0x0000000000003292      0x328 contiki-native.a(packetbuf.o)
 .debug_loc     0x00000000000035ba      0x330 contiki-native.a(queuebuf.o)
 .debug_loc     0x00000000000038ea      0x520 contiki-native.a(tcpip.o)
 .debug_loc     0x0000000000003e0a      0x5ad contiki-native.a(uip.o)
 .debug_loc     0x00000000000043b7       0x2c contiki-native.a(nullradio.o)
 .debug_loc     0x00000000000043e3      0x1f8 contiki-native.a(memb.o)
 .debug_loc     0x00000000000045db      0x114 contiki-native.a(timer.o)

.debug_macinfo
 *(.debug_macinfo)

.debug_weaknames
 *(.debug_weaknames)

.debug_funcnames
 *(.debug_funcnames)

.debug_typenames
 *(.debug_typenames)

.debug_varnames
 *(.debug_varnames)

.debug_pubtypes
 *(.debug_pubtypes)

.debug_ranges   0x0000000000000000       0x48
 *(.debug_ranges)
 .debug_ranges  0x0000000000000000       0x18 contiki-native.a(contiki-main.o)
 .debug_ranges  0x0000000000000018       0x18 contiki-native.a(chameleon-bitop)
 .debug_ranges  0x0000000000000030       0x18 contiki-native.a(packetbuf.o)

.gnu.attributes
 *(.gnu.attributes)

/DISCARD/
 *(.note.GNU-stack)
 *(.gnu_debuglink)
 *(.gnu.lto_*)
OUTPUT(ts_test.native elf32-i386)
