Archive member included because of file (symbol)

contiki-micaz.a(abc.o)        sync_main.co (abc_close)
contiki-micaz.a(channel.o)    contiki-micaz.a(abc.o) (channel_close)
contiki-micaz.a(list.o)       contiki-micaz.a(channel.o) (list_init)
contiki-micaz.a(rtimer.o)     obj_micaz/sclock.o (rtimer_set)
contiki-micaz.a(packetbuf.o)  sync_main.co (packetbuf_dataptr)
contiki-micaz.a(contiki-micaz-m)
                              /usr/bin/../lib/gcc/avr/4.1.2/../../../../avr/lib/avr5/crtm128.o (main)
contiki-micaz.a(init-net.o)   contiki-micaz.a(contiki-micaz-m) (init_net)
contiki-micaz.a(node-id.o)    contiki-micaz.a(contiki-micaz-m) (node_id_restore)
contiki-micaz.a(clock.o)      contiki-micaz.a(contiki-micaz-m) (clock_init)
contiki-micaz.a(rtimer-arch.o)
                              contiki-micaz.a(rtimer.o) (rtimer_arch_init)
contiki-micaz.a(ds2401.o)     contiki-micaz.a(contiki-micaz-m) (ds2401_init)
contiki-micaz.a(eeprom.o)     contiki-micaz.a(node-id.o) (eeprom_read)
contiki-micaz.a(leds.o)       contiki-micaz.a(contiki-micaz-m) (leds_off)
contiki-micaz.a(rimeaddr.o)   contiki-micaz.a(packetbuf.o) (rimeaddr_copy)
contiki-micaz.a(rime.o)       contiki-micaz.a(abc.o) (rime_output)
contiki-micaz.a(announcement.o)
                              contiki-micaz.a(rime.o) (announcement_init)
contiki-micaz.a(broadcast-annou)
                              contiki-micaz.a(rime.o) (broadcast_announcement_init)
contiki-micaz.a(broadcast.o)  contiki-micaz.a(broadcast-annou) (broadcast_send)
contiki-micaz.a(chameleon.o)  contiki-micaz.a(rime.o) (chameleon_create)
contiki-micaz.a(chameleon-bitop)
                              contiki-micaz.a(chameleon.o) (chameleon_bitopt)
contiki-micaz.a(nullrdc.o)    contiki-micaz.a(init-net.o) (nullrdc_driver)
contiki-micaz.a(mac.o)        contiki-micaz.a(nullrdc.o) (mac_call_sent_callback)
contiki-micaz.a(framer-802154.o)
                              contiki-micaz.a(nullrdc.o) (framer_802154)
contiki-micaz.a(csma.o)       contiki-micaz.a(init-net.o) (csma_driver)
contiki-micaz.a(process.o)    contiki-micaz.a(contiki-micaz-m) (process_init)
contiki-micaz.a(autostart.o)  contiki-micaz.a(contiki-micaz-m) (autostart_start)
contiki-micaz.a(memb.o)       contiki-micaz.a(csma.o) (memb_alloc)
contiki-micaz.a(etimer.o)     contiki-micaz.a(clock.o) (etimer_pending)
contiki-micaz.a(ctimer.o)     contiki-micaz.a(broadcast-annou) (ctimer_stop)
contiki-micaz.a(random.o)     contiki-micaz.a(broadcast-annou) (random_rand)
contiki-micaz.a(queuebuf.o)   contiki-micaz.a(nullrdc.o) (queuebuf_to_packetbuf)
contiki-micaz.a(rs232.o)      contiki-micaz.a(contiki-micaz-m) (rs232_init)
contiki-micaz.a(leds-arch.o)  contiki-micaz.a(leds.o) (leds_arch_init)
contiki-micaz.a(cc2420.o)     contiki-micaz.a(init-net.o) (cc2420_set_pan_addr)
contiki-micaz.a(cc2420-arch.o)
                              contiki-micaz.a(cc2420.o) (cc2420_arch_init)
contiki-micaz.a(frame802154.o)
                              contiki-micaz.a(framer-802154.o) (frame802154_parse)
contiki-micaz.a(timer.o)      contiki-micaz.a(etimer.o) (timer_reset)
contiki-micaz.a(spi.o)        contiki-micaz.a(cc2420-arch.o) (spi_init)
/usr/bin/../lib/gcc/avr/4.1.2/avr5/libgcc.a(_udivmodqi4.o)
                              obj_micaz/timestamp.o (__udivmodqi4)
/usr/bin/../lib/gcc/avr/4.1.2/avr5/libgcc.a(_udivmodhi4.o)
                              obj_micaz/timestamp.o (__udivmodhi4)
/usr/bin/../lib/gcc/avr/4.1.2/avr5/libgcc.a(_divmodhi4.o)
                              obj_micaz/timestamp.o (__divmodhi4)
/usr/bin/../lib/gcc/avr/4.1.2/avr5/libgcc.a(_exit.o)
                              /usr/bin/../lib/gcc/avr/4.1.2/../../../../avr/lib/avr5/crtm128.o (exit)
/usr/bin/../lib/gcc/avr/4.1.2/avr5/libgcc.a(_clear_bss.o)
                              sync_main.co (__do_clear_bss)
/usr/bin/../lib/gcc/avr/4.1.2/../../../../avr/lib/avr5/libc.a(rand.o)
                              contiki-micaz.a(random.o) (rand)
/usr/bin/../lib/gcc/avr/4.1.2/../../../../avr/lib/avr5/libc.a(memcmp.o)
                              contiki-micaz.a(rimeaddr.o) (memcmp)
/usr/bin/../lib/gcc/avr/4.1.2/../../../../avr/lib/avr5/libc.a(memcpy.o)
                              contiki-micaz.a(packetbuf.o) (memcpy)
/usr/bin/../lib/gcc/avr/4.1.2/../../../../avr/lib/avr5/libc.a(memset.o)
                              contiki-micaz.a(chameleon-bitop) (memset)
/usr/bin/../lib/gcc/avr/4.1.2/../../../../avr/lib/avr5/libc.a(iob.o)
                              contiki-micaz.a(rs232.o) (__iob)
/usr/bin/../lib/gcc/avr/4.1.2/../../../../avr/lib/avr5/libc.a(printf.o)
                              obj_micaz/timestamp.o (printf)
/usr/bin/../lib/gcc/avr/4.1.2/../../../../avr/lib/avr5/libc.a(printf_p.o)
                              contiki-micaz.a(contiki-micaz-m) (printf_P)
/usr/bin/../lib/gcc/avr/4.1.2/../../../../avr/lib/avr5/libc.a(puts.o)
                              sync_main.co (puts)
/usr/bin/../lib/gcc/avr/4.1.2/../../../../avr/lib/avr5/libc.a(vfprintf_std.o)
[...]
Memory Configuration

Name             Origin             Length             Attributes
text             0x0000000000000000 0x0000000000020000 xr
data             0x0000000000800060 0x000000000000ffa0 rw !x
eeprom           0x0000000000810000 0x0000000000010000 rw !x
*default*        0x0000000000000000 0xffffffffffffffff

Linker script and memory map

Address of section .data set to 0x800100
LOAD /usr/bin/../lib/gcc/avr/4.1.2/../../../../avr/lib/avr5/crtm128.o
Address of section .bootloader set to 0x1f800
LOAD sync_main.co
LOAD obj_micaz/timestamp.o
LOAD obj_micaz/sclock.o
LOAD obj_micaz/ntp.o
LOAD contiki-micaz.a
LOAD /usr/bin/../lib/gcc/avr/4.1.2/avr5/libgcc.a
LOAD /usr/bin/../lib/gcc/avr/4.1.2/../../../../avr/lib/avr5/libc.a
LOAD /usr/bin/../lib/gcc/avr/4.1.2/avr5/libgcc.a

.hash
 *(.hash)

.dynsym
 *(.dynsym)

.dynstr
 *(.dynstr)

.gnu.version
 *(.gnu.version)

.gnu.version_d
 *(.gnu.version_d)

.gnu.version_r
 *(.gnu.version_r)

.rel.init
 *(.rel.init)

.rela.init
 *(.rela.init)

.rel.text
 *(.rel.text)
 *(.rel.text.*)
 *(.rel.gnu.linkonce.t*)

.rela.text
 *(.rela.text)
 *(.rela.text.*)
 *(.rela.gnu.linkonce.t*)

.rel.fini
 *(.rel.fini)

.rela.fini
 *(.rela.fini)

.rel.rodata
 *(.rel.rodata)
 *(.rel.rodata.*)
 *(.rel.gnu.linkonce.r*)

.rela.rodata
 *(.rela.rodata)
 *(.rela.rodata.*)
 *(.rela.gnu.linkonce.r*)

.rel.data
 *(.rel.data)
 *(.rel.data.*)
 *(.rel.gnu.linkonce.d*)

.rela.data
 *(.rela.data)
 *(.rela.data.*)
 *(.rela.gnu.linkonce.d*)

.rel.ctors
 *(.rel.ctors)

.rela.ctors
 *(.rela.ctors)

.rel.dtors
 *(.rel.dtors)

.rela.dtors
 *(.rela.dtors)

.rel.got
 *(.rel.got)

.rela.got
 *(.rela.got)

.rel.bss
 *(.rel.bss)

.rela.bss
 *(.rela.bss)

.rel.plt
 *(.rel.plt)

.rela.plt
 *(.rela.plt)

.text           0x0000000000000000     0x4422
 *(.vectors)
 .vectors       0x0000000000000000       0x8c /usr/bin/../lib/gcc/avr/4.1.2/../../../../avr/lib/avr5/crtm128.o
                0x0000000000000000                __vectors
                0x0000000000000000                __vector_default
 *(.vectors)
 *(.progmem.gcc*)
 *(.progmem*)
 .progmem.data  0x000000000000008c       0x21 contiki-micaz.a(contiki-micaz-m)
 .progmem.data  0x00000000000000ad       0x83 contiki-micaz.a(init-net.o)
                0x0000000000000130                . = ALIGN (0x2)
                0x0000000000000130                __trampolines_start = .
 *(.trampolines)
 .trampolines   0x0000000000000130        0x0 linker stubs
 *(.trampolines*)
                0x0000000000000130                __trampolines_end = .
 *(.jumptables)
 *(.jumptables*)
 *(.lowtext)
 *(.lowtext*)
                0x0000000000000130                __ctors_start = .
 *(.ctors)
                0x0000000000000130                __ctors_end = .
                0x0000000000000130                __dtors_start = .
 *(.dtors)
                0x0000000000000130                __dtors_end = .
 SORT(*)(.ctors)
 SORT(*)(.dtors)
 *(.init0)
 .init0         0x0000000000000130        0x0 /usr/bin/../lib/gcc/avr/4.1.2/../../../../avr/lib/avr5/crtm128.o
                0x0000000000000130                __init
 *(.init0)
 *(.init1)
 *(.init1)
 *(.init2)
 .init2         0x0000000000000130        0xc /usr/bin/../lib/gcc/avr/4.1.2/../../../../avr/lib/avr5/crtm128.o
 *(.init2)
 *(.init3)
 *(.init3)
 *(.init4)
 .init4         0x000000000000013c       0x1a /usr/bin/../lib/gcc/avr/4.1.2/../../../../avr/lib/avr5/crtm128.o
                0x000000000000013c                __do_copy_data
 .init4         0x0000000000000156       0x10 /usr/bin/../lib/gcc/avr/4.1.2/avr5/libgcc.a(_clear_bss.o)
                0x0000000000000156                __do_clear_bss
 *(.init4)
 *(.init5)
 *(.init5)
 *(.init6)
 *(.init6)
 *(.init7)
 *(.init7)
 *(.init8)
 *(.init8)
 *(.init9)
 .init9         0x0000000000000166        0x8 /usr/bin/../lib/gcc/avr/4.1.2/../../../../avr/lib/avr5/crtm128.o
 *(.init9)
 *(.text)
 .text          0x000000000000016e        0x4 /usr/bin/../lib/gcc/avr/4.1.2/../../../../avr/lib/avr5/crtm128.o
                0x000000000000016e                __vector_22
                0x000000000000016e                __vector_28
                0x000000000000016e                __vector_1
                0x000000000000016e                __vector_32
                0x000000000000016e                __vector_34
                0x000000000000016e                __vector_24
                0x000000000000016e                __vector_12
                0x000000000000016e                __bad_interrupt
                0x000000000000016e                __vector_6
                0x000000000000016e                __vector_31
                0x000000000000016e                __vector_3
                0x000000000000016e                __vector_23
                0x000000000000016e                __vector_25
                0x000000000000016e                __vector_11
                0x000000000000016e                __vector_13
                0x000000000000016e                __vector_17
                0x000000000000016e                __vector_19
                0x000000000000016e                __vector_27
                0x000000000000016e                __vector_5
                0x000000000000016e                __vector_33
                0x000000000000016e                __vector_4
                0x000000000000016e                __vector_9
                0x000000000000016e                __vector_2
                0x000000000000016e                __vector_21
                0x000000000000016e                __vector_29
                0x000000000000016e                __vector_8
                0x000000000000016e                __vector_14
                0x000000000000016e                __vector_10
                0x000000000000016e                __vector_16
                0x000000000000016e                __vector_20
                0x0000000000000172                . = ALIGN (0x2)
 *(.text.*)
 .text.ntp_recv_packet
                0x0000000000000172        0x6 sync_main.co
 .text.loop     0x0000000000000178       0x92 sync_main.co
                0x0000000000000178                loop
 .text.process_thread_sync_main
                0x000000000000020a       0x58 sync_main.co
 .text.timestamp_init
                0x0000000000000262       0x14 obj_micaz/timestamp.o
                0x0000000000000262                timestamp_init
 .text.sclock_rtimer_set
                0x0000000000000276       0xb2 obj_micaz/sclock.o
                0x0000000000000276                sclock_rtimer_set
 .text.sclock_init
                0x0000000000000328       0x26 obj_micaz/sclock.o
                0x0000000000000328                sclock_init
 .text.ntp_init
                0x000000000000034e       0x30 obj_micaz/ntp.o
                0x000000000000034e                ntp_init
 .text.abc_input
                0x000000000000037e       0x1c contiki-micaz.a(abc.o)
                0x000000000000037e                abc_input
 .text.abc_sent
                0x000000000000039a       0x1c contiki-micaz.a(abc.o)
                0x000000000000039a                abc_sent
 .text.abc_send
                0x00000000000003b6        0x6 contiki-micaz.a(abc.o)
                0x00000000000003b6                abc_send
 .text.abc_close
                0x00000000000003bc        0x6 contiki-micaz.a(abc.o)
                0x00000000000003bc                abc_close
 .text.abc_open
                0x00000000000003c2       0x34 contiki-micaz.a(abc.o)
                0x00000000000003c2                abc_open
 .text.channel_lookup
                0x00000000000003f6       0x2e contiki-micaz.a(channel.o)
                0x00000000000003f6                channel_lookup
 .text.channel_close
                0x0000000000000424        0xc contiki-micaz.a(channel.o)
                0x0000000000000424                channel_close
 .text.channel_open
                0x0000000000000430       0x12 contiki-micaz.a(channel.o)
                0x0000000000000430                channel_open
 .text.channel_set_attributes
                0x0000000000000442       0x2a contiki-micaz.a(channel.o)
                0x0000000000000442                channel_set_attributes
 .text.channel_init
                0x000000000000046c        0xa contiki-micaz.a(channel.o)
                0x000000000000046c                channel_init
 .text.list_init
                0x0000000000000476        0x8 contiki-micaz.a(list.o)
                0x0000000000000476                list_init
 .text.list_head
                0x000000000000047e        0x8 contiki-micaz.a(list.o)
                0x000000000000047e                list_head
 .text.list_remove
                0x0000000000000486       0x46 contiki-micaz.a(list.o)
                0x0000000000000486                list_remove
 .text.list_push
                0x00000000000004cc       0x2c contiki-micaz.a(list.o)
                0x00000000000004cc                list_push
 .text.list_length
                0x00000000000004f8       0x1c contiki-micaz.a(list.o)
                0x00000000000004f8                list_length
 .text.list_item_next
                0x0000000000000514       0x12 contiki-micaz.a(list.o)
                0x0000000000000514                list_item_next
 .text.list_add
                0x0000000000000526       0x3c contiki-micaz.a(list.o)
                0x0000000000000526                list_add
 .text.rtimer_run_next
                0x0000000000000562       0x40 contiki-micaz.a(rtimer.o)
                0x0000000000000562                rtimer_run_next
 .text.rtimer_set
                0x00000000000005a2       0x4c contiki-micaz.a(rtimer.o)
                0x00000000000005a2                rtimer_set
 .text.rtimer_init
                0x00000000000005ee        0x6 contiki-micaz.a(rtimer.o)
                0x00000000000005ee                rtimer_init
 .text.packetbuf_hdrreduce
                0x00000000000005f4       0x3c contiki-micaz.a(packetbuf.o)
                0x00000000000005f4                packetbuf_hdrreduce
 .text.packetbuf_set_datalen
                0x0000000000000630        0xa contiki-micaz.a(packetbuf.o)
                0x0000000000000630                packetbuf_set_datalen
 .text.packetbuf_dataptr
                0x000000000000063a       0x18 contiki-micaz.a(packetbuf.o)
                0x000000000000063a                packetbuf_dataptr
 .text.packetbuf_hdrptr
                0x0000000000000652       0x12 contiki-micaz.a(packetbuf.o)
                0x0000000000000652                packetbuf_hdrptr
 .text.packetbuf_is_reference
                0x0000000000000664       0x24 contiki-micaz.a(packetbuf.o)
                0x0000000000000664                packetbuf_is_reference
 .text.packetbuf_reference_ptr
                0x0000000000000688        0xa contiki-micaz.a(packetbuf.o)
                0x0000000000000688                packetbuf_reference_ptr
 .text.packetbuf_datalen
                0x0000000000000692        0xa contiki-micaz.a(packetbuf.o)
                0x0000000000000692                packetbuf_datalen
 .text.packetbuf_totlen
                0x000000000000069c       0x16 contiki-micaz.a(packetbuf.o)
                0x000000000000069c                packetbuf_totlen
 .text.packetbuf_attr_copyfrom
                0x00000000000006b2       0x22 contiki-micaz.a(packetbuf.o)
                0x00000000000006b2                packetbuf_attr_copyfrom
 .text.packetbuf_attr_copyto
                0x00000000000006d4       0x22 contiki-micaz.a(packetbuf.o)
                0x00000000000006d4                packetbuf_attr_copyto
 .text.packetbuf_copyto
                0x00000000000006f6       0x8a contiki-micaz.a(packetbuf.o)
                0x00000000000006f6                packetbuf_copyto
 .text.packetbuf_copyto_hdr
                0x0000000000000780       0x34 contiki-micaz.a(packetbuf.o)
                0x0000000000000780                packetbuf_copyto_hdr
 .text.packetbuf_attr_clear
                0x00000000000007b4       0x32 contiki-micaz.a(packetbuf.o)
                0x00000000000007b4                packetbuf_attr_clear
 .text.packetbuf_clear
                0x00000000000007e6       0x2e contiki-micaz.a(packetbuf.o)
                0x00000000000007e6                packetbuf_clear
 .text.packetbuf_copyfrom
                0x0000000000000814       0x3e contiki-micaz.a(packetbuf.o)
                0x0000000000000814                packetbuf_copyfrom
 .text.packetbuf_hdralloc
                0x0000000000000852       0x3c contiki-micaz.a(packetbuf.o)
                0x0000000000000852                packetbuf_hdralloc
 .text.packetbuf_compact
                0x000000000000088e       0x68 contiki-micaz.a(packetbuf.o)
                0x000000000000088e                packetbuf_compact
 .text.init_usart
                0x00000000000008f6       0x12 contiki-micaz.a(contiki-micaz-m)
                0x00000000000008f6                init_usart
 .text.main     0x0000000000000908       0x8a contiki-micaz.a(contiki-micaz-m)
                0x0000000000000908                main
 .text.init_net
                0x0000000000000992      0x1be contiki-micaz.a(init-net.o)
                0x0000000000000992                init_net
 .text.node_id_restore
                0x0000000000000b50       0x5e contiki-micaz.a(node-id.o)
                0x0000000000000b50                node_id_restore
 .text.clock_init
                0x0000000000000bae       0x38 contiki-micaz.a(clock.o)
                0x0000000000000bae                clock_init
 .text.clock_time
                0x0000000000000be6       0x1a contiki-micaz.a(clock.o)
                0x0000000000000be6                clock_time
 .text.clock_delay
                0x0000000000000c00       0x16 contiki-micaz.a(clock.o)
                0x0000000000000c00                clock_delay
 .text.__vector_15
                0x0000000000000c16       0xb0 contiki-micaz.a(clock.o)
                0x0000000000000c16                __vector_15
 .text.rtimer_arch_init
                0x0000000000000cc6       0x38 contiki-micaz.a(rtimer-arch.o)
                0x0000000000000cc6                rtimer_arch_init
 .text.rtimer_arch_schedule
                0x0000000000000cfe       0x24 contiki-micaz.a(rtimer-arch.o)
                0x0000000000000cfe                rtimer_arch_schedule
 .text.__vector_26
                0x0000000000000d22       0x52 contiki-micaz.a(rtimer-arch.o)
                0x0000000000000d22                __vector_26
 .text.read_byte
                0x0000000000000d74       0x4e contiki-micaz.a(ds2401.o)
 .text.crc8_add
                0x0000000000000dc2       0x2e contiki-micaz.a(ds2401.o)
 .text.ds2401_init
                0x0000000000000df0      0x13c contiki-micaz.a(ds2401.o)
                0x0000000000000df0                ds2401_init
 .text.eeprom_read
                0x0000000000000f2c       0x10 contiki-micaz.a(eeprom.o)
                0x0000000000000f2c                eeprom_read
 .text.show_leds
                0x0000000000000f3c       0x10 contiki-micaz.a(leds.o)
 .text.leds_off
                0x0000000000000f4c       0x18 contiki-micaz.a(leds.o)
                0x0000000000000f4c                leds_off
 .text.leds_on  0x0000000000000f64       0x18 contiki-micaz.a(leds.o)
                0x0000000000000f64                leds_on
 .text.leds_init
                0x0000000000000f7c        0xe contiki-micaz.a(leds.o)
                0x0000000000000f7c                leds_init
 .text.rimeaddr_cmp
                0x0000000000000f8a       0x20 contiki-micaz.a(rimeaddr.o)
                0x0000000000000f8a                rimeaddr_cmp
 .text.rimeaddr_copy
                0x0000000000000faa        0xe contiki-micaz.a(rimeaddr.o)
                0x0000000000000faa                rimeaddr_copy
 .text.rimeaddr_set_node_addr
                0x0000000000000fb8        0xc contiki-micaz.a(rimeaddr.o)
                0x0000000000000fb8                rimeaddr_set_node_addr
 .text.input    0x0000000000000fc4       0x44 contiki-micaz.a(rime.o)
 .text.init     0x0000000000001008       0x26 contiki-micaz.a(rime.o)
 .text.rime_output
                0x000000000000102e       0x32 contiki-micaz.a(rime.o)
                0x000000000000102e                rime_output
 .text.packet_sent
                0x0000000000001060       0x54 contiki-micaz.a(rime.o)
 .text.announcement_register_observer_callback
                0x00000000000010b4        0xa contiki-micaz.a(announcement.o)
                0x00000000000010b4                announcement_register_observer_callback
 .text.announcement_list
                0x00000000000010be        0xa contiki-micaz.a(announcement.o)
                0x00000000000010be                announcement_list
 .text.announcement_heard
                0x00000000000010c8       0x56 contiki-micaz.a(announcement.o)
                0x00000000000010c8                announcement_heard
 .text.announcement_init
                0x000000000000111e        0xa contiki-micaz.a(announcement.o)
                0x000000000000111e                announcement_init
 .text.adv_packet_sent
                0x0000000000001128        0x2 contiki-micaz.a(broadcast-annou)
 .text.broadcast_announcement_init
                0x000000000000112a       0x4e contiki-micaz.a(broadcast-annou)
                0x000000000000112a                broadcast_announcement_init
 .text.adv_packet_received
                0x0000000000001178       0xa4 contiki-micaz.a(broadcast-annou)
 .text.set_timers
                0x000000000000121c       0x48 contiki-micaz.a(broadcast-annou)
 .text.new_announcement
                0x0000000000001264       0x1e contiki-micaz.a(broadcast-annou)
 .text.send_timer
                0x0000000000001282       0x2a contiki-micaz.a(broadcast-annou)
 .text.send_adv
                0x00000000000012ac       0x96 contiki-micaz.a(broadcast-annou)
 .text.sent_by_abc
                0x0000000000001342       0x1c contiki-micaz.a(broadcast.o)
 .text.recv_from_abc
                0x000000000000135e       0x5e contiki-micaz.a(broadcast.o)
 .text.broadcast_send
                0x00000000000013bc       0x1e contiki-micaz.a(broadcast.o)
                0x00000000000013bc                broadcast_send
 .text.broadcast_open
                0x00000000000013da       0x38 contiki-micaz.a(broadcast.o)
                0x00000000000013da                broadcast_open
 .text.chameleon_create
                0x0000000000001412       0x32 contiki-micaz.a(chameleon.o)
                0x0000000000001412                chameleon_create
 .text.chameleon_hdrsize
                0x0000000000001444        0xc contiki-micaz.a(chameleon.o)
                0x0000000000001444                chameleon_hdrsize
 .text.chameleon_init
                0x0000000000001450        0x6 contiki-micaz.a(chameleon.o)
                0x0000000000001450                chameleon_init
 .text.chameleon_parse
                0x0000000000001456       0x20 contiki-micaz.a(chameleon.o)
                0x0000000000001456                chameleon_parse
 .text.get_bits_in_byte
                0x0000000000001476       0x44 contiki-micaz.a(chameleon-bitop)
                0x0000000000001476                get_bits_in_byte
 .text.get_bits
                0x00000000000014ba       0xd8 contiki-micaz.a(chameleon-bitop)
                0x00000000000014ba                get_bits
 .text.header_size
                0x0000000000001592       0x1a contiki-micaz.a(chameleon-bitop)
 .text.set_bits_in_byte
                0x00000000000015ac       0x2e contiki-micaz.a(chameleon-bitop)
                0x00000000000015ac                set_bits_in_byte
 .text.set_bits
                0x00000000000015da      0x104 contiki-micaz.a(chameleon-bitop)
                0x00000000000015da                set_bits
 .text.pack_header
                0x00000000000016de      0x128 contiki-micaz.a(chameleon-bitop)
 .text.unpack_header
                0x0000000000001806      0x14c contiki-micaz.a(chameleon-bitop)
 .text.on       0x0000000000001952        0xc contiki-micaz.a(nullrdc.o)
 .text.off      0x000000000000195e       0x1c contiki-micaz.a(nullrdc.o)
 .text.channel_check_interval
                0x000000000000197a        0x6 contiki-micaz.a(nullrdc.o)
 .text.init     0x0000000000001980        0x6 contiki-micaz.a(nullrdc.o)
 .text.send_one_packet
                0x0000000000001986       0xa4 contiki-micaz.a(nullrdc.o)
 .text.send_list
                0x0000000000001a2a       0x40 contiki-micaz.a(nullrdc.o)
 .text.send_packet
                0x0000000000001a6a        0x6 contiki-micaz.a(nullrdc.o)
 .text.packet_input
                0x0000000000001a70       0x42 contiki-micaz.a(nullrdc.o)
 .text.mac_call_sent_callback
                0x0000000000001ab2       0x10 contiki-micaz.a(mac.o)
                0x0000000000001ab2                mac_call_sent_callback
 .text.packetbuf_set_addr
                0x0000000000001ac2       0x14 contiki-micaz.a(framer-802154.o)
 .text.parse    0x0000000000001ad6       0xda contiki-micaz.a(framer-802154.o)
 .text.create   0x0000000000001bb0      0x12e contiki-micaz.a(framer-802154.o)
 .text.default_timebase
                0x0000000000001cde       0x14 contiki-micaz.a(csma.o)
 .text.input_packet
                0x0000000000001cf2        0xc contiki-micaz.a(csma.o)
 .text.on       0x0000000000001cfe        0xc contiki-micaz.a(csma.o)
 .text.off      0x0000000000001d0a        0xc contiki-micaz.a(csma.o)
 .text.channel_check_interval
                0x0000000000001d16       0x16 contiki-micaz.a(csma.o)
 .text.transmit_packet_list
                0x0000000000001d2c       0x2e contiki-micaz.a(csma.o)
 .text.free_packet
                0x0000000000001d5a       0x8c contiki-micaz.a(csma.o)
 .text.init     0x0000000000001de6       0x1a contiki-micaz.a(csma.o)
 .text.packet_sent
                0x0000000000001e00      0x152 contiki-micaz.a(csma.o)
 .text.send_packet
                0x0000000000001f52      0x1a0 contiki-micaz.a(csma.o)
 .text.call_process
                0x00000000000020f2       0x54 contiki-micaz.a(process.o)
 .text.exit_process
                0x0000000000002146       0xea contiki-micaz.a(process.o)
 .text.process_init
                0x0000000000002230       0x24 contiki-micaz.a(process.o)
                0x0000000000002230                process_init
 .text.do_poll  0x0000000000002254       0x3a contiki-micaz.a(process.o)
 .text.process_run
                0x000000000000228e       0xe0 contiki-micaz.a(process.o)
                0x000000000000228e                process_run
 .text.process_post
                0x000000000000236e       0x5a contiki-micaz.a(process.o)
                0x000000000000236e                process_post
 .text.process_post_synch
                0x00000000000023c8       0x1e contiki-micaz.a(process.o)
                0x00000000000023c8                process_post_synch
 .text.process_start
                0x00000000000023e6       0x46 contiki-micaz.a(process.o)
                0x00000000000023e6                process_start
 .text.process_poll
                0x000000000000242c       0x18 contiki-micaz.a(process.o)
                0x000000000000242c                process_poll
 .text.autostart_start
                0x0000000000002444       0x1e contiki-micaz.a(autostart.o)
                0x0000000000002444                autostart_start
 .text.memb_alloc
                0x0000000000002462       0x5a contiki-micaz.a(memb.o)
                0x0000000000002462                memb_alloc
 .text.memb_free
                0x00000000000024bc       0x58 contiki-micaz.a(memb.o)
                0x00000000000024bc                memb_free
 .text.memb_inmemb
                0x0000000000002514       0x42 contiki-micaz.a(memb.o)
                0x0000000000002514                memb_inmemb
 .text.memb_init
                0x0000000000002556       0x42 contiki-micaz.a(memb.o)
                0x0000000000002556                memb_init
 .text.etimer_pending
                0x0000000000002598       0x12 contiki-micaz.a(etimer.o)
                0x0000000000002598                etimer_pending
 .text.update_time
                0x00000000000025aa       0x66 contiki-micaz.a(etimer.o)
 .text.etimer_stop
                0x0000000000002610       0x4c contiki-micaz.a(etimer.o)
                0x0000000000002610                etimer_stop
 .text.etimer_request_poll
                0x000000000000265c        0xa contiki-micaz.a(etimer.o)
                0x000000000000265c                etimer_request_poll
 .text.add_timer
                0x0000000000002666       0x64 contiki-micaz.a(etimer.o)
 .text.etimer_set
                0x00000000000026ca       0x16 contiki-micaz.a(etimer.o)
                0x00000000000026ca                etimer_set
 .text.process_thread_etimer_process
                0x00000000000026e0      0x106 contiki-micaz.a(etimer.o)
 .text.process_thread_ctimer_process
                0x00000000000027e6       0xd2 contiki-micaz.a(ctimer.o)
 .text.ctimer_stop
                0x00000000000028b8       0x30 contiki-micaz.a(ctimer.o)
                0x00000000000028b8                ctimer_stop
 .text.ctimer_set
                0x00000000000028e8       0x6e contiki-micaz.a(ctimer.o)
                0x00000000000028e8                ctimer_set
 .text.ctimer_init
                0x0000000000002956       0x1a contiki-micaz.a(ctimer.o)
                0x0000000000002956                ctimer_init
 .text.random_rand
                0x0000000000002970        0x6 contiki-micaz.a(random.o)
                0x0000000000002970                random_rand
 .text.random_init
                0x0000000000002976        0x6 contiki-micaz.a(random.o)
                0x0000000000002976                random_init
 .text.queuebuf_to_packetbuf
                0x000000000000297c       0x7a contiki-micaz.a(queuebuf.o)
                0x000000000000297c                queuebuf_to_packetbuf
 .text.queuebuf_free
                0x00000000000029f6       0x46 contiki-micaz.a(queuebuf.o)
                0x00000000000029f6                queuebuf_free
 .text.queuebuf_new_from_packetbuf
                0x0000000000002a3c       0x88 contiki-micaz.a(queuebuf.o)
                0x0000000000002a3c                queuebuf_new_from_packetbuf
 .text.queuebuf_init
                0x0000000000002ac4       0x1a contiki-micaz.a(queuebuf.o)
                0x0000000000002ac4                queuebuf_init
 .text.queuebuf_update_attr_from_packetbuf
                0x0000000000002ade       0x14 contiki-micaz.a(queuebuf.o)
                0x0000000000002ade                queuebuf_update_attr_from_packetbuf
 .text.queuebuf_attr
                0x0000000000002af2       0x1c contiki-micaz.a(queuebuf.o)
                0x0000000000002af2                queuebuf_attr
 .text.__vector_18
                0x0000000000002b0e       0x54 contiki-micaz.a(rs232.o)
                0x0000000000002b0e                __vector_18
 .text.__vector_30
                0x0000000000002b62       0x56 contiki-micaz.a(rs232.o)
                0x0000000000002b62                __vector_30
 .text.rs232_init
                0x0000000000002bb8       0x3c contiki-micaz.a(rs232.o)
                0x0000000000002bb8                rs232_init
 .text.rs232_send
                0x0000000000002bf4       0x1e contiki-micaz.a(rs232.o)
                0x0000000000002bf4                rs232_send
 .text.rs232_stdout_putchar
                0x0000000000002c12       0x2a contiki-micaz.a(rs232.o)
                0x0000000000002c12                rs232_stdout_putchar
 .text.rs232_redirect_stdout
                0x0000000000002c3c       0x12 contiki-micaz.a(rs232.o)
                0x0000000000002c3c                rs232_redirect_stdout
 .text.leds_arch_init
                0x0000000000002c4e        0xe contiki-micaz.a(leds-arch.o)
                0x0000000000002c4e                leds_arch_init
 .text.leds_arch_set
                0x0000000000002c5c       0x2c contiki-micaz.a(leds-arch.o)
                0x0000000000002c5c                leds_arch_set
 .text.strobe   0x0000000000002c88        0xc contiki-micaz.a(cc2420.o)
 .text.status   0x0000000000002c94       0x10 contiki-micaz.a(cc2420.o)
 .text.on       0x0000000000002ca4       0x42 contiki-micaz.a(cc2420.o)
 .text.getreg   0x0000000000002ce6       0x2c contiki-micaz.a(cc2420.o)
 .text.setreg   0x0000000000002d12       0x22 contiki-micaz.a(cc2420.o)
 .text.set_txpower
                0x0000000000002d34       0x2a contiki-micaz.a(cc2420.o)
 .text.cc2420_receiving_packet
                0x0000000000002d5e       0x14 contiki-micaz.a(cc2420.o)
 .text.pending_packet
                0x0000000000002d72       0x14 contiki-micaz.a(cc2420.o)
 .text.flushrx  0x0000000000002d86       0x38 contiki-micaz.a(cc2420.o)
 .text.off      0x0000000000002dbe       0x48 contiki-micaz.a(cc2420.o)
 .text.RELEASE_LOCK
                0x0000000000002e06       0x34 contiki-micaz.a(cc2420.o)
 .text.cc2420_get_txpower
                0x0000000000002e3a       0x28 contiki-micaz.a(cc2420.o)
                0x0000000000002e3a                cc2420_get_txpower
 .text.cc2420_set_pan_addr
                0x0000000000002e62      0x136 contiki-micaz.a(cc2420.o)
                0x0000000000002e62                cc2420_set_pan_addr
 .text.cc2420_set_channel
                0x0000000000002f98       0xa0 contiki-micaz.a(cc2420.o)
                0x0000000000002f98                cc2420_set_channel
 .text.cc2420_on
                0x0000000000003038       0x2c contiki-micaz.a(cc2420.o)
                0x0000000000003038                cc2420_on
 .text.cc2420_off
                0x0000000000003064       0x3e contiki-micaz.a(cc2420.o)
                0x0000000000003064                cc2420_off
 .text.cc2420_cca
                0x00000000000030a2       0x98 contiki-micaz.a(cc2420.o)
 .text.cc2420_prepare
                0x000000000000313a       0x7a contiki-micaz.a(cc2420.o)
 .text.cc2420_transmit
                0x00000000000031b4      0x172 contiki-micaz.a(cc2420.o)
 .text.cc2420_send
                0x0000000000003326       0x16 contiki-micaz.a(cc2420.o)
 .text.getrxdata
                0x000000000000333c       0x40 contiki-micaz.a(cc2420.o)
 .text.cc2420_read
                0x000000000000337c      0x10a contiki-micaz.a(cc2420.o)
 .text.cc2420_interrupt
                0x0000000000003486       0x3e contiki-micaz.a(cc2420.o)
                0x0000000000003486                cc2420_interrupt
 .text.process_thread_cc2420_process
                0x00000000000034c4       0x68 contiki-micaz.a(cc2420.o)
 .text.cc2420_init
                0x000000000000352c       0xce contiki-micaz.a(cc2420.o)
                0x000000000000352c                cc2420_init
 .text.__vector_7
                0x00000000000035fa       0x48 contiki-micaz.a(cc2420-arch.o)
                0x00000000000035fa                __vector_7
 .text.cc2420_arch_init
                0x0000000000003642       0x1e contiki-micaz.a(cc2420-arch.o)
                0x0000000000003642                cc2420_arch_init
 .text.frame802154_parse
                0x0000000000003660      0x206 contiki-micaz.a(frame802154.o)
                0x0000000000003660                frame802154_parse
 .text.field_len
                0x0000000000003866       0xac contiki-micaz.a(frame802154.o)
 .text.frame802154_create
                0x0000000000003912      0x1c0 contiki-micaz.a(frame802154.o)
                0x0000000000003912                frame802154_create
 .text.frame802154_hdrlen
                0x0000000000003ad2       0x52 contiki-micaz.a(frame802154.o)
                0x0000000000003ad2                frame802154_hdrlen
 .text.timer_expired
                0x0000000000003b24       0x30 contiki-micaz.a(timer.o)
                0x0000000000003b24                timer_expired
 .text.timer_set
                0x0000000000003b54       0x1c contiki-micaz.a(timer.o)
                0x0000000000003b54                timer_set
 .text.spi_init
                0x0000000000003b70       0x16 contiki-micaz.a(spi.o)
                0x0000000000003b70                spi_init
 .text.libgcc   0x0000000000003b86       0x28 /usr/bin/../lib/gcc/avr/4.1.2/avr5/libgcc.a(_udivmodhi4.o)
                0x0000000000003b86                __udivmodhi4
 .text.libgcc   0x0000000000003bae       0x26 /usr/bin/../lib/gcc/avr/4.1.2/avr5/libgcc.a(_divmodhi4.o)
                0x0000000000003bae                __divmodhi4
                0x0000000000003bae                _div
 .text.avr-libc
                0x0000000000003bd4       0xca /usr/bin/../lib/gcc/avr/4.1.2/../../../../avr/lib/avr5/libc.a(rand.o)
                0x0000000000003c78                rand_r
                0x0000000000003c7e                rand
                0x0000000000003c88                srand
 .text.avr-libc
                0x0000000000003c9e       0x1a /usr/bin/../lib/gcc/avr/4.1.2/../../../../avr/lib/avr5/libc.a(memcmp.o)
                0x0000000000003c9e                memcmp
 .text.avr-libc
                0x0000000000003cb8       0x12 /usr/bin/../lib/gcc/avr/4.1.2/../../../../avr/lib/avr5/libc.a(memcpy.o)
                0x0000000000003cb8                memcpy
 .text.avr-libc
                0x0000000000003cca        0xe /usr/bin/../lib/gcc/avr/4.1.2/../../../../avr/lib/avr5/libc.a(memset.o)
                0x0000000000003cca                memset
 .text.avr-libc
                0x0000000000003cd8       0x2e /usr/bin/../lib/gcc/avr/4.1.2/../../../../avr/lib/avr5/libc.a(printf.o)
                0x0000000000003cd8                printf
 .text.avr-libc
                0x0000000000003d06       0x4c /usr/bin/../lib/gcc/avr/4.1.2/../../../../avr/lib/avr5/libc.a(printf_p.o)
                0x0000000000003d06                printf_P
 .text.avr-libc
                0x0000000000003d52       0x66 /usr/bin/../lib/gcc/avr/4.1.2/../../../../avr/lib/avr5/libc.a(puts.o)
                0x0000000000003d52                puts
 .text.avr-libc
                0x0000000000003db8      0x3e0 /usr/bin/../lib/gcc/avr/4.1.2/../../../../avr/lib/avr5/libc.a(vfprintf_std.o)
                0x0000000000003db8                vfprintf
 .text.avr-libc
                0x0000000000004198       0x20 /usr/bin/../lib/gcc/avr/4.1.2/../../../../avr/lib/avr5/libc.a(eerd_block_atmega128.o)
                0x000000000000419c                __eerd_blraw_m128
                0x0000000000004198                __eerd_block_m128
 .text.avr-libc
                0x00000000000041b8       0x16 /usr/bin/../lib/gcc/avr/4.1.2/../../../../avr/lib/avr5/libc.a(strnlen_P.o)
                0x00000000000041b8                strnlen_P
 .text.avr-libc
                0x00000000000041ce       0x16 /usr/bin/../lib/gcc/avr/4.1.2/../../../../avr/lib/avr5/libc.a(strnlen.o)
                0x00000000000041ce                strnlen
 .text.avr-libc
                0x00000000000041e4       0x5a /usr/bin/../lib/gcc/avr/4.1.2/../../../../avr/lib/avr5/libc.a(fputc.o)
                0x00000000000041e4                fputc
 .text.avr-libc
                0x000000000000423e       0xbc /usr/bin/../lib/gcc/avr/4.1.2/../../../../avr/lib/avr5/libc.a(ultoa_invert.o)
                0x000000000000423e                __ultoa_invert
 .text.libgcc   0x00000000000042fa       0x3e /usr/bin/../lib/gcc/avr/4.1.2/avr5/libgcc.a(_mulsi3.o)
                0x00000000000042fa                __mulsi3
 .text.libgcc   0x0000000000004338       0x36 /usr/bin/../lib/gcc/avr/4.1.2/avr5/libgcc.a(_divmodsi4.o)
                0x0000000000004338                __divmodsi4
 .text.libgcc   0x000000000000436e       0x38 /usr/bin/../lib/gcc/avr/4.1.2/avr5/libgcc.a(_prologue.o)
                0x000000000000436e                __prologue_saves__
 .text.libgcc   0x00000000000043a6       0x36 /usr/bin/../lib/gcc/avr/4.1.2/avr5/libgcc.a(_epilogue.o)
                0x00000000000043a6                __epilogue_restores__
 .text.libgcc   0x00000000000043dc       0x44 /usr/bin/../lib/gcc/avr/4.1.2/avr5/libgcc.a(_udivmodsi4.o)
                0x00000000000043dc                __udivmodsi4
                0x0000000000004420                . = ALIGN (0x2)
 *(.fini9)
 .fini9         0x0000000000004420        0x0 /usr/bin/../lib/gcc/avr/4.1.2/avr5/libgcc.a(_exit.o)
                0x0000000000004420                exit
                0x0000000000004420                _exit
 *(.fini9)
 *(.fini8)
 *(.fini8)
 *(.fini7)
 *(.fini7)
 *(.fini6)
 *(.fini6)
 *(.fini5)
 *(.fini5)
 *(.fini4)
 *(.fini4)
 *(.fini3)
 *(.fini3)
 *(.fini2)
 *(.fini2)
 *(.fini1)
 *(.fini1)
 *(.fini0)
 .fini0         0x0000000000004420        0x2 /usr/bin/../lib/gcc/avr/4.1.2/avr5/libgcc.a(_exit.o)
 *(.fini0)
                0x0000000000004422                _etext = .

.data           0x0000000000800100       0xf2 load address 0x0000000000004422
                0x0000000000800100                PROVIDE (__data_start, .)
 *(.data)
 .data          0x0000000000800100        0x8 sync_main.co
 .data          0x0000000000800108       0x11 obj_micaz/sclock.o
 .data          0x0000000000800119        0x5 contiki-micaz.a(rime.o)
 .data          0x000000000080011e        0x8 contiki-micaz.a(nullrdc.o)
 .data          0x0000000000800126        0x5 contiki-micaz.a(csma.o)
 .data          0x000000000080012b        0x4 /usr/bin/../lib/gcc/avr/4.1.2/../../../../avr/lib/avr5/libc.a(rand.o)
 *(.data*)
 .data.sync_main
                0x000000000080012f        0x8 sync_main.co
                0x000000000080012f                sync_main
 .data.neighbor_memb
                0x0000000000800137        0x8 contiki-micaz.a(csma.o)
 .data.packet_memb
                0x000000000080013f        0x8 contiki-micaz.a(csma.o)
 .data.metadata_memb
                0x0000000000800147        0x8 contiki-micaz.a(csma.o)
 .data.etimer_process
                0x000000000080014f        0x8 contiki-micaz.a(etimer.o)
                0x000000000080014f                etimer_process
 .data.ctimer_process
                0x0000000000800157        0x8 contiki-micaz.a(ctimer.o)
                0x0000000000800157                ctimer_process
 .data.bufmem   0x000000000080015f        0x8 contiki-micaz.a(queuebuf.o)
 .data.refbufmem
                0x0000000000800167        0x8 contiki-micaz.a(queuebuf.o)
 .data.buframmem
                0x000000000080016f        0x8 contiki-micaz.a(queuebuf.o)
 .data.rs232_stdout
                0x0000000000800177        0xe contiki-micaz.a(rs232.o)
 .data.cc2420_process
                0x0000000000800185        0x8 contiki-micaz.a(cc2420.o)
                0x0000000000800185                cc2420_process
 *(.rodata)
 *(.rodata*)
 .rodata.autostart_processes
                0x000000000080018d        0x4 sync_main.co
                0x000000000080018d                autostart_processes
 .rodata.abc_call
                0x0000000000800191        0x4 sync_main.co
 .rodata.attributes
                0x0000000000800195        0x2 contiki-micaz.a(abc.o)
 .rodata.packetbuf
                0x0000000000800197        0x2 contiki-micaz.a(packetbuf.o)
 .rodata.rimeaddr_null
                0x0000000000800199        0x2 contiki-micaz.a(rimeaddr.o)
                0x0000000000800199                rimeaddr_null
 .rodata.rime_driver
                0x000000000080019b        0x6 contiki-micaz.a(rime.o)
                0x000000000080019b                rime_driver
 .rodata.broadcast_callbacks
                0x00000000008001a1        0x4 contiki-micaz.a(broadcast-annou)
 .rodata.broadcast
                0x00000000008001a5        0x4 contiki-micaz.a(broadcast.o)
 .rodata.attributes
                0x00000000008001a9        0x4 contiki-micaz.a(broadcast.o)
 .rodata.chameleon_bitopt
                0x00000000008001ad        0x6 contiki-micaz.a(chameleon-bitop)
                0x00000000008001ad                chameleon_bitopt
 .rodata.bitmask
                0x00000000008001b3        0x9 contiki-micaz.a(chameleon-bitop)
 .rodata.nullrdc_driver
                0x00000000008001bc       0x10 contiki-micaz.a(nullrdc.o)
                0x00000000008001bc                nullrdc_driver
 .rodata.framer_802154
                0x00000000008001cc        0x4 contiki-micaz.a(framer-802154.o)
                0x00000000008001cc                framer_802154
 .rodata.csma_driver
                0x00000000008001d0        0xe contiki-micaz.a(csma.o)
                0x00000000008001d0                csma_driver
 .rodata.cc2420_driver
                0x00000000008001de       0x14 contiki-micaz.a(cc2420.o)
                0x00000000008001de                cc2420_driver
 *(.gnu.linkonce.d*)
                0x00000000008001f2                . = ALIGN (0x2)
                0x00000000008001f2                _edata = .
                0x00000000008001f2                PROVIDE (__data_end, .)

.bss            0x00000000008001f2      0x8f8
                0x00000000008001f2                PROVIDE (__bss_start, .)
 *(.bss)
 *(.bss*)
 .bss.second.2754
                0x00000000008001f2        0x8 sync_main.co
 .bss.sclk      0x00000000008001fa        0xc sync_main.co
 .bss.rt        0x0000000000800206        0x6 sync_main.co
 .bss.pt        0x000000000080020c        0x2 sync_main.co
 .bss.ntp       0x000000000080020e       0x22 sync_main.co
 .bss.abc       0x0000000000800230        0xb sync_main.co
 .bss.channel_list_list
                0x000000000080023b        0x2 contiki-micaz.a(channel.o)
 .bss.next_rtimer
                0x000000000080023d        0x2 contiki-micaz.a(rtimer.o)
 .bss.buflen    0x000000000080023f        0x2 contiki-micaz.a(packetbuf.o)
 .bss.bufptr    0x0000000000800241        0x2 contiki-micaz.a(packetbuf.o)
 .bss.hdrptr    0x0000000000800243        0x1 contiki-micaz.a(packetbuf.o)
 .bss.packetbufptr
                0x0000000000800244        0x2 contiki-micaz.a(packetbuf.o)
 .bss.packetbuf_aligned
                0x0000000000800246       0xb2 contiki-micaz.a(packetbuf.o)
 .bss.node_id   0x00000000008002f8        0x2 contiki-micaz.a(node-id.o)
                0x00000000008002f8                node_id
 .bss.count     0x00000000008002fa        0x2 contiki-micaz.a(clock.o)
 .bss.scount    0x00000000008002fc        0x2 contiki-micaz.a(clock.o)
 .bss.seconds   0x00000000008002fe        0x4 contiki-micaz.a(clock.o)
 .bss.leds      0x0000000000800302        0x1 contiki-micaz.a(leds.o)
 .bss.invert    0x0000000000800303        0x1 contiki-micaz.a(leds.o)
 .bss.sniffers_list
                0x0000000000800304        0x2 contiki-micaz.a(rime.o)
 .bss.announcements_list
                0x0000000000800306        0x2 contiki-micaz.a(announcement.o)
 .bss.observer_callback
                0x0000000000800308        0x2 contiki-micaz.a(announcement.o)
 .bss.c         0x000000000080030a       0x37 contiki-micaz.a(broadcast-annou)
 .bss.initialized
                0x0000000000800341        0x1 contiki-micaz.a(framer-802154.o)
 .bss.mac_dsn   0x0000000000800342        0x1 contiki-micaz.a(framer-802154.o)
 .bss.seqno.2158
                0x0000000000800343        0x2 contiki-micaz.a(csma.o)
 .bss.neighbor_list_list
                0x0000000000800345        0x2 contiki-micaz.a(csma.o)
 .bss.neighbor_memb_memb_count
                0x0000000000800347        0x2 contiki-micaz.a(csma.o)
 .bss.neighbor_memb_memb_mem
                0x0000000000800349       0x36 contiki-micaz.a(csma.o)
 .bss.packet_memb_memb_count
                0x000000000080037f        0x8 contiki-micaz.a(csma.o)
 .bss.packet_memb_memb_mem
                0x0000000000800387       0x30 contiki-micaz.a(csma.o)
 .bss.metadata_memb_memb_count
                0x00000000008003b7        0x8 contiki-micaz.a(csma.o)
 .bss.metadata_memb_memb_mem
                0x00000000008003bf       0x28 contiki-micaz.a(csma.o)
 .bss.process_list
                0x00000000008003e7        0x2 contiki-micaz.a(process.o)
                0x00000000008003e7                process_list
 .bss.process_current
                0x00000000008003e9        0x2 contiki-micaz.a(process.o)
                0x00000000008003e9                process_current
 .bss.snum.1659
                0x00000000008003eb        0x1 contiki-micaz.a(process.o)
 .bss.p.1616    0x00000000008003ec        0x2 contiki-micaz.a(process.o)
 .bss.receiver.1615
                0x00000000008003ee        0x2 contiki-micaz.a(process.o)
 .bss.data.1614
                0x00000000008003f0        0x2 contiki-micaz.a(process.o)
 .bss.ev.1613   0x00000000008003f2        0x1 contiki-micaz.a(process.o)
 .bss.lastevent
                0x00000000008003f3        0x1 contiki-micaz.a(process.o)
 .bss.nevents   0x00000000008003f4        0x1 contiki-micaz.a(process.o)
 .bss.fevent    0x00000000008003f5        0x1 contiki-micaz.a(process.o)
 .bss.events    0x00000000008003f6       0x28 contiki-micaz.a(process.o)
 .bss.poll_requested
                0x000000000080041e        0x1 contiki-micaz.a(process.o)
 .bss.timerlist
                0x000000000080041f        0x2 contiki-micaz.a(etimer.o)
 .bss.next_expiration
                0x0000000000800421        0x2 contiki-micaz.a(etimer.o)
 .bss.ctimer_list_list
                0x0000000000800423        0x2 contiki-micaz.a(ctimer.o)
 .bss.initialized
                0x0000000000800425        0x1 contiki-micaz.a(ctimer.o)
 .bss.bufmem_memb_count
                0x0000000000800426        0x8 contiki-micaz.a(queuebuf.o)
 .bss.bufmem_memb_mem
                0x000000000080042e       0x10 contiki-micaz.a(queuebuf.o)
 .bss.refbufmem_memb_count
                0x000000000080043e        0x2 contiki-micaz.a(queuebuf.o)
 .bss.refbufmem_memb_mem
                0x0000000000800440       0x6a contiki-micaz.a(queuebuf.o)
 .bss.buframmem_memb_count
                0x00000000008004aa        0x8 contiki-micaz.a(queuebuf.o)
 .bss.buframmem_memb_mem
                0x00000000008004b2      0x5d0 contiki-micaz.a(queuebuf.o)
 .bss.stdout_rs232_port
                0x0000000000800a82        0x1 contiki-micaz.a(rs232.o)
 .bss.pending   0x0000000000800a83        0x1 contiki-micaz.a(cc2420.o)
 .bss.last_packet_timestamp
                0x0000000000800a84        0x2 contiki-micaz.a(cc2420.o)
 .bss.receive_on
                0x0000000000800a86        0x1 contiki-micaz.a(cc2420.o)
 .bss.channel   0x0000000000800a87        0x2 contiki-micaz.a(cc2420.o)
 .bss.locked    0x0000000000800a89        0x1 contiki-micaz.a(cc2420.o)
 .bss.lock_on   0x0000000000800a8a        0x1 contiki-micaz.a(cc2420.o)
 .bss.lock_off  0x0000000000800a8b        0x1 contiki-micaz.a(cc2420.o)
 *(COMMON)
 COMMON         0x0000000000800a8c       0x38 contiki-micaz.a(packetbuf.o)
                0x0000000000800a8c                packetbuf_addrs
                0x0000000000800a94                packetbuf_attrs
 COMMON         0x0000000000800ac4        0x8 contiki-micaz.a(ds2401.o)
                0x0000000000800ac4                ds2401_id
 COMMON         0x0000000000800acc        0x2 contiki-micaz.a(rimeaddr.o)
                0x0000000000800acc                rimeaddr_node_addr
 COMMON         0x0000000000800ace        0x1 contiki-micaz.a(process.o)
                0x0000000000800ace                process_maxevents
 COMMON         0x0000000000800acf        0x4 contiki-micaz.a(rs232.o)
                0x0000000000800acf                input_handler_1
                0x0000000000800ad1                input_handler_0
 COMMON         0x0000000000800ad3       0x11 contiki-micaz.a(cc2420.o)
                0x0000000000800ad3                cc2420_last_rssi
                0x0000000000800ad4                cc2420_packets_read
                0x0000000000800ad6                cc2420_packets_seen
                0x0000000000800ad8                cc2420_sfd_start_time
                0x0000000000800ada                cc2420_time_of_departure
                0x0000000000800adc                cc2420_time_of_arrival
                0x0000000000800ade                cc2420_last_correlation
                0x0000000000800adf                cc2420_authority_level_of_sender
                0x0000000000800ae1                cc2420_sfd_counter
                0x0000000000800ae2                cc2420_sfd_end_time
 COMMON         0x0000000000800ae4        0x6 /usr/bin/../lib/gcc/avr/4.1.2/../../../../avr/lib/avr5/libc.a(iob.o)
                0x0000000000800ae4                __iob
                0x0000000000800aea                PROVIDE (__bss_end, .)
                0x0000000000004422                __data_load_start = LOADADDR (.data)
                0x0000000000004514                __data_load_end = (__data_load_start + SIZEOF (.data))

.noinit         0x0000000000800aea        0x0
                0x0000000000800aea                PROVIDE (__noinit_start, .)
 *(.noinit*)
                0x0000000000800aea                PROVIDE (__noinit_end, .)
                0x0000000000800aea                _end = .
                0x0000000000800aea                PROVIDE (__heap_start, .)

.eeprom         0x0000000000810000        0x0
 *(.eeprom*)
                0x0000000000810000                __eeprom_end = .

.stab           0x0000000000000000     0x279c
 *(.stab)
 .stab          0x0000000000000000      0x750 /usr/bin/../lib/gcc/avr/4.1.2/../../../../avr/lib/avr5/crtm128.o
 .stab          0x0000000000000750      0x318 /usr/bin/../lib/gcc/avr/4.1.2/../../../../avr/lib/avr5/libc.a(rand.o)
                                        0x324 (size before relaxing)
 .stab          0x0000000000000a68       0xb4 /usr/bin/../lib/gcc/avr/4.1.2/../../../../avr/lib/avr5/libc.a(memcmp.o)
                                         0xc0 (size before relaxing)
 .stab          0x0000000000000b1c       0x84 /usr/bin/../lib/gcc/avr/4.1.2/../../../../avr/lib/avr5/libc.a(memcpy.o)
                                         0x90 (size before relaxing)
 .stab          0x0000000000000ba0       0x6c /usr/bin/../lib/gcc/avr/4.1.2/../../../../avr/lib/avr5/libc.a(memset.o)
                                         0x78 (size before relaxing)
 .stab          0x0000000000000c0c      0x300 /usr/bin/../lib/gcc/avr/4.1.2/../../../../avr/lib/avr5/libc.a(iob.o)
                                        0x30c (size before relaxing)
 .stab          0x0000000000000f0c      0x1b0 /usr/bin/../lib/gcc/avr/4.1.2/../../../../avr/lib/avr5/libc.a(printf.o)
                                        0x390 (size before relaxing)
 .stab          0x00000000000010bc      0x1c8 /usr/bin/../lib/gcc/avr/4.1.2/../../../../avr/lib/avr5/libc.a(printf_p.o)
                                        0x3a8 (size before relaxing)
 .stab          0x0000000000001284      0x1e0 /usr/bin/../lib/gcc/avr/4.1.2/../../../../avr/lib/avr5/libc.a(puts.o)
                                        0x3c0 (size before relaxing)
 .stab          0x0000000000001464      0x930 /usr/bin/../lib/gcc/avr/4.1.2/../../../../avr/lib/avr5/libc.a(vfprintf_std.o)
                                        0xb40 (size before relaxing)
 .stab          0x0000000000001d94      0x108 /usr/bin/../lib/gcc/avr/4.1.2/../../../../avr/lib/avr5/libc.a(eerd_block_atmega128.o)
                                        0x114 (size before relaxing)
 .stab          0x0000000000001e9c       0x9c /usr/bin/../lib/gcc/avr/4.1.2/../../../../avr/lib/avr5/libc.a(eewr_block_atmega128.o)
                                         0xa8 (size before relaxing)
 .stab          0x0000000000001f38       0xd8 /usr/bin/../lib/gcc/avr/4.1.2/../../../../avr/lib/avr5/libc.a(eewr_byte_atmega128.o)
                                         0xe4 (size before relaxing)
 .stab          0x0000000000002010       0x9c /usr/bin/../lib/gcc/avr/4.1.2/../../../../avr/lib/avr5/libc.a(strnlen_P.o)
                                         0xa8 (size before relaxing)
 .stab          0x00000000000020ac       0x9c /usr/bin/../lib/gcc/avr/4.1.2/../../../../avr/lib/avr5/libc.a(strnlen.o)
                                         0xa8 (size before relaxing)
 .stab          0x0000000000002148      0x1d4 /usr/bin/../lib/gcc/avr/4.1.2/../../../../avr/lib/avr5/libc.a(fputc.o)
                                        0x3b4 (size before relaxing)
 .stab          0x000000000000231c      0x480 /usr/bin/../lib/gcc/avr/4.1.2/../../../../avr/lib/avr5/libc.a(ultoa_invert.o)
                                        0x48c (size before relaxing)

.stabstr        0x0000000000000000     0x1025
 *(.stabstr)
 .stabstr       0x0000000000000000     0x1025 /usr/bin/../lib/gcc/avr/4.1.2/../../../../avr/lib/avr5/crtm128.o

.stab.excl
 *(.stab.excl)

.stab.exclstr
 *(.stab.exclstr)

.stab.index
 *(.stab.index)

.stab.indexstr
 *(.stab.indexstr)

.comment
 *(.comment)

.debug
 *(.debug)

.line
 *(.line)

.debug_srcinfo
 *(.debug_srcinfo)

.debug_sfnames
 *(.debug_sfnames)

.debug_aranges  0x0000000000000000      0xdb8
 *(.debug_aranges)
 .debug_aranges
                0x0000000000000000       0x38 sync_main.co
 .debug_aranges
                0x0000000000000038       0x88 obj_micaz/timestamp.o
 .debug_aranges
                0x00000000000000c0       0x50 obj_micaz/sclock.o
 .debug_aranges
                0x0000000000000110       0x30 obj_micaz/ntp.o
 .debug_aranges
                0x0000000000000140       0x48 contiki-micaz.a(abc.o)
 .debug_aranges
                0x0000000000000188       0x48 contiki-micaz.a(channel.o)
 .debug_aranges
                0x00000000000001d0       0x80 contiki-micaz.a(list.o)
 .debug_aranges
                0x0000000000000250       0x38 contiki-micaz.a(rtimer.o)
 .debug_aranges
                0x0000000000000288       0xc8 contiki-micaz.a(packetbuf.o)
 .debug_aranges
                0x0000000000000350       0x30 contiki-micaz.a(contiki-micaz-m)
 .debug_aranges
                0x0000000000000380       0x28 contiki-micaz.a(init-net.o)
 .debug_aranges
                0x00000000000003a8       0x30 contiki-micaz.a(node-id.o)
 .debug_aranges
                0x00000000000003d8       0x58 contiki-micaz.a(clock.o)
 .debug_aranges
                0x0000000000000430       0x38 contiki-micaz.a(rtimer-arch.o)
 .debug_aranges
                0x0000000000000468       0x38 contiki-micaz.a(ds2401.o)
 .debug_aranges
                0x00000000000004a0       0x30 contiki-micaz.a(eeprom.o)
 .debug_aranges
                0x00000000000004d0       0x60 contiki-micaz.a(leds.o)
 .debug_aranges
                0x0000000000000530       0x38 contiki-micaz.a(rimeaddr.o)
 .debug_aranges
                0x0000000000000568       0x50 contiki-micaz.a(rime.o)
 .debug_aranges
                0x00000000000005b8       0x78 contiki-micaz.a(announcement.o)
 .debug_aranges
                0x0000000000000630       0x68 contiki-micaz.a(broadcast-annou)
 .debug_aranges
                0x0000000000000698       0x48 contiki-micaz.a(broadcast.o)
 .debug_aranges
                0x00000000000006e0       0x40 contiki-micaz.a(chameleon.o)
 .debug_aranges
                0x0000000000000720       0x58 contiki-micaz.a(chameleon-bitop)
 .debug_aranges
                0x0000000000000778       0x60 contiki-micaz.a(nullrdc.o)
 .debug_aranges
                0x00000000000007d8       0x28 contiki-micaz.a(mac.o)
 .debug_aranges
                0x0000000000000800       0x38 contiki-micaz.a(framer-802154.o)
 .debug_aranges
                0x0000000000000838       0x70 contiki-micaz.a(csma.o)
 .debug_aranges
                0x00000000000008a8       0x88 contiki-micaz.a(process.o)
 .debug_aranges
                0x0000000000000930       0x30 contiki-micaz.a(autostart.o)
 .debug_aranges
                0x0000000000000960       0x40 contiki-micaz.a(memb.o)
 .debug_aranges
                0x00000000000009a0       0x90 contiki-micaz.a(etimer.o)
 .debug_aranges
                0x0000000000000a30       0x58 contiki-micaz.a(ctimer.o)
 .debug_aranges
                0x0000000000000a88       0x30 contiki-micaz.a(random.o)
 .debug_aranges
                0x0000000000000ab8       0x70 contiki-micaz.a(queuebuf.o)
 .debug_aranges
                0x0000000000000b28       0x68 contiki-micaz.a(rs232.o)
 .debug_aranges
                0x0000000000000b90       0x38 contiki-micaz.a(leds-arch.o)
 .debug_aranges
                0x0000000000000bc8      0x110 contiki-micaz.a(cc2420.o)
 .debug_aranges
                0x0000000000000cd8       0x30 contiki-micaz.a(cc2420-arch.o)
 .debug_aranges
                0x0000000000000d08       0x40 contiki-micaz.a(frame802154.o)
 .debug_aranges
                0x0000000000000d48       0x48 contiki-micaz.a(timer.o)
 .debug_aranges
                0x0000000000000d90       0x28 contiki-micaz.a(spi.o)

.debug_pubnames
                0x0000000000000000     0x1581
 *(.debug_pubnames)
 .debug_pubnames
                0x0000000000000000       0x41 sync_main.co
 .debug_pubnames
                0x0000000000000041      0x124 obj_micaz/timestamp.o
 .debug_pubnames
                0x0000000000000165       0x89 obj_micaz/sclock.o
 .debug_pubnames
                0x00000000000001ee       0x34 obj_micaz/ntp.o
 .debug_pubnames
                0x0000000000000222       0x55 contiki-micaz.a(abc.o)
 .debug_pubnames
                0x0000000000000277       0x74 contiki-micaz.a(channel.o)
 .debug_pubnames
                0x00000000000002eb       0xc3 contiki-micaz.a(list.o)
 .debug_pubnames
                0x00000000000003ae       0x45 contiki-micaz.a(rtimer.o)
 .debug_pubnames
                0x00000000000003f3      0x22c contiki-micaz.a(packetbuf.o)
 .debug_pubnames
                0x000000000000061f       0x2a contiki-micaz.a(contiki-micaz-m)
 .debug_pubnames
                0x0000000000000649       0x1f contiki-micaz.a(init-net.o)
 .debug_pubnames
                0x0000000000000668       0x43 contiki-micaz.a(node-id.o)
 .debug_pubnames
                0x00000000000006ab       0x87 contiki-micaz.a(clock.o)
 .debug_pubnames
                0x0000000000000732       0x50 contiki-micaz.a(rtimer-arch.o)
 .debug_pubnames
                0x0000000000000782       0x30 contiki-micaz.a(ds2401.o)
 .debug_pubnames
                0x00000000000007b2       0x33 contiki-micaz.a(eeprom.o)
 .debug_pubnames
                0x00000000000007e5       0x75 contiki-micaz.a(leds.o)
 .debug_pubnames
                0x000000000000085a       0x79 contiki-micaz.a(rimeaddr.o)
 .debug_pubnames
                0x00000000000008d3       0x5f contiki-micaz.a(rime.o)
 .debug_pubnames
                0x0000000000000932      0x144 contiki-micaz.a(announcement.o)
 .debug_pubnames
                0x0000000000000a76       0x7d contiki-micaz.a(broadcast-annou)
 .debug_pubnames
                0x0000000000000af3       0x4c contiki-micaz.a(broadcast.o)
 .debug_pubnames
                0x0000000000000b3f       0x64 contiki-micaz.a(chameleon.o)
 .debug_pubnames
                0x0000000000000ba3       0x6b contiki-micaz.a(chameleon-bitop)
 .debug_pubnames
                0x0000000000000c0e       0x25 contiki-micaz.a(nullrdc.o)
 .debug_pubnames
                0x0000000000000c33       0x2d contiki-micaz.a(mac.o)
 .debug_pubnames
                0x0000000000000c60       0x24 contiki-micaz.a(framer-802154.o)
 .debug_pubnames
                0x0000000000000c84       0x22 contiki-micaz.a(csma.o)
 .debug_pubnames
                0x0000000000000ca6      0x10d contiki-micaz.a(process.o)
 .debug_pubnames
                0x0000000000000db3       0x39 contiki-micaz.a(autostart.o)
 .debug_pubnames
                0x0000000000000dec       0x4d contiki-micaz.a(memb.o)
 .debug_pubnames
                0x0000000000000e39      0x109 contiki-micaz.a(etimer.o)
 .debug_pubnames
                0x0000000000000f42       0x8b contiki-micaz.a(ctimer.o)
 .debug_pubnames
                0x0000000000000fcd       0x32 contiki-micaz.a(random.o)
 .debug_pubnames
                0x0000000000000fff       0xff contiki-micaz.a(queuebuf.o)
 .debug_pubnames
                0x00000000000010fe       0xe4 contiki-micaz.a(rs232.o)
 .debug_pubnames
                0x00000000000011e2       0x49 contiki-micaz.a(leds-arch.o)
 .debug_pubnames
                0x000000000000122b      0x236 contiki-micaz.a(cc2420.o)
 .debug_pubnames
                0x0000000000001461       0x36 contiki-micaz.a(cc2420-arch.o)
 .debug_pubnames
                0x0000000000001497       0x56 contiki-micaz.a(frame802154.o)
 .debug_pubnames
                0x00000000000014ed       0x68 contiki-micaz.a(timer.o)
 .debug_pubnames
                0x0000000000001555       0x2c contiki-micaz.a(spi.o)

.debug_info     0x0000000000000000     0x9e43
 *(.debug_info)
 .debug_info    0x0000000000000000      0x62d sync_main.co
 .debug_info    0x000000000000062d      0x449 obj_micaz/timestamp.o
 .debug_info    0x0000000000000a76      0x390 obj_micaz/sclock.o
 .debug_info    0x0000000000000e06      0x1f9 obj_micaz/ntp.o
 .debug_info    0x0000000000000fff      0x386 contiki-micaz.a(abc.o)
 .debug_info    0x0000000000001385      0x2c9 contiki-micaz.a(channel.o)
 .debug_info    0x000000000000164e      0x370 contiki-micaz.a(list.o)
 .debug_info    0x00000000000019be      0x18d contiki-micaz.a(rtimer.o)
 .debug_info    0x0000000000001b4b      0x53e contiki-micaz.a(packetbuf.o)
 .debug_info    0x0000000000002089      0x2bf contiki-micaz.a(contiki-micaz-m)
 .debug_info    0x0000000000002348      0x4b8 contiki-micaz.a(init-net.o)
 .debug_info    0x0000000000002800      0x11a contiki-micaz.a(node-id.o)
 .debug_info    0x000000000000291a      0x23d contiki-micaz.a(clock.o)
 .debug_info    0x0000000000002b57       0xe7 contiki-micaz.a(rtimer-arch.o)
 .debug_info    0x0000000000002c3e      0x35f contiki-micaz.a(ds2401.o)
 .debug_info    0x0000000000002f9d       0xfd contiki-micaz.a(eeprom.o)
 .debug_info    0x000000000000309a      0x1ae contiki-micaz.a(leds.o)
 .debug_info    0x0000000000003248      0x162 contiki-micaz.a(rimeaddr.o)
 .debug_info    0x00000000000033aa      0x48d contiki-micaz.a(rime.o)
 .debug_info    0x0000000000003837      0x3c5 contiki-micaz.a(announcement.o)
 .debug_info    0x0000000000003bfc      0x83b contiki-micaz.a(broadcast-annou)
 .debug_info    0x0000000000004437      0x4b1 contiki-micaz.a(broadcast.o)
 .debug_info    0x00000000000048e8      0x32d contiki-micaz.a(chameleon.o)
 .debug_info    0x0000000000004c15      0x6bd contiki-micaz.a(chameleon-bitop)
 .debug_info    0x00000000000052d2      0x69d contiki-micaz.a(nullrdc.o)
 .debug_info    0x000000000000596f       0xde contiki-micaz.a(mac.o)
 .debug_info    0x0000000000005a4d      0x587 contiki-micaz.a(framer-802154.o)
 .debug_info    0x0000000000005fd4      0xa90 contiki-micaz.a(csma.o)
 .debug_info    0x0000000000006a64      0x523 contiki-micaz.a(process.o)
 .debug_info    0x0000000000006f87      0x18d contiki-micaz.a(autostart.o)
 .debug_info    0x0000000000007114      0x1a7 contiki-micaz.a(memb.o)
 .debug_info    0x00000000000072bb      0x49c contiki-micaz.a(etimer.o)
 .debug_info    0x0000000000007757      0x43d contiki-micaz.a(ctimer.o)
 .debug_info    0x0000000000007b94       0x99 contiki-micaz.a(random.o)
 .debug_info    0x0000000000007c2d      0x5e9 contiki-micaz.a(queuebuf.o)
 .debug_info    0x0000000000008216      0x3a7 contiki-micaz.a(rs232.o)
 .debug_info    0x00000000000085bd       0xad contiki-micaz.a(leds-arch.o)
 .debug_info    0x000000000000866a     0x1014 contiki-micaz.a(cc2420.o)
 .debug_info    0x000000000000967e      0x144 contiki-micaz.a(cc2420-arch.o)
 .debug_info    0x00000000000097c2      0x48b contiki-micaz.a(frame802154.o)
 .debug_info    0x0000000000009c4d      0x173 contiki-micaz.a(timer.o)
 .debug_info    0x0000000000009dc0       0x83 contiki-micaz.a(spi.o)
 *(.gnu.linkonce.wi.*)

.debug_abbrev   0x0000000000000000     0x3cec
 *(.debug_abbrev)
 .debug_abbrev  0x0000000000000000      0x1d0 sync_main.co
 .debug_abbrev  0x00000000000001d0      0x163 obj_micaz/timestamp.o
 .debug_abbrev  0x0000000000000333      0x12a obj_micaz/sclock.o
 .debug_abbrev  0x000000000000045d       0xc4 obj_micaz/ntp.o
 .debug_abbrev  0x0000000000000521      0x166 contiki-micaz.a(abc.o)
 .debug_abbrev  0x0000000000000687      0x172 contiki-micaz.a(channel.o)
 .debug_abbrev  0x00000000000007f9      0x1a3 contiki-micaz.a(list.o)
 .debug_abbrev  0x000000000000099c      0x10c contiki-micaz.a(rtimer.o)
 .debug_abbrev  0x0000000000000aa8      0x209 contiki-micaz.a(packetbuf.o)
 .debug_abbrev  0x0000000000000cb1      0x144 contiki-micaz.a(contiki-micaz-m)
 .debug_abbrev  0x0000000000000df5      0x191 contiki-micaz.a(init-net.o)
 .debug_abbrev  0x0000000000000f86       0xa1 contiki-micaz.a(node-id.o)
 .debug_abbrev  0x0000000000001027      0x12b contiki-micaz.a(clock.o)
 .debug_abbrev  0x0000000000001152       0x7d contiki-micaz.a(rtimer-arch.o)
 .debug_abbrev  0x00000000000011cf      0x184 contiki-micaz.a(ds2401.o)
 .debug_abbrev  0x0000000000001353       0x86 contiki-micaz.a(eeprom.o)
 .debug_abbrev  0x00000000000013d9       0xb8 contiki-micaz.a(leds.o)
 .debug_abbrev  0x0000000000001491       0xdd contiki-micaz.a(rimeaddr.o)
 .debug_abbrev  0x000000000000156e      0x1fd contiki-micaz.a(rime.o)
 .debug_abbrev  0x000000000000176b      0x15d contiki-micaz.a(announcement.o)
 .debug_abbrev  0x00000000000018c8      0x207 contiki-micaz.a(broadcast-annou)
 .debug_abbrev  0x0000000000001acf      0x1d1 contiki-micaz.a(broadcast.o)
 .debug_abbrev  0x0000000000001ca0      0x1b4 contiki-micaz.a(chameleon.o)
 .debug_abbrev  0x0000000000001e54      0x297 contiki-micaz.a(chameleon-bitop)
 .debug_abbrev  0x00000000000020eb      0x283 contiki-micaz.a(nullrdc.o)
 .debug_abbrev  0x000000000000236e       0x86 contiki-micaz.a(mac.o)
 .debug_abbrev  0x00000000000023f4      0x221 contiki-micaz.a(framer-802154.o)
 .debug_abbrev  0x0000000000002615      0x33c contiki-micaz.a(csma.o)
 .debug_abbrev  0x0000000000002951      0x28b contiki-micaz.a(process.o)
 .debug_abbrev  0x0000000000002bdc       0xef contiki-micaz.a(autostart.o)
 .debug_abbrev  0x0000000000002ccb       0xdc contiki-micaz.a(memb.o)
 .debug_abbrev  0x0000000000002da7      0x201 contiki-micaz.a(etimer.o)
 .debug_abbrev  0x0000000000002fa8      0x1ad contiki-micaz.a(ctimer.o)
 .debug_abbrev  0x0000000000003155       0x61 contiki-micaz.a(random.o)
 .debug_abbrev  0x00000000000031b6      0x1d5 contiki-micaz.a(queuebuf.o)
 .debug_abbrev  0x000000000000338b      0x171 contiki-micaz.a(rs232.o)
 .debug_abbrev  0x00000000000034fc       0x76 contiki-micaz.a(leds-arch.o)
 .debug_abbrev  0x0000000000003572      0x40c contiki-micaz.a(cc2420.o)
 .debug_abbrev  0x000000000000397e       0xc4 contiki-micaz.a(cc2420-arch.o)
 .debug_abbrev  0x0000000000003a42      0x194 contiki-micaz.a(frame802154.o)
 .debug_abbrev  0x0000000000003bd6       0xca contiki-micaz.a(timer.o)
 .debug_abbrev  0x0000000000003ca0       0x4c contiki-micaz.a(spi.o)

.debug_line     0x0000000000000000     0xa3b8
 *(.debug_line)
 .debug_line    0x0000000000000000      0x4d9 sync_main.co
 .debug_line    0x00000000000004d9      0x7b8 obj_micaz/timestamp.o
 .debug_line    0x0000000000000c91      0x334 obj_micaz/sclock.o
 .debug_line    0x0000000000000fc5      0x25e obj_micaz/ntp.o
 .debug_line    0x0000000000001223      0x4af contiki-micaz.a(abc.o)
 .debug_line    0x00000000000016d2      0x434 contiki-micaz.a(channel.o)
 .debug_line    0x0000000000001b06      0x2ed contiki-micaz.a(list.o)
 .debug_line    0x0000000000001df3      0x23c contiki-micaz.a(rtimer.o)
 .debug_line    0x000000000000202f      0x7d4 contiki-micaz.a(packetbuf.o)
 .debug_line    0x0000000000002803      0x4e6 contiki-micaz.a(contiki-micaz-m)
 .debug_line    0x0000000000002ce9      0x34d contiki-micaz.a(init-net.o)
 .debug_line    0x0000000000003036      0x188 contiki-micaz.a(node-id.o)
 .debug_line    0x00000000000031be      0x2e3 contiki-micaz.a(clock.o)
 .debug_line    0x00000000000034a1      0x24d contiki-micaz.a(rtimer-arch.o)
 .debug_line    0x00000000000036ee      0x3bc contiki-micaz.a(ds2401.o)
 .debug_line    0x0000000000003aaa      0x16f contiki-micaz.a(eeprom.o)
 .debug_line    0x0000000000003c19      0x271 contiki-micaz.a(leds.o)
 .debug_line    0x0000000000003e8a      0x1c2 contiki-micaz.a(rimeaddr.o)
 .debug_line    0x000000000000404c      0x4c8 contiki-micaz.a(rime.o)
 .debug_line    0x0000000000004514      0x31a contiki-micaz.a(announcement.o)
 .debug_line    0x000000000000482e      0x593 contiki-micaz.a(broadcast-annou)
 .debug_line    0x0000000000004dc1      0x501 contiki-micaz.a(broadcast.o)
 .debug_line    0x00000000000052c2      0x46f contiki-micaz.a(chameleon.o)
 .debug_line    0x0000000000005731      0x677 contiki-micaz.a(chameleon-bitop)
 .debug_line    0x0000000000005da8      0x35a contiki-micaz.a(nullrdc.o)
 .debug_line    0x0000000000006102      0x162 contiki-micaz.a(mac.o)
 .debug_line    0x0000000000006264      0x378 contiki-micaz.a(framer-802154.o)
 .debug_line    0x00000000000065dc      0x634 contiki-micaz.a(csma.o)
 .debug_line    0x0000000000006c10      0x56d contiki-micaz.a(process.o)
 .debug_line    0x000000000000717d      0x186 contiki-micaz.a(autostart.o)
 .debug_line    0x0000000000007303      0x2ae contiki-micaz.a(memb.o)
 .debug_line    0x00000000000075b1      0x487 contiki-micaz.a(etimer.o)
 .debug_line    0x0000000000007a38      0x3c0 contiki-micaz.a(ctimer.o)
 .debug_line    0x0000000000007df8      0x18d contiki-micaz.a(random.o)
 .debug_line    0x0000000000007f85      0x674 contiki-micaz.a(queuebuf.o)
 .debug_line    0x00000000000085f9      0x3d2 contiki-micaz.a(rs232.o)
 .debug_line    0x00000000000089cb      0x180 contiki-micaz.a(leds-arch.o)
 .debug_line    0x0000000000008b4b      0xc58 contiki-micaz.a(cc2420.o)
 .debug_line    0x00000000000097a3      0x4a9 contiki-micaz.a(cc2420-arch.o)
 .debug_line    0x0000000000009c4c      0x467 contiki-micaz.a(frame802154.o)
 .debug_line    0x000000000000a0b3      0x1cd contiki-micaz.a(timer.o)
 .debug_line    0x000000000000a280      0x138 contiki-micaz.a(spi.o)

.debug_frame    0x0000000000000000     0x1390
 *(.debug_frame)
 .debug_frame   0x0000000000000000       0x40 sync_main.co
 .debug_frame   0x0000000000000040       0xe0 obj_micaz/timestamp.o
 .debug_frame   0x0000000000000120       0x70 obj_micaz/sclock.o
 .debug_frame   0x0000000000000190       0x30 obj_micaz/ntp.o
 .debug_frame   0x00000000000001c0       0x60 contiki-micaz.a(abc.o)
 .debug_frame   0x0000000000000220       0x60 contiki-micaz.a(channel.o)
 .debug_frame   0x0000000000000280       0xd0 contiki-micaz.a(list.o)
 .debug_frame   0x0000000000000350       0x40 contiki-micaz.a(rtimer.o)
 .debug_frame   0x0000000000000390      0x160 contiki-micaz.a(packetbuf.o)
 .debug_frame   0x00000000000004f0       0x30 contiki-micaz.a(contiki-micaz-m)
 .debug_frame   0x0000000000000520       0x20 contiki-micaz.a(init-net.o)
 .debug_frame   0x0000000000000540       0x30 contiki-micaz.a(node-id.o)
 .debug_frame   0x0000000000000570       0x80 contiki-micaz.a(clock.o)
 .debug_frame   0x00000000000005f0       0x40 contiki-micaz.a(rtimer-arch.o)
 .debug_frame   0x0000000000000630       0x40 contiki-micaz.a(ds2401.o)
 .debug_frame   0x0000000000000670       0x30 contiki-micaz.a(eeprom.o)
 .debug_frame   0x00000000000006a0       0x90 contiki-micaz.a(leds.o)
 .debug_frame   0x0000000000000730       0x40 contiki-micaz.a(rimeaddr.o)
 .debug_frame   0x0000000000000770       0x70 contiki-micaz.a(rime.o)
 .debug_frame   0x00000000000007e0       0xc0 contiki-micaz.a(announcement.o)
 .debug_frame   0x00000000000008a0       0xa0 contiki-micaz.a(broadcast-annou)
 .debug_frame   0x0000000000000940       0x60 contiki-micaz.a(broadcast.o)
 .debug_frame   0x00000000000009a0       0x50 contiki-micaz.a(chameleon.o)
 .debug_frame   0x00000000000009f0       0x80 contiki-micaz.a(chameleon-bitop)
 .debug_frame   0x0000000000000a70       0x90 contiki-micaz.a(nullrdc.o)
 .debug_frame   0x0000000000000b00       0x20 contiki-micaz.a(mac.o)
 .debug_frame   0x0000000000000b20       0x40 contiki-micaz.a(framer-802154.o)
 .debug_frame   0x0000000000000b60       0xb0 contiki-micaz.a(csma.o)
 .debug_frame   0x0000000000000c10       0xe0 contiki-micaz.a(process.o)
 .debug_frame   0x0000000000000cf0       0x30 contiki-micaz.a(autostart.o)
 .debug_frame   0x0000000000000d20       0x50 contiki-micaz.a(memb.o)
 .debug_frame   0x0000000000000d70       0xf0 contiki-micaz.a(etimer.o)
 .debug_frame   0x0000000000000e60       0x80 contiki-micaz.a(ctimer.o)
 .debug_frame   0x0000000000000ee0       0x30 contiki-micaz.a(random.o)
 .debug_frame   0x0000000000000f10       0xb0 contiki-micaz.a(queuebuf.o)
 .debug_frame   0x0000000000000fc0       0xa0 contiki-micaz.a(rs232.o)
 .debug_frame   0x0000000000001060       0x40 contiki-micaz.a(leds-arch.o)
 .debug_frame   0x00000000000010a0      0x1f0 contiki-micaz.a(cc2420.o)
 .debug_frame   0x0000000000001290       0x30 contiki-micaz.a(cc2420-arch.o)
 .debug_frame   0x00000000000012c0       0x50 contiki-micaz.a(frame802154.o)
 .debug_frame   0x0000000000001310       0x60 contiki-micaz.a(timer.o)
 .debug_frame   0x0000000000001370       0x20 contiki-micaz.a(spi.o)

.debug_str      0x0000000000000000     0x24bc
 *(.debug_str)
 .debug_str     0x0000000000000000      0x238 sync_main.co
                                        0x2dd (size before relaxing)
 .debug_str     0x0000000000000238      0x118 obj_micaz/timestamp.o
                                        0x1f7 (size before relaxing)
 .debug_str     0x0000000000000350       0x85 obj_micaz/sclock.o
                                        0x1c7 (size before relaxing)
 .debug_str     0x00000000000003d5       0x20 obj_micaz/ntp.o
                                        0x13e (size before relaxing)
 .debug_str     0x00000000000003f5       0x5a contiki-micaz.a(abc.o)
                                        0x1fb (size before relaxing)
 .debug_str     0x000000000000044f       0x95 contiki-micaz.a(channel.o)
                                        0x200 (size before relaxing)
 .debug_str     0x00000000000004e4       0xb0 contiki-micaz.a(list.o)
                                        0x102 (size before relaxing)
 .debug_str     0x0000000000000594       0x52 contiki-micaz.a(rtimer.o)
                                        0x14a (size before relaxing)
 .debug_str     0x00000000000005e6      0x1f0 contiki-micaz.a(packetbuf.o)
                                        0x349 (size before relaxing)
 .debug_str     0x00000000000007d6       0x5e contiki-micaz.a(contiki-micaz-m)
                                        0x209 (size before relaxing)
 .debug_str     0x0000000000000834       0xe9 contiki-micaz.a(init-net.o)
                                        0x226 (size before relaxing)
 .debug_str     0x000000000000091d       0x4c contiki-micaz.a(node-id.o)
                                        0x122 (size before relaxing)
 .debug_str     0x0000000000000969       0x86 contiki-micaz.a(clock.o)
                                        0x160 (size before relaxing)
 .debug_str     0x00000000000009ef       0x53 contiki-micaz.a(rtimer-arch.o)
                                        0x12a (size before relaxing)
 .debug_str     0x0000000000000a42       0x6e contiki-micaz.a(ds2401.o)
                                        0x15b (size before relaxing)
 .debug_str     0x0000000000000ab0       0x45 contiki-micaz.a(eeprom.o)
                                        0x10a (size before relaxing)
 .debug_str     0x0000000000000af5       0x77 contiki-micaz.a(leds.o)
                                        0x139 (size before relaxing)
 .debug_str     0x0000000000000b6c       0x60 contiki-micaz.a(rimeaddr.o)
                                        0x147 (size before relaxing)
 .debug_str     0x0000000000000bcc       0x92 contiki-micaz.a(rime.o)
                                        0x28b (size before relaxing)
 .debug_str     0x0000000000000c5e      0x17c contiki-micaz.a(announcement.o)
                                        0x2b4 (size before relaxing)
 .debug_str     0x0000000000000dda      0x1b5 contiki-micaz.a(broadcast-annou)
                                        0x407 (size before relaxing)
 .debug_str     0x0000000000000f8f       0x88 contiki-micaz.a(broadcast.o)
                                        0x26a (size before relaxing)
 .debug_str     0x0000000000001017       0x9a contiki-micaz.a(chameleon.o)
                                        0x212 (size before relaxing)
 .debug_str     0x00000000000010b1       0xc7 contiki-micaz.a(chameleon-bitop)
                                        0x2a9 (size before relaxing)
 .debug_str     0x0000000000001178       0xdd contiki-micaz.a(nullrdc.o)
                                        0x314 (size before relaxing)
 .debug_str     0x0000000000001255       0x33 contiki-micaz.a(mac.o)
                                        0x110 (size before relaxing)
 .debug_str     0x0000000000001288      0x1b6 contiki-micaz.a(framer-802154.o)
                                        0x358 (size before relaxing)
 .debug_str     0x000000000000143e      0x1fb contiki-micaz.a(csma.o)
                                        0x4c9 (size before relaxing)
 .debug_str     0x0000000000001639      0x17b contiki-micaz.a(process.o)
                                        0x292 (size before relaxing)
 .debug_str     0x00000000000017b4       0x3d contiki-micaz.a(autostart.o)
                                        0x14a (size before relaxing)
 .debug_str     0x00000000000017f1       0x49 contiki-micaz.a(memb.o)
                                        0x114 (size before relaxing)
 .debug_str     0x000000000000183a      0x136 contiki-micaz.a(etimer.o)
                                        0x29f (size before relaxing)
 .debug_str     0x0000000000001970       0xb0 contiki-micaz.a(ctimer.o)
                                        0x233 (size before relaxing)
 .debug_str     0x0000000000001a20       0x38 contiki-micaz.a(random.o)
                                         0xee (size before relaxing)
 .debug_str     0x0000000000001a58      0x18d contiki-micaz.a(queuebuf.o)
                                        0x317 (size before relaxing)
 .debug_str     0x0000000000001be5      0x10d contiki-micaz.a(rs232.o)
                                        0x20d (size before relaxing)
 .debug_str     0x0000000000001cf2       0x53 contiki-micaz.a(leds-arch.o)
                                        0x10e (size before relaxing)
 .debug_str     0x0000000000001d45      0x60f contiki-micaz.a(cc2420.o)
                                        0x905 (size before relaxing)
 .debug_str     0x0000000000002354       0x46 contiki-micaz.a(cc2420-arch.o)
                                        0x169 (size before relaxing)
 .debug_str     0x000000000000239a       0xcd contiki-micaz.a(frame802154.o)
                                        0x30d (size before relaxing)
 .debug_str     0x0000000000002467       0x2a contiki-micaz.a(timer.o)
                                        0x139 (size before relaxing)
 .debug_str     0x0000000000002491       0x2b contiki-micaz.a(spi.o)
                                         0xe1 (size before relaxing)

.debug_loc      0x0000000000000000     0x3fc8
 *(.debug_loc)
 .debug_loc     0x0000000000000000      0x101 sync_main.co
 .debug_loc     0x0000000000000101      0x568 obj_micaz/timestamp.o
 .debug_loc     0x0000000000000669      0x268 obj_micaz/sclock.o
 .debug_loc     0x00000000000008d1       0x90 obj_micaz/ntp.o
 .debug_loc     0x0000000000000961      0x148 contiki-micaz.a(abc.o)
 .debug_loc     0x0000000000000aa9      0x140 contiki-micaz.a(channel.o)
 .debug_loc     0x0000000000000be9      0x358 contiki-micaz.a(list.o)
 .debug_loc     0x0000000000000f41       0xb0 contiki-micaz.a(rtimer.o)
 .debug_loc     0x0000000000000ff1      0x1f0 contiki-micaz.a(packetbuf.o)
 .debug_loc     0x00000000000011e1       0x18 contiki-micaz.a(init-net.o)
 .debug_loc     0x00000000000011f9       0x40 contiki-micaz.a(node-id.o)
 .debug_loc     0x0000000000001239       0x28 contiki-micaz.a(clock.o)
 .debug_loc     0x0000000000001261       0x18 contiki-micaz.a(rtimer-arch.o)
 .debug_loc     0x0000000000001279      0x22e contiki-micaz.a(ds2401.o)
 .debug_loc     0x00000000000014a7       0xd0 contiki-micaz.a(eeprom.o)
 .debug_loc     0x0000000000001577       0x75 contiki-micaz.a(leds.o)
 .debug_loc     0x00000000000015ec       0x80 contiki-micaz.a(rimeaddr.o)
 .debug_loc     0x000000000000166c      0x180 contiki-micaz.a(rime.o)
 .debug_loc     0x00000000000017ec      0x270 contiki-micaz.a(announcement.o)
 .debug_loc     0x0000000000001a5c      0x206 contiki-micaz.a(broadcast-annou)
 .debug_loc     0x0000000000001c62      0x170 contiki-micaz.a(broadcast.o)
 .debug_loc     0x0000000000001dd2       0x78 contiki-micaz.a(chameleon.o)
 .debug_loc     0x0000000000001e4a      0x57b contiki-micaz.a(chameleon-bitop)
 .debug_loc     0x00000000000023c5      0x1c0 contiki-micaz.a(nullrdc.o)
 .debug_loc     0x0000000000002585       0xd0 contiki-micaz.a(mac.o)
 .debug_loc     0x0000000000002655       0x63 contiki-micaz.a(framer-802154.o)
 .debug_loc     0x00000000000026b8      0x2f8 contiki-micaz.a(csma.o)
 .debug_loc     0x00000000000029b0      0x2c1 contiki-micaz.a(process.o)
 .debug_loc     0x0000000000002c71       0x50 contiki-micaz.a(autostart.o)
 .debug_loc     0x0000000000002cc1      0x100 contiki-micaz.a(memb.o)
 .debug_loc     0x0000000000002dc1      0x33e contiki-micaz.a(etimer.o)
 .debug_loc     0x00000000000030ff      0x2a9 contiki-micaz.a(ctimer.o)
 .debug_loc     0x00000000000033a8       0x18 contiki-micaz.a(random.o)
 .debug_loc     0x00000000000033c0      0x228 contiki-micaz.a(queuebuf.o)
 .debug_loc     0x00000000000035e8      0x176 contiki-micaz.a(rs232.o)
 .debug_loc     0x000000000000375e       0x13 contiki-micaz.a(leds-arch.o)
 .debug_loc     0x0000000000003771      0x55b contiki-micaz.a(cc2420.o)
 .debug_loc     0x0000000000003ccc      0x21c contiki-micaz.a(frame802154.o)
 .debug_loc     0x0000000000003ee8       0xe0 contiki-micaz.a(timer.o)

.debug_macinfo
 *(.debug_macinfo)
OUTPUT(sync_main.micaz elf32-avr)
LOAD linker stubs

.bootloader     0x000000000001f800        0x0

.debug_ranges   0x0000000000000000       0x68
 .debug_ranges  0x0000000000000000       0x20 contiki-micaz.a(init-net.o)
 .debug_ranges  0x0000000000000020       0x18 contiki-micaz.a(csma.o)
 .debug_ranges  0x0000000000000038       0x30 contiki-micaz.a(cc2420.o)
