Archive member included because of file (symbol)

contiki-z1.a(rimeaddr.o)      obj_z1/contiki-z1-main.o (rimeaddr_copy)
contiki-z1.a(rime.o)          obj_z1/contiki-z1-main.o (rime_driver)
contiki-z1.a(announcement.o)  contiki-z1.a(rime.o) (announcement_init)
contiki-z1.a(broadcast-annou)
                              contiki-z1.a(rime.o) (broadcast_announcement_init)
contiki-z1.a(broadcast.o)     contiki-z1.a(broadcast-annou) (broadcast_open)
contiki-z1.a(abc.o)           sync_main.co (abc_open)
contiki-z1.a(chameleon.o)     contiki-z1.a(rime.o) (chameleon_init)
contiki-z1.a(channel.o)       contiki-z1.a(chameleon.o) (channel_init)
contiki-z1.a(chameleon-bitop)
                              contiki-z1.a(chameleon.o) (chameleon_bitopt)
contiki-z1.a(nullrdc.o)       obj_z1/contiki-z1-main.o (nullrdc_driver)
contiki-z1.a(mac.o)           contiki-z1.a(nullrdc.o) (mac_call_sent_callback)
contiki-z1.a(framer-802154.o)
                              contiki-z1.a(nullrdc.o) (framer_802154)
contiki-z1.a(csma.o)          obj_z1/contiki-z1-main.o (csma_driver)
contiki-z1.a(process.o)       obj_z1/contiki-z1-main.o (process_init)
contiki-z1.a(autostart.o)     obj_z1/contiki-z1-main.o (autostart_start)
contiki-z1.a(serial-line.o)   obj_z1/contiki-z1-main.o (serial_line_input_byte)
contiki-z1.a(memb.o)          contiki-z1.a(csma.o) (memb_init)
contiki-z1.a(list.o)          contiki-z1.a(announcement.o) (list_init)
contiki-z1.a(etimer.o)        obj_z1/contiki-z1-main.o (etimer_process)
contiki-z1.a(ctimer.o)        obj_z1/contiki-z1-main.o (ctimer_init)
contiki-z1.a(energest.o)      obj_z1/contiki-z1-main.o (energest_init)
contiki-z1.a(rtimer.o)        obj_z1/contiki-z1-main.o (rtimer_init)
contiki-z1.a(random.o)        contiki-z1.a(broadcast-annou) (random_rand)
contiki-z1.a(ringbuf.o)       contiki-z1.a(serial-line.o) (ringbuf_init)
contiki-z1.a(packetbuf.o)     contiki-z1.a(chameleon-bitop) (packetbuf_hdrreduce)
contiki-z1.a(queuebuf.o)      contiki-z1.a(rime.o) (queuebuf_init)
contiki-z1.a(contiki-z1-plat)
                              obj_z1/contiki-z1-main.o (init_platform)
contiki-z1.a(msp430.o)        obj_z1/contiki-z1-main.o (msp430_cpu_init)
contiki-z1.a(leds.o)          obj_z1/contiki-z1-main.o (leds_init)
contiki-z1.a(watchdog.o)      obj_z1/contiki-z1-main.o (watchdog_start)
contiki-z1.a(xmem.o)          obj_z1/contiki-z1-main.o (xmem_init)
contiki-z1.a(spi.o)           contiki-z1.a(xmem.o) (spi_init)
contiki-z1.a(cc2420.o)        obj_z1/contiki-z1-main.o (cc2420_set_channel)
contiki-z1.a(cc2420-arch.o)   contiki-z1.a(cc2420.o) (cc2420_arch_init)
contiki-z1.a(node-id.o)       obj_z1/contiki-z1-main.o (node_id_restore)
contiki-z1.a(sensors.o)       contiki-z1.a(contiki-z1-plat) (sensors_process)
contiki-z1.a(button-sensor.o)
                              obj_z1/contiki-z1-main.o (button_sensor)
contiki-z1.a(uart0.o)         obj_z1/contiki-z1-main.o (uart0_active)
contiki-z1.a(uart0-putchar.o)
                              obj_z1/ntp.o (putchar)
contiki-z1.a(adxl345.o)       obj_z1/contiki-z1-main.o (accm_init)
contiki-z1.a(clock.o)         obj_z1/sclock.o (clock_time)
contiki-z1.a(leds-arch.o)     contiki-z1.a(leds.o) (leds_arch_init)
contiki-z1.a(rtimer-arch.o)   contiki-z1.a(rtimer.o) (rtimer_arch_init)
contiki-z1.a(frame802154.o)   contiki-z1.a(framer-802154.o) (frame802154_hdrlen)
contiki-z1.a(timer.o)         contiki-z1.a(etimer.o) (timer_set)
contiki-z1.a(i2cmaster.o)     contiki-z1.a(adxl345.o) (i2c_receiveinit)
/usr/local/msp430/bin/../lib/gcc/msp430/4.7.0/mcpu-430x/mmpy-16/libgcc.a(_mulsi3.o)
                              contiki-z1.a(csma.o) (__mulsi3)
/usr/local/msp430/bin/../lib/gcc/msp430/4.7.0/mcpu-430x/mmpy-16/libgcc.a(_udivmod16.o)
                              obj_z1/sclock.o (__udivhi3)
/usr/local/msp430/bin/../lib/gcc/msp430/4.7.0/mcpu-430x/mmpy-16/libgcc.a(_udivmod32.o)
                              obj_z1/sclock.o (__udivsi3)
/usr/local/msp430/bin/../lib/gcc/msp430/4.7.0/../../../../msp430/lib/mcpu-430x/mmpy-16/libc.a(printf.o)
                              obj_z1/ntp.o (printf)
/usr/local/msp430/bin/../lib/gcc/msp430/4.7.0/../../../../msp430/lib/mcpu-430x/mmpy-16/libc.a(vuprintf.o)
                              /usr/local/msp430/bin/../lib/gcc/msp430/4.7.0/../../../../msp430/lib/mcpu-430x/mmpy-16/libc.a(printf.o) (vuprintf)
/usr/local/msp430/bin/../lib/gcc/msp430/4.7.0/../../../../msp430/lib/mcpu-430x/mmpy-16/libc.a(puts.o)
                              obj_z1/ntp.o (puts)
/usr/local/msp430/bin/../lib/gcc/msp430/4.7.0/../../../../msp430/lib/mcpu-430x/mmpy-16/libc.a(rand.o)
                              contiki-z1.a(random.o) (rand)
/usr/local/msp430/bin/../lib/gcc/msp430/4.7.0/../../../../msp430/lib/mcpu-430x/mmpy-16/libc.a(strncmp.o)
                              contiki-z1.a(sensors.o) (strncmp)
/usr/local/msp430/bin/../lib/gcc/msp430/4.7.0/../../../../msp430/lib/mcpu-430x/mmpy-16/libc.a(memcmp.o)
                              contiki-z1.a(rimeaddr.o) (memcmp)
[...]
Memory Configuration

Name             Origin             Length             Attributes
sfr              0x00000000         0x00000010
peripheral_8bit  0x00000010         0x000000f0
peripheral_16bit 0x00000100         0x00000100
ram_mirror       0x00000200         0x00000800         xw
infomem          0x00001000         0x00000100
infod            0x00001000         0x00000040
infoc            0x00001040         0x00000040
infob            0x00001080         0x00000040
infoa            0x000010c0         0x00000040
ram              0x00001100         0x00002000         xw
rom              0x00003100         0x0000cebe         xr
vectors          0x0000ffc0         0x00000040
far_rom          0x00010000         0x0000a000
bsl              0x00000000         0x00000000
ram2             0x00000000         0x00000000         xw
usbram           0x00000000         0x00000000         xw
*default*        0x00000000         0xffffffff

Linker script and memory map

LOAD /usr/local/msp430/bin/../lib/gcc/msp430/4.7.0/mcpu-430x/mmpy-16/crt0ivtbl32.o
                0x00000041                __P1SEL2 = 0x41
                0x00000045                __P5SEL2 = 0x45
LOAD sync_main.co
LOAD obj_z1/ntp.o
LOAD obj_z1/sclock.o
LOAD obj_z1/timestamp.o
LOAD obj_z1/contiki-z1-main.o
LOAD contiki-z1.a
LOAD /usr/local/msp430/bin/../lib/gcc/msp430/4.7.0/mcpu-430x/mmpy-16/libgcc.a
LOAD /usr/local/msp430/bin/../lib/gcc/msp430/4.7.0/../../../../msp430/lib/mcpu-430x/mmpy-16/libc.a
LOAD /usr/local/msp430/bin/../lib/gcc/msp430/4.7.0/mcpu-430x/mmpy-16/libgcc.a
LOAD /usr/local/msp430/bin/../lib/gcc/msp430/4.7.0/mcpu-430x/mmpy-16/libcrt0.a
                0x00000040                PROVIDE (__info_segment_size, 0x40)
                0x00001000                PROVIDE (__infod, 0x1000)
                0x00001040                PROVIDE (__infoc, 0x1040)
                0x00001080                PROVIDE (__infob, 0x1080)
                0x000010c0                PROVIDE (__infoa, 0x10c0)
                0x00000000                __IE1 = 0x0
                0x00000002                __IFG1 = 0x2
                0x00000001                __IE2 = 0x1
                0x00000003                __IFG2 = 0x3
                0x00000006                __UC1IE = 0x6
                0x00000007                __UC1IFG = 0x7
                0x000001a0                __ADC12CTL0 = 0x1a0
                0x000001a2                __ADC12CTL1 = 0x1a2
                0x000001a4                __ADC12IFG = 0x1a4
                0x000001a6                __ADC12IE = 0x1a6
                0x000001a8                __ADC12IV = 0x1a8
                0x00000140                __ADC12MEM0 = 0x140
                0x00000142                __ADC12MEM1 = 0x142
                0x00000144                __ADC12MEM2 = 0x144
                0x00000146                __ADC12MEM3 = 0x146
                0x00000148                __ADC12MEM4 = 0x148
                0x0000014a                __ADC12MEM5 = 0x14a
                0x0000014c                __ADC12MEM6 = 0x14c
                0x0000014e                __ADC12MEM7 = 0x14e
                0x00000150                __ADC12MEM8 = 0x150
                0x00000152                __ADC12MEM9 = 0x152
                0x00000154                __ADC12MEM10 = 0x154
                0x00000156                __ADC12MEM11 = 0x156
                0x00000158                __ADC12MEM12 = 0x158
                0x0000015a                __ADC12MEM13 = 0x15a
                0x0000015c                __ADC12MEM14 = 0x15c
                0x0000015e                __ADC12MEM15 = 0x15e
                0x00000080                __ADC12MCTL0 = 0x80
                0x00000081                __ADC12MCTL1 = 0x81
                0x00000082                __ADC12MCTL2 = 0x82
                0x00000083                __ADC12MCTL3 = 0x83
                0x00000084                __ADC12MCTL4 = 0x84
                0x00000085                __ADC12MCTL5 = 0x85
                0x00000086                __ADC12MCTL6 = 0x86
                0x00000087                __ADC12MCTL7 = 0x87
                0x00000088                __ADC12MCTL8 = 0x88
                0x00000089                __ADC12MCTL9 = 0x89
                0x0000008a                __ADC12MCTL10 = 0x8a
                0x0000008b                __ADC12MCTL11 = 0x8b
                0x0000008c                __ADC12MCTL12 = 0x8c
                0x0000008d                __ADC12MCTL13 = 0x8d
                0x0000008e                __ADC12MCTL14 = 0x8e
                0x0000008f                __ADC12MCTL15 = 0x8f
                0x00000056                __DCOCTL = 0x56
                0x00000057                __BCSCTL1 = 0x57
                0x00000058                __BCSCTL2 = 0x58
                0x00000053                __BCSCTL3 = 0x53
                0x00000059                __CACTL1 = 0x59
                0x0000005a                __CACTL2 = 0x5a
                0x0000005b                __CAPD = 0x5b
                0x000001c0                __DAC12_0CTL = 0x1c0
                0x000001c2                __DAC12_1CTL = 0x1c2
                0x000001c8                __DAC12_0DAT = 0x1c8
                0x000001ca                __DAC12_1DAT = 0x1ca
                0x00000122                __DMACTL0 = 0x122
                0x00000124                __DMACTL1 = 0x124
                0x00000126                __DMAIV = 0x126
                0x000001d0                __DMA0CTL = 0x1d0
                0x000001dc                __DMA1CTL = 0x1dc
                0x000001e8                __DMA2CTL = 0x1e8
                0x000001d2                __DMA0SA = 0x1d2
                0x000001d2                __DMA0SAL = 0x1d2
                0x000001d6                __DMA0DA = 0x1d6
                0x000001d6                __DMA0DAL = 0x1d6
                0x000001da                __DMA0SZ = 0x1da
                0x000001de                __DMA1SA = 0x1de
                0x000001de                __DMA1SAL = 0x1de
                0x000001e2                __DMA1DA = 0x1e2
                0x000001e2                __DMA1DAL = 0x1e2
                0x000001e6                __DMA1SZ = 0x1e6
                0x000001ea                __DMA2SA = 0x1ea
                0x000001ea                __DMA2SAL = 0x1ea
                0x000001ee                __DMA2DA = 0x1ee
                0x000001ee                __DMA2DAL = 0x1ee
                0x000001f2                __DMA2SZ = 0x1f2
                0x00000128                __FCTL1 = 0x128
                0x0000012a                __FCTL2 = 0x12a
                0x0000012c                __FCTL3 = 0x12c
                0x000001be                __FCTL4 = 0x1be
                0x00000130                __MPY = 0x130
                0x00000132                __MPYS = 0x132
                0x00000134                __MAC = 0x134
                0x00000136                __MACS = 0x136
                0x00000138                __OP2 = 0x138
                0x0000013a                __RESLO = 0x13a
                0x0000013c                __RESHI = 0x13c
                0x0000013e                __SUMEXT = 0x13e
                0x00000020                __P1IN = 0x20
                0x00000021                __P1OUT = 0x21
                0x00000022                __P1DIR = 0x22
                0x00000023                __P1IFG = 0x23
                0x00000024                __P1IES = 0x24
                0x00000025                __P1IE = 0x25
                0x00000026                __P1SEL = 0x26
                0x00000027                __P1REN = 0x27
                0x00000028                __P2IN = 0x28
                0x00000029                __P2OUT = 0x29
                0x0000002a                __P2DIR = 0x2a
                0x0000002b                __P2IFG = 0x2b
                0x0000002c                __P2IES = 0x2c
                0x0000002d                __P2IE = 0x2d
                0x0000002e                __P2SEL = 0x2e
                0x0000002f                __P2REN = 0x2f
                0x00000018                __P3IN = 0x18
                0x00000019                __P3OUT = 0x19
                0x0000001a                __P3DIR = 0x1a
                0x0000001b                __P3SEL = 0x1b
                0x00000010                __P3REN = 0x10
                0x0000001c                __P4IN = 0x1c
                0x0000001d                __P4OUT = 0x1d
                0x0000001e                __P4DIR = 0x1e
                0x0000001f                __P4SEL = 0x1f
                0x00000011                __P4REN = 0x11
                0x00000030                __P5IN = 0x30
                0x00000031                __P5OUT = 0x31
                0x00000032                __P5DIR = 0x32
                0x00000033                __P5SEL = 0x33
                0x00000012                __P5REN = 0x12
                0x00000034                __P6IN = 0x34
                0x00000035                __P6OUT = 0x35
                0x00000036                __P6DIR = 0x36
                0x00000037                __P6SEL = 0x37
                0x00000013                __P6REN = 0x13
                0x00000038                __P7IN = 0x38
                0x0000003a                __P7OUT = 0x3a
                0x0000003c                __P7DIR = 0x3c
                0x0000003e                __P7SEL = 0x3e
                0x00000014                __P7REN = 0x14
                0x00000039                __P8IN = 0x39
                0x0000003b                __P8OUT = 0x3b
                0x0000003d                __P8DIR = 0x3d
                0x0000003f                __P8SEL = 0x3f
                0x00000015                __P8REN = 0x15
                0x00000038                __PAIN = 0x38
                0x0000003a                __PAOUT = 0x3a
                0x0000003c                __PADIR = 0x3c
                0x0000003e                __PASEL = 0x3e
                0x00000014                __PAREN = 0x14
                0x00000055                __SVSCTL = 0x55
                0x0000012e                __TAIV = 0x12e
                0x00000160                __TACTL = 0x160
                0x00000162                __TACCTL0 = 0x162
                0x00000164                __TACCTL1 = 0x164
                0x00000166                __TACCTL2 = 0x166
                0x00000170                __TAR = 0x170
                0x00000172                __TACCR0 = 0x172
                0x00000174                __TACCR1 = 0x174
                0x00000176                __TACCR2 = 0x176
                0x0000011e                __TBIV = 0x11e
                0x00000180                __TBCTL = 0x180
                0x00000182                __TBCCTL0 = 0x182
                0x00000184                __TBCCTL1 = 0x184
                0x00000186                __TBCCTL2 = 0x186
                0x00000188                __TBCCTL3 = 0x188
                0x0000018a                __TBCCTL4 = 0x18a
                0x0000018c                __TBCCTL5 = 0x18c
                0x0000018e                __TBCCTL6 = 0x18e
                0x00000190                __TBR = 0x190
                0x00000192                __TBCCR0 = 0x192
                0x00000194                __TBCCR1 = 0x194
                0x00000196                __TBCCR2 = 0x196
                0x00000198                __TBCCR3 = 0x198
                0x0000019a                __TBCCR4 = 0x19a
                0x0000019c                __TBCCR5 = 0x19c
                0x0000019e                __TBCCR6 = 0x19e
                0x00000060                __UCA0CTL0 = 0x60
                0x00000061                __UCA0CTL1 = 0x61
                0x00000062                __UCA0BR0 = 0x62
                0x00000063                __UCA0BR1 = 0x63
                0x00000064                __UCA0MCTL = 0x64
                0x00000065                __UCA0STAT = 0x65
                0x00000066                __UCA0RXBUF = 0x66
                0x00000067                __UCA0TXBUF = 0x67
                0x0000005d                __UCA0ABCTL = 0x5d
                0x0000005e                __UCA0IRTCTL = 0x5e
                0x0000005f                __UCA0IRRCTL = 0x5f
                0x00000068                __UCB0CTL0 = 0x68
                0x00000069                __UCB0CTL1 = 0x69
                0x0000006a                __UCB0BR0 = 0x6a
                0x0000006b                __UCB0BR1 = 0x6b
                0x0000006c                __UCB0I2CIE = 0x6c
                0x0000006d                __UCB0STAT = 0x6d
                0x0000006e                __UCB0RXBUF = 0x6e
                0x0000006f                __UCB0TXBUF = 0x6f
                0x00000118                __UCB0I2COA = 0x118
                0x0000011a                __UCB0I2CSA = 0x11a
                0x000000d0                __UCA1CTL0 = 0xd0
                0x000000d1                __UCA1CTL1 = 0xd1
                0x000000d2                __UCA1BR0 = 0xd2
                0x000000d3                __UCA1BR1 = 0xd3
                0x000000d4                __UCA1MCTL = 0xd4
                0x000000d5                __UCA1STAT = 0xd5
                0x000000d6                __UCA1RXBUF = 0xd6
                0x000000d7                __UCA1TXBUF = 0xd7
                0x000000cd                __UCA1ABCTL = 0xcd
                0x000000ce                __UCA1IRTCTL = 0xce
                0x000000cf                __UCA1IRRCTL = 0xcf
                0x000000d8                __UCB1CTL0 = 0xd8
                0x000000d9                __UCB1CTL1 = 0xd9
                0x000000da                __UCB1BR0 = 0xda
                0x000000db                __UCB1BR1 = 0xdb
                0x000000dc                __UCB1I2CIE = 0xdc
                0x000000dd                __UCB1STAT = 0xdd
                0x000000de                __UCB1RXBUF = 0xde
                0x000000df                __UCB1TXBUF = 0xdf
                0x0000017c                __UCB1I2COA = 0x17c
                0x0000017e                __UCB1I2CSA = 0x17e
                0x00000120                __WDTCTL = 0x120
                0x000010c0                __TLV_CHECKSUM = 0x10c0
                0x000010f6                __TLV_DCO_30_TAG = 0x10f6
                0x000010f7                __TLV_DCO_30_LEN = 0x10f7
                0x000010da                __TLV_ADC12_1_TAG = 0x10da
                0x000010db                __TLV_ADC12_1_LEN = 0x10db
                0x000010f8                __CALDCO_16MHZ = 0x10f8
                0x000010f9                __CALBC1_16MHZ = 0x10f9
                0x000010fa                __CALDCO_12MHZ = 0x10fa
                0x000010fb                __CALBC1_12MHZ = 0x10fb
                0x000010fc                __CALDCO_8MHZ = 0x10fc
                0x000010fd                __CALBC1_8MHZ = 0x10fd
                0x000010fe                __CALDCO_1MHZ = 0x10fe
                0x000010ff                __CALBC1_1MHZ = 0x10ff

.hash
 *(.hash)

.dynsym
 *(.dynsym)

.dynstr
 *(.dynstr)

.gnu.version
 *(.gnu.version)

.gnu.version_d
 *(.gnu.version_d)

.gnu.version_r
 *(.gnu.version_r)

.rel.init
 *(.rel.init)

.rela.init
 *(.rela.init)

.rel.fini
 *(.rel.fini)

.rela.fini
 *(.rela.fini)

.rel.text
 *(.rel.text .rel.text.* .rel.gnu.linkonce.t.*)

.rela.text
 *(.rela.text .rela.text.* .rela.gnu.linkonce.t.*)

.rel.rodata
 *(.rel.rodata .rel.rodata.* .rel.gnu.linkonce.r.*)

.rela.rodata
 *(.rela.rodata .rela.rodata.* .rela.gnu.linkonce.r.*)

.rel.data
 *(.rel.data .rel.data.* .rel.gnu.linkonce.d.*)

.rela.data
 *(.rela.data .rela.data.* .rela.gnu.linkonce.d.*)

.rel.bss
 *(.rel.bss .rel.bss.* .rel.gnu.linkonce.b.*)

.rela.bss
 *(.rela.bss .rela.bss.* .rela.gnu.linkonce.b.*)

.rel.ctors
 *(.rel.ctors)

.rela.ctors
 *(.rela.ctors)

.rel.dtors
 *(.rel.dtors)

.rela.dtors
 *(.rela.dtors)

.rel.got
 *(.rel.got)

.rela.got
 *(.rela.got)

.rel.plt
 *(.rel.plt)

.rela.plt
 *(.rela.plt)

.text           0x00003100     0x6062
                0x00003100                . = ALIGN (0x2)
 *(.init .init.*)
 *(.init0)
 .init0         0x00003100        0x0 /usr/local/msp430/bin/../lib/gcc/msp430/4.7.0/mcpu-430x/mmpy-16/libcrt0.a(_reset_vector__.o)
                0x00003100                _reset_vector__
 *(.init1)
 .init1         0x00003100        0xc /usr/local/msp430/bin/../lib/gcc/msp430/4.7.0/mcpu-430x/mmpy-16/libcrt0.a(__watchdog_support.o)
                0x00003100                __watchdog_support
 *(.init2)
 .init2         0x0000310c        0x4 /usr/local/msp430/bin/../lib/gcc/msp430/4.7.0/mcpu-430x/mmpy-16/libcrt0.a(__init_stack.o)
                0x0000310c                __init_stack
 *(.init3)
 .init3         0x00003110        0x0 /usr/local/msp430/bin/../lib/gcc/msp430/4.7.0/mcpu-430x/mmpy-16/libcrt0.a(__low_level_init.o)
                0x00003110                __low_level_init
 *(.init4)
 .init4         0x00003110       0x18 /usr/local/msp430/bin/../lib/gcc/msp430/4.7.0/mcpu-430x/mmpy-16/libcrt0.a(_copy_data.o)
                0x00003110                __do_copy_data
 .init4         0x00003128       0x16 /usr/local/msp430/bin/../lib/gcc/msp430/4.7.0/mcpu-430x/mmpy-16/libcrt0.a(_clear_bss.o)
                0x00003128                __do_clear_bss
 *(.init5)
 *(.init6)
 *(.init7)
 *(.init8)
 *(.init9)
 .init9         0x0000313e      0x302 obj_z1/contiki-z1-main.o
                0x0000313e                main
 *(.fini9)
 .fini9         0x00003440        0x0 /usr/local/msp430/bin/../lib/gcc/msp430/4.7.0/mcpu-430x/mmpy-16/libcrt0.a(__stop_progExec__.o)
                0x00003440                __stop_progExec__
 *(.fini8)
 *(.fini7)
 *(.fini6)
 *(.fini5)
 *(.fini4)
 *(.fini3)
 *(.fini2)
 *(.fini1)
 *(.fini0)
 .fini0         0x00003440        0x6 /usr/local/msp430/bin/../lib/gcc/msp430/4.7.0/mcpu-430x/mmpy-16/libcrt0.a(_endless_loop__.o)
                0x00003440                _endless_loop__
 *(.fini .fini.*)
                0x00003446                . = ALIGN (0x2)
                0x00003446                __ctors_start = .
 *(.ctors)
                0x00003446                __ctors_end = .
                0x00003446                __dtors_start = .
 *(.dtors)
                0x00003446                __dtors_end = .
                0x00003446                . = ALIGN (0x2)
 *(.text .text.* .gnu.linkonce.t.*)
 .text          0x00003446        0x4 /usr/local/msp430/bin/../lib/gcc/msp430/4.7.0/mcpu-430x/mmpy-16/crt0ivtbl32.o
                0x00003446                __isr_14
                0x00003446                __isr_4
                0x00003446                __isr_29
                0x00003446                __isr_11
                0x00003446                __isr_5
                0x00003446                __isr_2
                0x00003446                __isr_10
                0x00003446                __isr_7
                0x00003446                __isr_0
                0x00003446                __isr_28
                0x00003446                __isr_8
                0x00003446                __isr_20
                0x00003446                __isr_3
                0x00003446                __isr_12
                0x00003446                __isr_13
                0x00003446                __isr_27
                0x00003446                __isr_9
                0x00003446                __isr_30
                0x00003446                __isr_6
                0x00003446                __isr_22
                0x00003446                __isr_1
                0x00003446                __isr_15
                0x00003446                __isr_21
 .text.crt0     0x0000344a        0x0 /usr/local/msp430/bin/../lib/gcc/msp430/4.7.0/mcpu-430x/mmpy-16/crt0ivtbl32.o
 .text          0x0000344a      0x168 sync_main.co
                0x00003522                loop
 .text          0x000035b2      0x45e obj_z1/ntp.o
                0x000035b2                print_packet
                0x00003608                ntp_create
                0x0000360a                ntp_init
                0x00003642                ntp_put_t1
                0x00003668                ntp_put_t2
                0x00003692                ntp_put_t3
                0x000036bc                ntp_make_request
                0x000036c6                ntp_make_ack
                0x00003706                print_ntp
                0x00003754                ntp_calc
                0x000039a4                ntp_handle_ack
 .text          0x00003a10      0x488 obj_z1/sclock.o
                0x00003a10                sclock_create
                0x00003a12                sclock_init
                0x00003a48                sclock_update
                0x00003b10                sclock_now
                0x00003b26                sclock_tick_to_timestamp
                0x00003c68                sclock_rtimer_set
                0x00003cf6                sclock_hold_time
                0x00003da0                sclock_etimer_set
                0x00003e3c                sclock_etimer_set_long
 .text          0x00003e98      0xa8c obj_z1/timestamp.o
                0x00003e98                timestamp_arrange
                0x00004090                timestamp_is_overflow
                0x000040d0                timestamp_is_empty
                0x000040f4                timestamp_init
                0x00004112                timestamp_add
                0x00004140                timestamp_plus
                0x0000419a                timestamp_subtract
                0x00004264                timestamp_minus
                0x00004332                timestamp_divide
                0x0000445a                packet_get_index
                0x00004476                timestamp_to_packet
                0x000045fa                timestamp_from_packet
                0x0000483e                timestamp_cmp
                0x000048b8                timestamp_cpy
                0x000048e2                print_timestamp
 .text          0x00004924        0x6 obj_z1/contiki-z1-main.o
                0x00004924                uip_log
 .text          0x0000492a       0x2a contiki-z1.a(rimeaddr.o)
                0x0000492a                rimeaddr_copy
                0x00004936                rimeaddr_cmp
                0x00004948                rimeaddr_set_node_addr
 .text          0x00004954       0xd8 contiki-z1.a(rime.o)
                0x000049f0                rime_sniffer_add
                0x000049fc                rime_sniffer_remove
                0x00004a08                rime_output
 .text          0x00004a2c      0x114 contiki-z1.a(announcement.o)
                0x00004a2c                announcement_init
                0x00004a36                announcement_register
                0x00004a70                announcement_remove
                0x00004a7c                announcement_remove_value
                0x00004a9e                announcement_set_value
                0x00004ac6                announcement_bump
                0x00004ae8                announcement_listen
                0x00004af4                announcement_register_listen_callback
                0x00004afa                announcement_register_observer_callback
                0x00004b00                announcement_list
                0x00004b0a                announcement_heard
 .text          0x00004b40      0x1bc contiki-z1.a(broadcast-annou)
                0x00004c8c                broadcast_announcement_init
                0x00004cd0                broadcast_announcement_stop
                0x00004cf2                broadcast_announcement_beacon_interval
 .text          0x00004cfc       0x78 contiki-z1.a(broadcast.o)
                0x00004d32                broadcast_open
                0x00004d54                broadcast_close
                0x00004d5a                broadcast_send
 .text          0x00004d74       0x48 contiki-z1.a(abc.o)
                0x00004d74                abc_open
                0x00004d92                abc_close
                0x00004d98                abc_send
                0x00004d9e                abc_input
                0x00004dac                abc_sent
 .text          0x00004dbc       0x38 contiki-z1.a(chameleon.o)
                0x00004dbc                chameleon_init
                0x00004dc2                chameleon_parse
                0x00004dd2                chameleon_create
                0x00004dee                chameleon_hdrsize
 .text          0x00004df4       0x66 contiki-z1.a(channel.o)
                0x00004df4                channel_init
                0x00004dfe                channel_open
                0x00004e0e                channel_close
                0x00004e1a                channel_lookup
                0x00004e3a                channel_set_attributes
 .text          0x00004e5a      0x2ec contiki-z1.a(chameleon-bitop)
                0x00004e70                get_bits_in_byte
                0x00004ea6                get_bits
                0x00004fe4                set_bits_in_byte
                0x0000500e                set_bits
 .text          0x00005146       0xe8 contiki-z1.a(nullrdc.o)
 .text          0x0000522e       0x14 contiki-z1.a(mac.o)
                0x0000522e                mac_call_sent_callback
 .text          0x00005242      0x1b2 contiki-z1.a(framer-802154.o)
 .text          0x000053f4      0x35c contiki-z1.a(csma.o)
 .text          0x00005750      0x2a0 contiki-z1.a(process.o)
                0x0000584c                process_alloc_event
                0x0000585a                process_exit
                0x00005864                process_init
                0x00005880                process_run
                0x00005924                process_nevents
                0x00005932                process_post
                0x00005982                process_post_synch
                0x00005994                process_start
                0x000059ca                process_poll
                0x000059e2                process_is_running
 .text          0x000059f0       0x2a contiki-z1.a(autostart.o)
                0x000059f0                autostart_start
                0x00005a06                autostart_exit
 .text          0x00005a1a      0x104 contiki-z1.a(serial-line.o)
                0x00005ab8                serial_line_input_byte
                0x00005b02                serial_line_init
 .text          0x00005b1e       0xd8 contiki-z1.a(memb.o)
                0x00005b1e                memb_init
                0x00005b54                memb_alloc
                0x00005b92                memb_free
                0x00005bcc                memb_inmemb
 .text          0x00005bf6       0xec contiki-z1.a(list.o)
                0x00005bf6                list_init
                0x00005bfc                list_head
                0x00005c00                list_copy
                0x00005c06                list_tail
                0x00005c18                list_chop
                0x00005c32                list_pop
                0x00005c40                list_remove
                0x00005c74                list_push
                0x00005c8a                list_add
                0x00005cb0                list_length
                0x00005cc0                list_insert
                0x00005cd6                list_item_next
 .text          0x00005ce2      0x258 contiki-z1.a(etimer.o)
                0x00005d52                etimer_request_poll
                0x00005e60                etimer_set
                0x00005e72                etimer_reset
                0x00005e84                etimer_restart
                0x00005e96                etimer_adjust
                0x00005eb0                etimer_expired
                0x00005ebe                etimer_expiration_time
                0x00005ed2                etimer_start_time
                0x00005eda                etimer_pending
                0x00005ee6                etimer_next_expiration_time
                0x00005efc                etimer_stop
 .text          0x00005f3a      0x1ce contiki-z1.a(ctimer.o)
                0x00005fda                ctimer_init
                0x00005ff2                ctimer_set
                0x00006044                ctimer_reset
                0x0000607a                ctimer_restart
                0x000060b0                ctimer_stop
                0x000060d8                ctimer_expired
 .text          0x00006108       0xaa contiki-z1.a(energest.o)
                0x00006108                energest_init
                0x0000612c                energest_type_time
                0x00006168                energest_leveldevice_leveltime
                0x0000616e                energest_type_set
                0x0000617a                energest_flush
 .text          0x000061b2       0x50 contiki-z1.a(rtimer.o)
                0x000061b2                rtimer_init
                0x000061b8                rtimer_set
                0x000061dc                rtimer_run_next
 .text          0x00006202        0xc contiki-z1.a(random.o)
                0x00006202                random_init
                0x00006208                random_rand
 .text          0x0000620e       0x94 contiki-z1.a(ringbuf.o)
                0x0000620e                ringbuf_init
                0x00006222                ringbuf_put
                0x0000625a                ringbuf_get
                0x00006288                ringbuf_size
                0x00006290                ringbuf_elements
 .text          0x000062a2      0x216 contiki-z1.a(packetbuf.o)
                0x000062a2                packetbuf_clear_hdr
                0x000062aa                packetbuf_copyto_hdr
                0x000062c6                packetbuf_copyto
                0x0000630c                packetbuf_hdr_remove
                0x00006312                packetbuf_hdrreduce
                0x0000632c                packetbuf_set_datalen
                0x00006332                packetbuf_dataptr
                0x00006340                packetbuf_hdrptr
                0x0000634a                packetbuf_is_reference
                0x00006358                packetbuf_compact
                0x000063a0                packetbuf_reference_ptr
                0x000063a6                packetbuf_datalen
                0x000063ac                packetbuf_hdrlen
                0x000063b6                packetbuf_totlen
                0x000063c6                packetbuf_hdralloc
                0x000063f0                packetbuf_attr_clear
                0x0000641c                packetbuf_clear
                0x00006436                packetbuf_reference
                0x0000644c                packetbuf_copyfrom
                0x00006476                packetbuf_attr_copyto
                0x00006496                packetbuf_attr_copyfrom
 .text          0x000064b8      0x1a6 contiki-z1.a(queuebuf.o)
                0x000064b8                queuebuf_init
                0x000064d2                queuebuf_new_from_packetbuf
                0x0000654c                queuebuf_update_attr_from_packetbuf
                0x0000655e                queuebuf_free
                0x0000659e                queuebuf_to_packetbuf
                0x00006608                queuebuf_dataptr
                0x0000663a                queuebuf_datalen
                0x00006640                queuebuf_addr
                0x0000664e                queuebuf_attr
                0x0000665c                queuebuf_debug_print
 .text          0x0000665e        0xc contiki-z1.a(contiki-z1-plat)
                0x0000665e                init_platform
 .text          0x0000666a       0xd2 contiki-z1.a(msp430.o)
                0x0000666a                msp430_init_dco
                0x00006692                msp430_quick_synch_dco
                0x0000670e                msp430_cpu_init
                0x00006734                splhigh_
 .text          0x0000673c      0x168 contiki-z1.a(leds.o)
                0x00006834                leds_init
                0x00006842                leds_get
                0x00006848                leds_on
                0x0000685c                leds_off
                0x00006870                leds_invert
                0x0000687a                leds_toggle
                0x00006880                leds_blink
 .text          0x000068a4       0x54 contiki-z1.a(watchdog.o)
                0x000068a4                watchdog_start
                0x000068b8                watchdog_periodic
                0x000068ca                watchdog_stop
                0x000068e0                watchdog_init
                0x000068f2                watchdog_reboot
 .text          0x000068f8      0x30a contiki-z1.a(xmem.o)
                0x00006964                xmem_init
                0x00006982                xmem_pread
                0x00006a44                xmem_pwrite
                0x00006b58                xmem_erase
 .text          0x00006c02       0x32 contiki-z1.a(spi.o)
                0x00006c02                spi_init
 .text          0x00006c34      0x9d0 contiki-z1.a(cc2420.o)
                0x00006f30                cc2420_on
                0x00006f52                cc2420_off
                0x00007112                cc2420_get_channel
                0x00007118                cc2420_set_channel
                0x00007190                cc2420_set_pan_addr
                0x000072b0                cc2420_init
                0x0000737a                cc2420_interrupt
                0x00007398                cc2420_set_txpower
                0x000073a6                cc2420_get_txpower
                0x0000756c                cc2420_rssi
                0x000075ca                cc2420_cca_valid
                0x000075ee                cc2420_set_cca_threshold
 .text          0x00007604       0x1a contiki-z1.a(cc2420-arch.o)
                0x00007604                cc2420_arch_init
 .text          0x0000761e       0x96 contiki-z1.a(node-id.o)
                0x0000761e                node_id_restore
                0x0000766a                node_id_burn
 .text          0x000076b4      0x156 contiki-z1.a(sensors.o)
                0x00007776                sensors_first
                0x0000777c                sensors_next
                0x000077a0                sensors_changed
                0x000077ca                sensors_find
 .text          0x0000780a       0x86 contiki-z1.a(button-sensor.o)
 .text          0x00007890       0x6a contiki-z1.a(uart0.o)
                0x00007890                uart0_active
                0x0000789e                uart0_set_input
                0x000078a4                uart0_writeb
                0x000078ba                uart0_init
 .text          0x000078fa       0x10 contiki-z1.a(uart0-putchar.o)
                0x000078fa                putchar
 .text          0x0000790a      0x254 contiki-z1.a(adxl345.o)
                0x0000790a                accm_write_reg
                0x00007938                accm_write_stream
                0x00007962                accm_read_reg
                0x00007a0c                accm_read_stream
                0x00007a5e                accm_read_axis
                0x00007a84                accm_set_grange
                0x00007aa8                accm_init
                0x00007b32                accm_set_irq
 .text          0x00007b5e       0xda contiki-z1.a(clock.o)
                0x00007b5e                clock_time
                0x00007b78                clock_set
                0x00007b8e                clock_fine_max
                0x00007b94                clock_fine
                0x00007ba0                clock_init
                0x00007bc8                clock_delay
                0x00007bd4                clock_wait
                0x00007bf8                clock_set_seconds
                0x00007c10                clock_seconds
                0x00007c2a                clock_counter
 .text          0x00007c38       0x74 contiki-z1.a(leds-arch.o)
                0x00007c38                leds_arch_init
                0x00007c46                leds_arch_get
                0x00007c74                leds_arch_set
 .text          0x00007cac       0x22 contiki-z1.a(rtimer-arch.o)
                0x00007cac                rtimer_arch_init
                0x00007cba                rtimer_arch_now
                0x00007cc8                rtimer_arch_schedule
 .text          0x00007cce      0x366 contiki-z1.a(frame802154.o)
                0x00007d5a                frame802154_hdrlen
                0x00007d88                frame802154_create
                0x00007ebe                frame802154_parse
 .text          0x00008034       0x8c contiki-z1.a(timer.o)
                0x00008034                timer_set
                0x00008050                timer_reset
                0x0000805e                timer_restart
                0x00008072                timer_expired
                0x0000809c                timer_remaining
 .text          0x000080c0       0xfa contiki-z1.a(i2cmaster.o)
                0x000080c0                i2c_receiveinit
                0x000080f4                i2c_transmitinit
                0x00008122                i2c_receive_n
                0x00008160                i2c_busy
                0x0000816a                i2c_enable
                0x0000818c                i2c_disable
                0x000081a6                i2c_transmit_n
 .text          0x000081ba        0x0 /usr/local/msp430/bin/../lib/gcc/msp430/4.7.0/mcpu-430x/mmpy-16/libgcc.a(_mulsi3.o)
 .text.libgcc   0x000081ba       0x26 /usr/local/msp430/bin/../lib/gcc/msp430/4.7.0/mcpu-430x/mmpy-16/libgcc.a(_mulsi3.o)
                0x000081ba                __mulsi3
 .text          0x000081e0        0x0 /usr/local/msp430/bin/../lib/gcc/msp430/4.7.0/mcpu-430x/mmpy-16/libgcc.a(_udivmod16.o)
 .text.libgcc   0x000081e0       0x22 /usr/local/msp430/bin/../lib/gcc/msp430/4.7.0/mcpu-430x/mmpy-16/libgcc.a(_udivmod16.o)
                0x000081e0                __udivhi3
                0x000081e0                __ext_udivmod16
                0x000081fa                __umodhi3
 .text          0x00008202        0x0 /usr/local/msp430/bin/../lib/gcc/msp430/4.7.0/mcpu-430x/mmpy-16/libgcc.a(_udivmod32.o)
 .text.libgcc   0x00008202       0x38 /usr/local/msp430/bin/../lib/gcc/msp430/4.7.0/mcpu-430x/mmpy-16/libgcc.a(_udivmod32.o)
                0x00008202                __udivsi3
                0x00008202                __ext_udivmod32
                0x00008230                __umodsi3
 .text          0x0000823a        0x0 /usr/local/msp430/bin/../lib/gcc/msp430/4.7.0/../../../../msp430/lib/mcpu-430x/mmpy-16/libc.a(printf.o)
 .text.printf   0x0000823a       0x10 /usr/local/msp430/bin/../lib/gcc/msp430/4.7.0/../../../../msp430/lib/mcpu-430x/mmpy-16/libc.a(printf.o)
                0x0000823a                printf
 .text.vprintf  0x0000824a        0xe /usr/local/msp430/bin/../lib/gcc/msp430/4.7.0/../../../../msp430/lib/mcpu-430x/mmpy-16/libc.a(printf.o)
                0x0000824a                vprintf
 .text          0x00008258        0x0 /usr/local/msp430/bin/../lib/gcc/msp430/4.7.0/../../../../msp430/lib/mcpu-430x/mmpy-16/libc.a(vuprintf.o)
 .text.print_field
                0x00008258      0x176 /usr/local/msp430/bin/../lib/gcc/msp430/4.7.0/../../../../msp430/lib/mcpu-430x/mmpy-16/libc.a(vuprintf.o)
 .text.vuprintf
                0x000083ce      0x740 /usr/local/msp430/bin/../lib/gcc/msp430/4.7.0/../../../../msp430/lib/mcpu-430x/mmpy-16/libc.a(vuprintf.o)
                0x000083ce                vuprintf
 .text          0x00008b0e        0x0 /usr/local/msp430/bin/../lib/gcc/msp430/4.7.0/../../../../msp430/lib/mcpu-430x/mmpy-16/libc.a(puts.o)
 .text.puts     0x00008b0e       0x2c /usr/local/msp430/bin/../lib/gcc/msp430/4.7.0/../../../../msp430/lib/mcpu-430x/mmpy-16/libc.a(puts.o)
                0x00008b0e                puts
 .text          0x00008b3a        0x0 /usr/local/msp430/bin/../lib/gcc/msp430/4.7.0/../../../../msp430/lib/mcpu-430x/mmpy-16/libc.a(rand.o)
 .text.rand_r   0x00008b3a       0x24 /usr/local/msp430/bin/../lib/gcc/msp430/4.7.0/../../../../msp430/lib/mcpu-430x/mmpy-16/libc.a(rand.o)
                0x00008b3a                rand_r
 .text.rand     0x00008b5e       0x26 /usr/local/msp430/bin/../lib/gcc/msp430/4.7.0/../../../../msp430/lib/mcpu-430x/mmpy-16/libc.a(rand.o)
                0x00008b5e                rand
 .text.srand    0x00008b84        0xa /usr/local/msp430/bin/../lib/gcc/msp430/4.7.0/../../../../msp430/lib/mcpu-430x/mmpy-16/libc.a(rand.o)
                0x00008b84                srand
 .text          0x00008b8e        0x0 /usr/local/msp430/bin/../lib/gcc/msp430/4.7.0/../../../../msp430/lib/mcpu-430x/mmpy-16/libc.a(strncmp.o)
 .text.strncmp  0x00008b8e       0x2a /usr/local/msp430/bin/../lib/gcc/msp430/4.7.0/../../../../msp430/lib/mcpu-430x/mmpy-16/libc.a(strncmp.o)
                0x00008b8e                strncmp
 .text          0x00008bb8        0x0 /usr/local/msp430/bin/../lib/gcc/msp430/4.7.0/../../../../msp430/lib/mcpu-430x/mmpy-16/libc.a(memcmp.o)
 .text.memcmp   0x00008bb8       0x2c /usr/local/msp430/bin/../lib/gcc/msp430/4.7.0/../../../../msp430/lib/mcpu-430x/mmpy-16/libc.a(memcmp.o)
                0x00008bb8                memcmp
 .text          0x00008be4        0x0 /usr/local/msp430/bin/../lib/gcc/msp430/4.7.0/../../../../msp430/lib/mcpu-430x/mmpy-16/libc.a(memcpy.o)
 .text.memcpy   0x00008be4       0xe8 /usr/local/msp430/bin/../lib/gcc/msp430/4.7.0/../../../../msp430/lib/mcpu-430x/mmpy-16/libc.a(memcpy.o)
                0x00008be4                memcpy
 .text          0x00008ccc        0x0 /usr/local/msp430/bin/../lib/gcc/msp430/4.7.0/../../../../msp430/lib/mcpu-430x/mmpy-16/libc.a(memset.o)
 .text.memset   0x00008ccc       0x5c /usr/local/msp430/bin/../lib/gcc/msp430/4.7.0/../../../../msp430/lib/mcpu-430x/mmpy-16/libc.a(memset.o)
                0x00008ccc                memset
 .text          0x00008d28        0x0 /usr/local/msp430/bin/../lib/gcc/msp430/4.7.0/mcpu-430x/mmpy-16/libgcc.a(_udivmod64.o)
 .text.libgcc   0x00008d28       0xbc /usr/local/msp430/bin/../lib/gcc/msp430/4.7.0/mcpu-430x/mmpy-16/libgcc.a(_udivmod64.o)
                0x00008d28                __xabi_udivmod64
                0x00008d7a                __udivdi3
                0x00008d94                __umoddi3
                0x00008db6                __udivmoddi4
 .text          0x00008de4        0x0 /usr/local/msp430/bin/../lib/gcc/msp430/4.7.0/mcpu-430x/mmpy-16/libcrt0.a(_reset_vector__.o)
 .text          0x00008de4        0x0 /usr/local/msp430/bin/../lib/gcc/msp430/4.7.0/mcpu-430x/mmpy-16/libcrt0.a(__watchdog_support.o)
 .text          0x00008de4        0x0 /usr/local/msp430/bin/../lib/gcc/msp430/4.7.0/mcpu-430x/mmpy-16/libcrt0.a(__init_stack.o)
 .text          0x00008de4        0x0 /usr/local/msp430/bin/../lib/gcc/msp430/4.7.0/mcpu-430x/mmpy-16/libcrt0.a(__low_level_init.o)
 .text          0x00008de4        0x0 /usr/local/msp430/bin/../lib/gcc/msp430/4.7.0/mcpu-430x/mmpy-16/libcrt0.a(_copy_data.o)
 .text          0x00008de4        0x0 /usr/local/msp430/bin/../lib/gcc/msp430/4.7.0/mcpu-430x/mmpy-16/libcrt0.a(_clear_bss.o)
 .text          0x00008de4        0x0 /usr/local/msp430/bin/../lib/gcc/msp430/4.7.0/mcpu-430x/mmpy-16/libcrt0.a(__stop_progExec__.o)
 .text          0x00008de4        0x0 /usr/local/msp430/bin/../lib/gcc/msp430/4.7.0/mcpu-430x/mmpy-16/libcrt0.a(_endless_loop__.o)
 .text          0x00008de4        0x0 /usr/local/msp430/bin/../lib/gcc/msp430/4.7.0/mcpu-430x/mmpy-16/libcrt0.a(_unexpected_.o)
 .text.crt0     0x00008de4        0x2 /usr/local/msp430/bin/../lib/gcc/msp430/4.7.0/mcpu-430x/mmpy-16/libcrt0.a(_unexpected_.o)
                0x00008de4                _unexpected_
 *(.near.text .near.text.*)
 .near.text     0x00008de6        0x6 contiki-z1.a(watchdog.o)
                0x00008de6                __isr_26
                0x00008de6                watchdog_interrupt
 .near.text     0x00008dec       0x76 contiki-z1.a(button-sensor.o)
                0x00008dec                irq_p2
                0x00008dec                __isr_19
 .near.text     0x00008e62       0x64 contiki-z1.a(uart0.o)
                0x00008e62                __isr_23
                0x00008e62                uart0_rx_interrupt
 .near.text     0x00008ec6       0xbe contiki-z1.a(adxl345.o)
                0x00008ec6                port1_isr
                0x00008ec6                __isr_18
 .near.text     0x00008f84       0xea contiki-z1.a(clock.o)
                0x00008f84                __isr_24
                0x00008f84                timera1
 .near.text     0x0000906e       0x5c contiki-z1.a(rtimer-arch.o)
                0x0000906e                __isr_25
                0x0000906e                timera0
 .near.text     0x000090ca       0x98 contiki-z1.a(i2cmaster.o)
                0x000090ca                __isr_16
                0x000090ca                i2c_tx_interrupt
                0x0000914e                i2c_rx_interrupt
                0x0000914e                __isr_17

.rodata         0x00009162      0x27b
                0x00009162                . = ALIGN (0x2)
 *(.rodata .rodata.* .gnu.linkonce.r.*)
 .rodata        0x00009162       0x12 sync_main.co
                0x00009162                autostart_processes
 .rodata        0x00009174       0x4c obj_z1/ntp.o
 .rodata        0x000091c0       0x3e obj_z1/timestamp.o
 .rodata        0x000091fe       0xd4 obj_z1/contiki-z1-main.o
 .rodata        0x000092d2        0x2 contiki-z1.a(rimeaddr.o)
                0x000092d2                rimeaddr_null
 .rodata        0x000092d4        0xc contiki-z1.a(rime.o)
                0x000092da                rime_driver
 .rodata        0x000092e0        0x4 contiki-z1.a(broadcast-annou)
 .rodata        0x000092e4        0x8 contiki-z1.a(broadcast.o)
 .rodata        0x000092ec        0x2 contiki-z1.a(abc.o)
 .rodata        0x000092ee       0x10 contiki-z1.a(chameleon-bitop)
                0x000092ee                chameleon_bitopt
 .rodata        0x000092fe       0x18 contiki-z1.a(nullrdc.o)
                0x00009306                nullrdc_driver
 .rodata        0x00009316        0x4 contiki-z1.a(framer-802154.o)
                0x00009316                framer_802154
 .rodata        0x0000931a       0x14 contiki-z1.a(csma.o)
                0x00009320                csma_driver
 .rodata        0x0000932e        0xe contiki-z1.a(serial-line.o)
 .rodata        0x0000933c        0xc contiki-z1.a(etimer.o)
 .rodata        0x00009348        0xf contiki-z1.a(ctimer.o)
 .rodata        0x00009357       0x2c contiki-z1.a(xmem.o)
 *fill*         0x00009383        0x1 00
 .rodata        0x00009384       0x22 contiki-z1.a(cc2420.o)
                0x00009384                cc2420_driver
 .rodata        0x000093a6        0x8 contiki-z1.a(sensors.o)
 .rodata        0x000093ae       0x10 contiki-z1.a(button-sensor.o)
                0x000093b6                button_sensor
 .rodata        0x000093be       0x16 contiki-z1.a(adxl345.o)
 .rodata        0x000093d4        0x2 contiki-z1.a(frame802154.o)
 .rodata.vuprintf
                0x000093d6        0x7 /usr/local/msp430/bin/../lib/gcc/msp430/4.7.0/../../../../msp430/lib/mcpu-430x/mmpy-16/libc.a(vuprintf.o)
 *(.near.rodata .near.rodata.*)
                0x000093de                . = ALIGN (0x2)
                0x000093de                _etext = .

.data           0x00001100       0x96 load address 0x000093de
                0x00001100                . = ALIGN (0x2)
                0x00001100                __data_start = .
 *(.data .data.* .gnu.linkonce.d.*)
 .data          0x00001100        0x0 /usr/local/msp430/bin/../lib/gcc/msp430/4.7.0/mcpu-430x/mmpy-16/crt0ivtbl32.o
 .data          0x00001100        0xa sync_main.co
                0x00001100                sync_main
 .data          0x0000110a        0x0 obj_z1/ntp.o
 .data          0x0000110a        0x0 obj_z1/sclock.o
 .data          0x0000110a        0x0 obj_z1/timestamp.o
 .data          0x0000110a        0x4 obj_z1/contiki-z1-main.o
                0x0000110a                sensors
 .data          0x0000110e        0x0 contiki-z1.a(rimeaddr.o)
 .data          0x0000110e        0x0 contiki-z1.a(rime.o)
 .data          0x0000110e        0x0 contiki-z1.a(announcement.o)
 .data          0x0000110e        0x0 contiki-z1.a(broadcast-annou)
 .data          0x0000110e        0x0 contiki-z1.a(broadcast.o)
 .data          0x0000110e        0x0 contiki-z1.a(abc.o)
 .data          0x0000110e        0x0 contiki-z1.a(chameleon.o)
 .data          0x0000110e        0x0 contiki-z1.a(channel.o)
 .data          0x0000110e        0x0 contiki-z1.a(chameleon-bitop)
 .data          0x0000110e        0x0 contiki-z1.a(nullrdc.o)
 .data          0x0000110e        0x0 contiki-z1.a(mac.o)
 .data          0x0000110e        0x0 contiki-z1.a(framer-802154.o)
 .data          0x0000110e       0x18 contiki-z1.a(csma.o)
 .data          0x00001126        0x0 contiki-z1.a(process.o)
 .data          0x00001126        0x0 contiki-z1.a(autostart.o)
 .data          0x00001126        0xa contiki-z1.a(serial-line.o)
                0x00001126                serial_line_process
 .data          0x00001130        0x0 contiki-z1.a(memb.o)
 .data          0x00001130        0x0 contiki-z1.a(list.o)
 .data          0x00001130        0xa contiki-z1.a(etimer.o)
                0x00001130                etimer_process
 .data          0x0000113a        0xa contiki-z1.a(ctimer.o)
                0x0000113a                ctimer_process
 .data          0x00001144        0x0 contiki-z1.a(energest.o)
 .data          0x00001144        0x0 contiki-z1.a(rtimer.o)
 .data          0x00001144        0x0 contiki-z1.a(random.o)
 .data          0x00001144        0x0 contiki-z1.a(ringbuf.o)
 .data          0x00001144        0x0 contiki-z1.a(packetbuf.o)
 .data          0x00001144       0x18 contiki-z1.a(queuebuf.o)
 .data          0x0000115c        0x0 contiki-z1.a(contiki-z1-plat)
 .data          0x0000115c        0x2 contiki-z1.a(msp430.o)
 .data          0x0000115e        0x0 contiki-z1.a(leds.o)
 .data          0x0000115e        0x0 contiki-z1.a(watchdog.o)
 .data          0x0000115e        0x0 contiki-z1.a(xmem.o)
 .data          0x0000115e        0x0 contiki-z1.a(spi.o)
 .data          0x0000115e        0xa contiki-z1.a(cc2420.o)
                0x0000115e                cc2420_process
 .data          0x00001168        0x0 contiki-z1.a(cc2420-arch.o)
 .data          0x00001168        0x0 contiki-z1.a(node-id.o)
 .data          0x00001168        0xa contiki-z1.a(sensors.o)
                0x00001168                sensors_process
 .data          0x00001172        0x0 contiki-z1.a(button-sensor.o)
 .data          0x00001172        0x0 contiki-z1.a(uart0.o)
 .data          0x00001172        0x0 contiki-z1.a(uart0-putchar.o)
 .data          0x00001172       0x20 contiki-z1.a(adxl345.o)
                0x00001172                accmeter_process
 .data          0x00001192        0x0 contiki-z1.a(clock.o)
 .data          0x00001192        0x0 contiki-z1.a(leds-arch.o)
 .data          0x00001192        0x0 contiki-z1.a(rtimer-arch.o)
 .data          0x00001192        0x0 contiki-z1.a(frame802154.o)
 .data          0x00001192        0x0 contiki-z1.a(timer.o)
 .data          0x00001192        0x0 contiki-z1.a(i2cmaster.o)
 .data          0x00001192        0x0 /usr/local/msp430/bin/../lib/gcc/msp430/4.7.0/mcpu-430x/mmpy-16/libgcc.a(_mulsi3.o)
 .data          0x00001192        0x0 /usr/local/msp430/bin/../lib/gcc/msp430/4.7.0/mcpu-430x/mmpy-16/libgcc.a(_udivmod16.o)
 .data          0x00001192        0x0 /usr/local/msp430/bin/../lib/gcc/msp430/4.7.0/mcpu-430x/mmpy-16/libgcc.a(_udivmod32.o)
 .data          0x00001192        0x0 /usr/local/msp430/bin/../lib/gcc/msp430/4.7.0/../../../../msp430/lib/mcpu-430x/mmpy-16/libc.a(printf.o)
 .data          0x00001192        0x0 /usr/local/msp430/bin/../lib/gcc/msp430/4.7.0/../../../../msp430/lib/mcpu-430x/mmpy-16/libc.a(vuprintf.o)
 .data          0x00001192        0x0 /usr/local/msp430/bin/../lib/gcc/msp430/4.7.0/../../../../msp430/lib/mcpu-430x/mmpy-16/libc.a(puts.o)
 .data          0x00001192        0x0 /usr/local/msp430/bin/../lib/gcc/msp430/4.7.0/../../../../msp430/lib/mcpu-430x/mmpy-16/libc.a(rand.o)
 .data.next     0x00001192        0x4 /usr/local/msp430/bin/../lib/gcc/msp430/4.7.0/../../../../msp430/lib/mcpu-430x/mmpy-16/libc.a(rand.o)
 .data          0x00001196        0x0 /usr/local/msp430/bin/../lib/gcc/msp430/4.7.0/../../../../msp430/lib/mcpu-430x/mmpy-16/libc.a(strncmp.o)
 .data          0x00001196        0x0 /usr/local/msp430/bin/../lib/gcc/msp430/4.7.0/../../../../msp430/lib/mcpu-430x/mmpy-16/libc.a(memcmp.o)
 .data          0x00001196        0x0 /usr/local/msp430/bin/../lib/gcc/msp430/4.7.0/../../../../msp430/lib/mcpu-430x/mmpy-16/libc.a(memcpy.o)
 .data          0x00001196        0x0 /usr/local/msp430/bin/../lib/gcc/msp430/4.7.0/../../../../msp430/lib/mcpu-430x/mmpy-16/libc.a(memset.o)
 .data          0x00001196        0x0 /usr/local/msp430/bin/../lib/gcc/msp430/4.7.0/mcpu-430x/mmpy-16/libgcc.a(_udivmod64.o)
 .data          0x00001196        0x0 /usr/local/msp430/bin/../lib/gcc/msp430/4.7.0/mcpu-430x/mmpy-16/libcrt0.a(_reset_vector__.o)
 .data          0x00001196        0x0 /usr/local/msp430/bin/../lib/gcc/msp430/4.7.0/mcpu-430x/mmpy-16/libcrt0.a(__watchdog_support.o)
 .data          0x00001196        0x0 /usr/local/msp430/bin/../lib/gcc/msp430/4.7.0/mcpu-430x/mmpy-16/libcrt0.a(__init_stack.o)
 .data          0x00001196        0x0 /usr/local/msp430/bin/../lib/gcc/msp430/4.7.0/mcpu-430x/mmpy-16/libcrt0.a(__low_level_init.o)
 .data          0x00001196        0x0 /usr/local/msp430/bin/../lib/gcc/msp430/4.7.0/mcpu-430x/mmpy-16/libcrt0.a(_copy_data.o)
 .data          0x00001196        0x0 /usr/local/msp430/bin/../lib/gcc/msp430/4.7.0/mcpu-430x/mmpy-16/libcrt0.a(_clear_bss.o)
 .data          0x00001196        0x0 /usr/local/msp430/bin/../lib/gcc/msp430/4.7.0/mcpu-430x/mmpy-16/libcrt0.a(__stop_progExec__.o)
 .data          0x00001196        0x0 /usr/local/msp430/bin/../lib/gcc/msp430/4.7.0/mcpu-430x/mmpy-16/libcrt0.a(_endless_loop__.o)
 .data          0x00001196        0x0 /usr/local/msp430/bin/../lib/gcc/msp430/4.7.0/mcpu-430x/mmpy-16/libcrt0.a(_unexpected_.o)
 *(.near.data .near.data.*)
                0x00001196                . = ALIGN (0x2)
                0x00001196                _edata = .
                0x000093de                __data_load_start = LOADADDR (.data)
                0x00000096                __data_size = SIZEOF (.data)

.bss            0x00001196      0xaea load address 0x00009474
                0x00001196                __bss_start = .
 *(.bss .bss.*)
 .bss           0x00001196        0x0 /usr/local/msp430/bin/../lib/gcc/msp430/4.7.0/mcpu-430x/mmpy-16/crt0ivtbl32.o
 .bss           0x00001196       0x5a sync_main.co
 .bss           0x000011f0        0x4 obj_z1/ntp.o
 .bss           0x000011f4        0x0 obj_z1/sclock.o
 .bss           0x000011f4        0x0 obj_z1/timestamp.o
 .bss           0x000011f4        0x4 obj_z1/contiki-z1-main.o
 .bss           0x000011f8        0x0 contiki-z1.a(rimeaddr.o)
 .bss           0x000011f8        0x2 contiki-z1.a(rime.o)
 .bss           0x000011fa        0x6 contiki-z1.a(announcement.o)
 .bss           0x00001200       0x48 contiki-z1.a(broadcast-annou)
 .bss           0x00001248        0x0 contiki-z1.a(broadcast.o)
 .bss           0x00001248        0x0 contiki-z1.a(abc.o)
 .bss           0x00001248        0x0 contiki-z1.a(chameleon.o)
 .bss           0x00001248        0x2 contiki-z1.a(channel.o)
 .bss           0x0000124a        0x0 contiki-z1.a(chameleon-bitop)
 .bss           0x0000124a        0x0 contiki-z1.a(nullrdc.o)
 .bss           0x0000124a        0x0 contiki-z1.a(mac.o)
 .bss           0x0000124a        0x2 contiki-z1.a(framer-802154.o)
 .bss           0x0000124c       0xb6 contiki-z1.a(csma.o)
 .bss           0x00001302       0x42 contiki-z1.a(process.o)
                0x00001302                process_current
                0x00001304                process_list
 .bss           0x00001344        0x0 contiki-z1.a(autostart.o)
 .bss           0x00001344      0x10a contiki-z1.a(serial-line.o)
 .bss           0x0000144e        0x0 contiki-z1.a(memb.o)
 .bss           0x0000144e        0x0 contiki-z1.a(list.o)
 .bss           0x0000144e        0x6 contiki-z1.a(etimer.o)
 .bss           0x00001454        0x4 contiki-z1.a(ctimer.o)
 .bss           0x00001458        0x0 contiki-z1.a(energest.o)
 .bss           0x00001458        0x2 contiki-z1.a(rtimer.o)
 .bss           0x0000145a        0x0 contiki-z1.a(random.o)
 .bss           0x0000145a        0x0 contiki-z1.a(ringbuf.o)
 .bss           0x0000145a       0xba contiki-z1.a(packetbuf.o)
 .bss           0x00001514      0x65e contiki-z1.a(queuebuf.o)
 .bss           0x00001b72        0x0 contiki-z1.a(contiki-z1-plat)
 .bss           0x00001b72        0x0 contiki-z1.a(msp430.o)
 .bss           0x00001b72        0x2 contiki-z1.a(leds.o)
 .bss           0x00001b74        0x2 contiki-z1.a(watchdog.o)
 .bss           0x00001b76        0x0 contiki-z1.a(xmem.o)
 .bss           0x00001b76        0x1 contiki-z1.a(spi.o)
                0x00001b76                spi_busy
 *fill*         0x00001b77        0x1 00
 .bss           0x00001b78        0xa contiki-z1.a(cc2420.o)
 .bss           0x00001b82        0x0 contiki-z1.a(cc2420-arch.o)
 .bss           0x00001b82        0x2 contiki-z1.a(node-id.o)
                0x00001b82                node_id
 .bss           0x00001b84        0x6 contiki-z1.a(sensors.o)
 .bss           0x00001b8a        0x8 contiki-z1.a(button-sensor.o)
 .bss           0x00001b92        0x4 contiki-z1.a(uart0.o)
 .bss           0x00001b96        0x0 contiki-z1.a(uart0-putchar.o)
 .bss           0x00001b96       0x16 contiki-z1.a(adxl345.o)
 .bss           0x00001bac        0xa contiki-z1.a(clock.o)
 .bss           0x00001bb6        0x0 contiki-z1.a(leds-arch.o)
 .bss           0x00001bb6        0x0 contiki-z1.a(rtimer-arch.o)
 .bss           0x00001bb6        0x0 contiki-z1.a(frame802154.o)
 .bss           0x00001bb6        0x0 contiki-z1.a(timer.o)
 .bss           0x00001bb6        0x2 contiki-z1.a(i2cmaster.o)
 .bss           0x00001bb8        0x0 /usr/local/msp430/bin/../lib/gcc/msp430/4.7.0/mcpu-430x/mmpy-16/libgcc.a(_mulsi3.o)
 .bss           0x00001bb8        0x0 /usr/local/msp430/bin/../lib/gcc/msp430/4.7.0/mcpu-430x/mmpy-16/libgcc.a(_udivmod16.o)
 .bss           0x00001bb8        0x0 /usr/local/msp430/bin/../lib/gcc/msp430/4.7.0/mcpu-430x/mmpy-16/libgcc.a(_udivmod32.o)
 .bss           0x00001bb8        0x0 /usr/local/msp430/bin/../lib/gcc/msp430/4.7.0/../../../../msp430/lib/mcpu-430x/mmpy-16/libc.a(printf.o)
 .bss           0x00001bb8        0x0 /usr/local/msp430/bin/../lib/gcc/msp430/4.7.0/../../../../msp430/lib/mcpu-430x/mmpy-16/libc.a(vuprintf.o)
 .bss           0x00001bb8        0x0 /usr/local/msp430/bin/../lib/gcc/msp430/4.7.0/../../../../msp430/lib/mcpu-430x/mmpy-16/libc.a(puts.o)
 .bss           0x00001bb8        0x0 /usr/local/msp430/bin/../lib/gcc/msp430/4.7.0/../../../../msp430/lib/mcpu-430x/mmpy-16/libc.a(rand.o)
 .bss           0x00001bb8        0x0 /usr/local/msp430/bin/../lib/gcc/msp430/4.7.0/../../../../msp430/lib/mcpu-430x/mmpy-16/libc.a(strncmp.o)
 .bss           0x00001bb8        0x0 /usr/local/msp430/bin/../lib/gcc/msp430/4.7.0/../../../../msp430/lib/mcpu-430x/mmpy-16/libc.a(memcmp.o)
 .bss           0x00001bb8        0x0 /usr/local/msp430/bin/../lib/gcc/msp430/4.7.0/../../../../msp430/lib/mcpu-430x/mmpy-16/libc.a(memcpy.o)
 .bss           0x00001bb8        0x0 /usr/local/msp430/bin/../lib/gcc/msp430/4.7.0/../../../../msp430/lib/mcpu-430x/mmpy-16/libc.a(memset.o)
 .bss           0x00001bb8        0x0 /usr/local/msp430/bin/../lib/gcc/msp430/4.7.0/mcpu-430x/mmpy-16/libgcc.a(_udivmod64.o)
 .bss           0x00001bb8        0x0 /usr/local/msp430/bin/../lib/gcc/msp430/4.7.0/mcpu-430x/mmpy-16/libcrt0.a(_reset_vector__.o)
 .bss           0x00001bb8        0x0 /usr/local/msp430/bin/../lib/gcc/msp430/4.7.0/mcpu-430x/mmpy-16/libcrt0.a(__watchdog_support.o)
 .bss           0x00001bb8        0x0 /usr/local/msp430/bin/../lib/gcc/msp430/4.7.0/mcpu-430x/mmpy-16/libcrt0.a(__init_stack.o)
 .bss           0x00001bb8        0x0 /usr/local/msp430/bin/../lib/gcc/msp430/4.7.0/mcpu-430x/mmpy-16/libcrt0.a(__low_level_init.o)
 .bss           0x00001bb8        0x0 /usr/local/msp430/bin/../lib/gcc/msp430/4.7.0/mcpu-430x/mmpy-16/libcrt0.a(_copy_data.o)
 .bss           0x00001bb8        0x0 /usr/local/msp430/bin/../lib/gcc/msp430/4.7.0/mcpu-430x/mmpy-16/libcrt0.a(_clear_bss.o)
 .bss           0x00001bb8        0x0 /usr/local/msp430/bin/../lib/gcc/msp430/4.7.0/mcpu-430x/mmpy-16/libcrt0.a(__stop_progExec__.o)
 .bss           0x00001bb8        0x0 /usr/local/msp430/bin/../lib/gcc/msp430/4.7.0/mcpu-430x/mmpy-16/libcrt0.a(_endless_loop__.o)
 .bss           0x00001bb8        0x0 /usr/local/msp430/bin/../lib/gcc/msp430/4.7.0/mcpu-430x/mmpy-16/libcrt0.a(_unexpected_.o)
 *(.near.bss .near.bss.*)
 *(COMMON)
 COMMON         0x00001bb8        0x2 obj_z1/contiki-z1-main.o
                0x00001bb8                sensors_flags
 COMMON         0x00001bba        0x2 contiki-z1.a(rimeaddr.o)
                0x00001bba                rimeaddr_node_addr
 COMMON         0x00001bbc        0x1 contiki-z1.a(process.o)
                0x00001bbc                process_maxevents
 COMMON         0x00001bbd        0x1 contiki-z1.a(serial-line.o)
                0x00001bbd                serial_line_event_message
 COMMON         0x00001bbe       0x56 contiki-z1.a(energest.o)
                0x00001bbe                energest_total_time
                0x00001bee                energest_total_count
                0x00001bf0                energest_current_mode
                0x00001bfc                energest_current_time
 COMMON         0x00001c14       0x38 contiki-z1.a(packetbuf.o)
                0x00001c14                packetbuf_addrs
                0x00001c1c                packetbuf_attrs
 COMMON         0x00001c4c       0x14 contiki-z1.a(cc2420.o)
                0x00001c4c                cc2420_last_rssi
                0x00001c4e                cc2420_packets_read
                0x00001c50                cc2420_packets_seen
                0x00001c52                cc2420_sfd_start_time
                0x00001c54                cc2420_time_of_departure
                0x00001c56                cc2420_time_of_arrival
                0x00001c58                cc2420_last_correlation
                0x00001c5a                cc2420_authority_level_of_sender
                0x00001c5c                cc2420_sfd_counter
                0x00001c5e                cc2420_sfd_end_time
 COMMON         0x00001c60        0x8 contiki-z1.a(node-id.o)
                0x00001c60                node_mac
 COMMON         0x00001c68        0x1 contiki-z1.a(sensors.o)
                0x00001c68                sensors_event
 *fill*         0x00001c69        0x1 00
 COMMON         0x00001c6a        0x7 contiki-z1.a(adxl345.o)
                0x00001c6a                accm_int2_cb
                0x00001c6c                int2_event
                0x00001c6e                accm_int1_cb
                0x00001c70                int1_event
 *fill*         0x00001c71        0x1 00
 COMMON         0x00001c72        0xe contiki-z1.a(i2cmaster.o)
                0x00001c72                transmit_data1
                0x00001c73                rx_byte_ctr
                0x00001c74                tx_buf_ptr
                0x00001c76                tx_byte_ctr
                0x00001c78                i
                0x00001c7a                receive_data
                0x00001c7b                rx_buf
                0x00001c7d                transmit_data2
                0x00001c7e                rx_buf_ptr
                0x00001c80                . = ALIGN (0x2)
                0x00001c80                __bss_end = .
                0x00000aea                __bss_size = SIZEOF (.bss)

.noinit         0x00001c80        0x2 load address 0x00009474
                0x00001c80                . = ALIGN (0x2)
                0x00001c80                __noinit_start = .
 *(.noinit .noinit.*)
 .noinit.crt0   0x00001c80        0x2 /usr/local/msp430/bin/../lib/gcc/msp430/4.7.0/mcpu-430x/mmpy-16/libcrt0.a(__watchdog_support.o)
                0x00001c80                __wdt_clear_value
                0x00001c82                . = ALIGN (0x2)
                0x00001c82                __noinit_end = .
                0x00001c82                . = ALIGN (0x2)
                0x00001c82                _end = .

.infomem        0x00001000        0x0
                0x00001000                . = ALIGN (0x2)
 *(.infomem .infomem.*)

.infomemnobits  0x00001000        0x0
                0x00001000                . = ALIGN (0x2)
 *(.infomemnobits .infomemnobits.*)

.infoa          0x000010c0        0x0
                0x000010c0                . = ALIGN (0x2)
 *(.infoa .infoa.*)

.infob          0x00001080        0x0
                0x00001080                . = ALIGN (0x2)
 *(.infob .infob.*)

.infoc          0x00001040        0x0
                0x00001040                . = ALIGN (0x2)
 *(.infoc .infoc.*)

.infod          0x00001000        0x0
                0x00001000                . = ALIGN (0x2)
 *(.infod .infod.*)

.vectors        0x0000ffc0       0x40
                0x0000ffc0                __vectors_start = .
 *(.vectors*)
 .vectors       0x0000ffc0       0x40 /usr/local/msp430/bin/../lib/gcc/msp430/4.7.0/mcpu-430x/mmpy-16/crt0ivtbl32.o
                0x0000ffc0                __ivtbl_32
                0x00010000                _vectors_end = .

.fartext        0x00010000        0x0
                0x00010000                . = ALIGN (0x2)
 *(.fartext .fartext.*)

.far.text       0x00010000        0x0
                0x00010000                . = ALIGN (0x2)
 *(.far.text .far.text.*)

.far.rodata     0x00010000        0x0
                0x00010000                . = ALIGN (0x2)
 *(.far.rodata .far.rodata.*)
                0x00010000                . = ALIGN (0x2)
                0x00010000                _efartext = .

.far.data       0x00000000        0x0 load address 0x00010000
                0x00000000                . = ALIGN (0x2)
                0x00000000                __far_data_start = .
 *(.far.data .far.data.*)
                0x00000000                . = ALIGN (0x2)
                0x00000000                _efardata = .
                0x00010000                __far_data_load_start = LOADADDR (.far.data)
                0x00000000                __far_data_size = SIZEOF (.far.data)

.far.bss        0x00000000        0x0 load address 0x00010000
                0x00000000                . = ALIGN (0x2)
                0x00000000                __far_bss_start = .
 *(.far.bss .far.bss.*)
                0x00000000                . = ALIGN (0x2)
                0x00000000                __far_bss_end = .
                0x00000000                __far_bss_size = SIZEOF (.far.bss)
                0x00000000                . = ALIGN (0x2)
                0x00000000                _far_end = .

.profiler
 *(.profiler)

.stab
 *(.stab)

.stabstr
 *(.stabstr)

.stab.excl
 *(.stab.excl)

.stab.exclstr
 *(.stab.exclstr)

.stab.index
 *(.stab.index)

.stab.indexstr
 *(.stab.indexstr)

.comment        0x00000000       0x30
 *(.comment)
 .comment       0x00000000       0x30 sync_main.co
                                 0x31 (size before relaxing)
 .comment       0x00000000       0x31 obj_z1/ntp.o
 .comment       0x00000000       0x31 obj_z1/sclock.o
 .comment       0x00000000       0x31 obj_z1/timestamp.o
 .comment       0x00000000       0x31 obj_z1/contiki-z1-main.o
 .comment       0x00000000       0x31 contiki-z1.a(rimeaddr.o)
 .comment       0x00000000       0x31 contiki-z1.a(rime.o)
 .comment       0x00000000       0x31 contiki-z1.a(announcement.o)
 .comment       0x00000000       0x31 contiki-z1.a(broadcast-annou)
 .comment       0x00000000       0x31 contiki-z1.a(broadcast.o)
 .comment       0x00000000       0x31 contiki-z1.a(abc.o)
 .comment       0x00000000       0x31 contiki-z1.a(chameleon.o)
 .comment       0x00000000       0x31 contiki-z1.a(channel.o)
 .comment       0x00000000       0x31 contiki-z1.a(chameleon-bitop)
 .comment       0x00000000       0x31 contiki-z1.a(nullrdc.o)
 .comment       0x00000000       0x31 contiki-z1.a(mac.o)
 .comment       0x00000000       0x31 contiki-z1.a(framer-802154.o)
 .comment       0x00000000       0x31 contiki-z1.a(csma.o)
 .comment       0x00000000       0x31 contiki-z1.a(process.o)
 .comment       0x00000000       0x31 contiki-z1.a(autostart.o)
 .comment       0x00000000       0x31 contiki-z1.a(serial-line.o)
 .comment       0x00000000       0x31 contiki-z1.a(memb.o)
 .comment       0x00000000       0x31 contiki-z1.a(list.o)
 .comment       0x00000000       0x31 contiki-z1.a(etimer.o)
 .comment       0x00000000       0x31 contiki-z1.a(ctimer.o)
 .comment       0x00000000       0x31 contiki-z1.a(energest.o)
 .comment       0x00000000       0x31 contiki-z1.a(rtimer.o)
 .comment       0x00000000       0x31 contiki-z1.a(random.o)
 .comment       0x00000000       0x31 contiki-z1.a(ringbuf.o)
 .comment       0x00000000       0x31 contiki-z1.a(packetbuf.o)
 .comment       0x00000000       0x31 contiki-z1.a(queuebuf.o)
 .comment       0x00000000       0x31 contiki-z1.a(contiki-z1-plat)
 .comment       0x00000000       0x31 contiki-z1.a(msp430.o)
 .comment       0x00000000       0x31 contiki-z1.a(leds.o)
 .comment       0x00000000       0x31 contiki-z1.a(watchdog.o)
 .comment       0x00000000       0x31 contiki-z1.a(xmem.o)
 .comment       0x00000000       0x31 contiki-z1.a(spi.o)
 .comment       0x00000000       0x31 contiki-z1.a(cc2420.o)
 .comment       0x00000000       0x31 contiki-z1.a(cc2420-arch.o)
 .comment       0x00000000       0x31 contiki-z1.a(node-id.o)
 .comment       0x00000000       0x31 contiki-z1.a(sensors.o)
 .comment       0x00000000       0x31 contiki-z1.a(button-sensor.o)
 .comment       0x00000000       0x31 contiki-z1.a(uart0.o)
 .comment       0x00000000       0x31 contiki-z1.a(uart0-putchar.o)
 .comment       0x00000000       0x31 contiki-z1.a(adxl345.o)
 .comment       0x00000000       0x31 contiki-z1.a(clock.o)
 .comment       0x00000000       0x31 contiki-z1.a(leds-arch.o)
 .comment       0x00000000       0x31 contiki-z1.a(rtimer-arch.o)
 .comment       0x00000000       0x31 contiki-z1.a(frame802154.o)
 .comment       0x00000000       0x31 contiki-z1.a(timer.o)
 .comment       0x00000000       0x31 contiki-z1.a(i2cmaster.o)
 .comment       0x00000000       0x31 /usr/local/msp430/bin/../lib/gcc/msp430/4.7.0/../../../../msp430/lib/mcpu-430x/mmpy-16/libc.a(printf.o)
 .comment       0x00000000       0x31 /usr/local/msp430/bin/../lib/gcc/msp430/4.7.0/../../../../msp430/lib/mcpu-430x/mmpy-16/libc.a(vuprintf.o)
 .comment       0x00000000       0x31 /usr/local/msp430/bin/../lib/gcc/msp430/4.7.0/../../../../msp430/lib/mcpu-430x/mmpy-16/libc.a(puts.o)
 .comment       0x00000000       0x31 /usr/local/msp430/bin/../lib/gcc/msp430/4.7.0/../../../../msp430/lib/mcpu-430x/mmpy-16/libc.a(rand.o)
 .comment       0x00000000       0x31 /usr/local/msp430/bin/../lib/gcc/msp430/4.7.0/../../../../msp430/lib/mcpu-430x/mmpy-16/libc.a(strncmp.o)
 .comment       0x00000000       0x31 /usr/local/msp430/bin/../lib/gcc/msp430/4.7.0/../../../../msp430/lib/mcpu-430x/mmpy-16/libc.a(memcmp.o)
 .comment       0x00000000       0x31 /usr/local/msp430/bin/../lib/gcc/msp430/4.7.0/../../../../msp430/lib/mcpu-430x/mmpy-16/libc.a(memcpy.o)
 .comment       0x00000000       0x31 /usr/local/msp430/bin/../lib/gcc/msp430/4.7.0/../../../../msp430/lib/mcpu-430x/mmpy-16/libc.a(memset.o)

.debug
 *(.debug)

.line
 *(.line)

.debug_srcinfo
 *(.debug_srcinfo)

.debug_sfnames
 *(.debug_sfnames)

.debug_aranges  0x00000000      0x280
 *(.debug_aranges)
 .debug_aranges
                0x00000000       0x20 /usr/local/msp430/bin/../lib/gcc/msp430/4.7.0/mcpu-430x/mmpy-16/crt0ivtbl32.o
 .debug_aranges
                0x00000020       0x20 /usr/local/msp430/bin/../lib/gcc/msp430/4.7.0/mcpu-430x/mmpy-16/libgcc.a(_mulsi3.o)
 .debug_aranges
                0x00000040       0x20 /usr/local/msp430/bin/../lib/gcc/msp430/4.7.0/mcpu-430x/mmpy-16/libgcc.a(_udivmod16.o)
 .debug_aranges
                0x00000060       0x20 /usr/local/msp430/bin/../lib/gcc/msp430/4.7.0/mcpu-430x/mmpy-16/libgcc.a(_udivmod32.o)
 .debug_aranges
                0x00000080       0x28 /usr/local/msp430/bin/../lib/gcc/msp430/4.7.0/../../../../msp430/lib/mcpu-430x/mmpy-16/libc.a(printf.o)
 .debug_aranges
                0x000000a8       0x28 /usr/local/msp430/bin/../lib/gcc/msp430/4.7.0/../../../../msp430/lib/mcpu-430x/mmpy-16/libc.a(vuprintf.o)
 .debug_aranges
                0x000000d0       0x20 /usr/local/msp430/bin/../lib/gcc/msp430/4.7.0/../../../../msp430/lib/mcpu-430x/mmpy-16/libc.a(puts.o)
 .debug_aranges
                0x000000f0       0x30 /usr/local/msp430/bin/../lib/gcc/msp430/4.7.0/../../../../msp430/lib/mcpu-430x/mmpy-16/libc.a(rand.o)
 .debug_aranges
                0x00000120       0x20 /usr/local/msp430/bin/../lib/gcc/msp430/4.7.0/../../../../msp430/lib/mcpu-430x/mmpy-16/libc.a(strncmp.o)
 .debug_aranges
                0x00000140       0x20 /usr/local/msp430/bin/../lib/gcc/msp430/4.7.0/../../../../msp430/lib/mcpu-430x/mmpy-16/libc.a(memcmp.o)
 .debug_aranges
                0x00000160       0x20 /usr/local/msp430/bin/../lib/gcc/msp430/4.7.0/../../../../msp430/lib/mcpu-430x/mmpy-16/libc.a(memcpy.o)
 .debug_aranges
                0x00000180       0x20 /usr/local/msp430/bin/../lib/gcc/msp430/4.7.0/../../../../msp430/lib/mcpu-430x/mmpy-16/libc.a(memset.o)
 .debug_aranges
                0x000001a0       0x20 /usr/local/msp430/bin/../lib/gcc/msp430/4.7.0/mcpu-430x/mmpy-16/libgcc.a(_udivmod64.o)
 .debug_aranges
                0x000001c0       0x20 /usr/local/msp430/bin/../lib/gcc/msp430/4.7.0/mcpu-430x/mmpy-16/libcrt0.a(__watchdog_support.o)
 .debug_aranges
                0x000001e0       0x20 /usr/local/msp430/bin/../lib/gcc/msp430/4.7.0/mcpu-430x/mmpy-16/libcrt0.a(__init_stack.o)
 .debug_aranges
                0x00000200       0x20 /usr/local/msp430/bin/../lib/gcc/msp430/4.7.0/mcpu-430x/mmpy-16/libcrt0.a(_copy_data.o)
 .debug_aranges
                0x00000220       0x20 /usr/local/msp430/bin/../lib/gcc/msp430/4.7.0/mcpu-430x/mmpy-16/libcrt0.a(_clear_bss.o)
 .debug_aranges
                0x00000240       0x20 /usr/local/msp430/bin/../lib/gcc/msp430/4.7.0/mcpu-430x/mmpy-16/libcrt0.a(_endless_loop__.o)
 .debug_aranges
                0x00000260       0x20 /usr/local/msp430/bin/../lib/gcc/msp430/4.7.0/mcpu-430x/mmpy-16/libcrt0.a(_unexpected_.o)

.debug_pubnames
 *(.debug_pubnames)

.debug_info     0x00000000     0x15cf
 *(.debug_info)
 .debug_info    0x00000000       0xac /usr/local/msp430/bin/../lib/gcc/msp430/4.7.0/mcpu-430x/mmpy-16/crt0ivtbl32.o
 .debug_info    0x000000ac       0xa9 /usr/local/msp430/bin/../lib/gcc/msp430/4.7.0/mcpu-430x/mmpy-16/libgcc.a(_mulsi3.o)
 .debug_info    0x00000155       0xa9 /usr/local/msp430/bin/../lib/gcc/msp430/4.7.0/mcpu-430x/mmpy-16/libgcc.a(_udivmod16.o)
 .debug_info    0x000001fe       0xa9 /usr/local/msp430/bin/../lib/gcc/msp430/4.7.0/mcpu-430x/mmpy-16/libgcc.a(_udivmod32.o)
 .debug_info    0x000002a7      0x18d /usr/local/msp430/bin/../lib/gcc/msp430/4.7.0/../../../../msp430/lib/mcpu-430x/mmpy-16/libc.a(printf.o)
 .debug_info    0x00000434      0x66d /usr/local/msp430/bin/../lib/gcc/msp430/4.7.0/../../../../msp430/lib/mcpu-430x/mmpy-16/libc.a(vuprintf.o)
 .debug_info    0x00000aa1       0xe1 /usr/local/msp430/bin/../lib/gcc/msp430/4.7.0/../../../../msp430/lib/mcpu-430x/mmpy-16/libc.a(puts.o)
 .debug_info    0x00000b82      0x172 /usr/local/msp430/bin/../lib/gcc/msp430/4.7.0/../../../../msp430/lib/mcpu-430x/mmpy-16/libc.a(rand.o)
 .debug_info    0x00000cf4       0xd8 /usr/local/msp430/bin/../lib/gcc/msp430/4.7.0/../../../../msp430/lib/mcpu-430x/mmpy-16/libc.a(strncmp.o)
 .debug_info    0x00000dcc       0xff /usr/local/msp430/bin/../lib/gcc/msp430/4.7.0/../../../../msp430/lib/mcpu-430x/mmpy-16/libc.a(memcmp.o)
 .debug_info    0x00000ecb      0x144 /usr/local/msp430/bin/../lib/gcc/msp430/4.7.0/../../../../msp430/lib/mcpu-430x/mmpy-16/libc.a(memcpy.o)
 .debug_info    0x0000100f      0x12d /usr/local/msp430/bin/../lib/gcc/msp430/4.7.0/../../../../msp430/lib/mcpu-430x/mmpy-16/libc.a(memset.o)
 .debug_info    0x0000113c       0xa9 /usr/local/msp430/bin/../lib/gcc/msp430/4.7.0/mcpu-430x/mmpy-16/libgcc.a(_udivmod64.o)
 .debug_info    0x000011e5       0xa7 /usr/local/msp430/bin/../lib/gcc/msp430/4.7.0/mcpu-430x/mmpy-16/libcrt0.a(__watchdog_support.o)
 .debug_info    0x0000128c       0xa7 /usr/local/msp430/bin/../lib/gcc/msp430/4.7.0/mcpu-430x/mmpy-16/libcrt0.a(__init_stack.o)
 .debug_info    0x00001333       0xa7 /usr/local/msp430/bin/../lib/gcc/msp430/4.7.0/mcpu-430x/mmpy-16/libcrt0.a(_copy_data.o)
 .debug_info    0x000013da       0xa7 /usr/local/msp430/bin/../lib/gcc/msp430/4.7.0/mcpu-430x/mmpy-16/libcrt0.a(_clear_bss.o)
 .debug_info    0x00001481       0xa7 /usr/local/msp430/bin/../lib/gcc/msp430/4.7.0/mcpu-430x/mmpy-16/libcrt0.a(_endless_loop__.o)
 .debug_info    0x00001528       0xa7 /usr/local/msp430/bin/../lib/gcc/msp430/4.7.0/mcpu-430x/mmpy-16/libcrt0.a(_unexpected_.o)
 *(.gnu.linkonce.wi.*)

.debug_abbrev   0x00000000      0x80e
 *(.debug_abbrev)
 .debug_abbrev  0x00000000       0x14 /usr/local/msp430/bin/../lib/gcc/msp430/4.7.0/mcpu-430x/mmpy-16/crt0ivtbl32.o
 .debug_abbrev  0x00000014       0x14 /usr/local/msp430/bin/../lib/gcc/msp430/4.7.0/mcpu-430x/mmpy-16/libgcc.a(_mulsi3.o)
 .debug_abbrev  0x00000028       0x14 /usr/local/msp430/bin/../lib/gcc/msp430/4.7.0/mcpu-430x/mmpy-16/libgcc.a(_udivmod16.o)
 .debug_abbrev  0x0000003c       0x14 /usr/local/msp430/bin/../lib/gcc/msp430/4.7.0/mcpu-430x/mmpy-16/libgcc.a(_udivmod32.o)
 .debug_abbrev  0x00000050       0xfa /usr/local/msp430/bin/../lib/gcc/msp430/4.7.0/../../../../msp430/lib/mcpu-430x/mmpy-16/libc.a(printf.o)
 .debug_abbrev  0x0000014a      0x23e /usr/local/msp430/bin/../lib/gcc/msp430/4.7.0/../../../../msp430/lib/mcpu-430x/mmpy-16/libc.a(vuprintf.o)
 .debug_abbrev  0x00000388       0xa3 /usr/local/msp430/bin/../lib/gcc/msp430/4.7.0/../../../../msp430/lib/mcpu-430x/mmpy-16/libc.a(puts.o)
 .debug_abbrev  0x0000042b       0xfb /usr/local/msp430/bin/../lib/gcc/msp430/4.7.0/../../../../msp430/lib/mcpu-430x/mmpy-16/libc.a(rand.o)
 .debug_abbrev  0x00000526       0x72 /usr/local/msp430/bin/../lib/gcc/msp430/4.7.0/../../../../msp430/lib/mcpu-430x/mmpy-16/libc.a(strncmp.o)
 .debug_abbrev  0x00000598       0x9e /usr/local/msp430/bin/../lib/gcc/msp430/4.7.0/../../../../msp430/lib/mcpu-430x/mmpy-16/libc.a(memcmp.o)
 .debug_abbrev  0x00000636       0xab /usr/local/msp430/bin/../lib/gcc/msp430/4.7.0/../../../../msp430/lib/mcpu-430x/mmpy-16/libc.a(memcpy.o)
 .debug_abbrev  0x000006e1       0xa1 /usr/local/msp430/bin/../lib/gcc/msp430/4.7.0/../../../../msp430/lib/mcpu-430x/mmpy-16/libc.a(memset.o)
 .debug_abbrev  0x00000782       0x14 /usr/local/msp430/bin/../lib/gcc/msp430/4.7.0/mcpu-430x/mmpy-16/libgcc.a(_udivmod64.o)
 .debug_abbrev  0x00000796       0x14 /usr/local/msp430/bin/../lib/gcc/msp430/4.7.0/mcpu-430x/mmpy-16/libcrt0.a(__watchdog_support.o)
 .debug_abbrev  0x000007aa       0x14 /usr/local/msp430/bin/../lib/gcc/msp430/4.7.0/mcpu-430x/mmpy-16/libcrt0.a(__init_stack.o)
 .debug_abbrev  0x000007be       0x14 /usr/local/msp430/bin/../lib/gcc/msp430/4.7.0/mcpu-430x/mmpy-16/libcrt0.a(_copy_data.o)
 .debug_abbrev  0x000007d2       0x14 /usr/local/msp430/bin/../lib/gcc/msp430/4.7.0/mcpu-430x/mmpy-16/libcrt0.a(_clear_bss.o)
 .debug_abbrev  0x000007e6       0x14 /usr/local/msp430/bin/../lib/gcc/msp430/4.7.0/mcpu-430x/mmpy-16/libcrt0.a(_endless_loop__.o)
 .debug_abbrev  0x000007fa       0x14 /usr/local/msp430/bin/../lib/gcc/msp430/4.7.0/mcpu-430x/mmpy-16/libcrt0.a(_unexpected_.o)

.debug_line     0x00000000      0xd03
 *(.debug_line)
 .debug_line    0x00000000       0x69 /usr/local/msp430/bin/../lib/gcc/msp430/4.7.0/mcpu-430x/mmpy-16/crt0ivtbl32.o
 .debug_line    0x00000069       0x79 /usr/local/msp430/bin/../lib/gcc/msp430/4.7.0/mcpu-430x/mmpy-16/libgcc.a(_mulsi3.o)
 .debug_line    0x000000e2       0x75 /usr/local/msp430/bin/../lib/gcc/msp430/4.7.0/mcpu-430x/mmpy-16/libgcc.a(_udivmod16.o)
 .debug_line    0x00000157       0x80 /usr/local/msp430/bin/../lib/gcc/msp430/4.7.0/mcpu-430x/mmpy-16/libgcc.a(_udivmod32.o)
 .debug_line    0x000001d7       0xad /usr/local/msp430/bin/../lib/gcc/msp430/4.7.0/../../../../msp430/lib/mcpu-430x/mmpy-16/libc.a(printf.o)
 .debug_line    0x00000284      0x35d /usr/local/msp430/bin/../lib/gcc/msp430/4.7.0/../../../../msp430/lib/mcpu-430x/mmpy-16/libc.a(vuprintf.o)
 .debug_line    0x000005e1       0x67 /usr/local/msp430/bin/../lib/gcc/msp430/4.7.0/../../../../msp430/lib/mcpu-430x/mmpy-16/libc.a(puts.o)
 .debug_line    0x00000648       0x6e /usr/local/msp430/bin/../lib/gcc/msp430/4.7.0/../../../../msp430/lib/mcpu-430x/mmpy-16/libc.a(rand.o)
 .debug_line    0x000006b6       0x91 /usr/local/msp430/bin/../lib/gcc/msp430/4.7.0/../../../../msp430/lib/mcpu-430x/mmpy-16/libc.a(strncmp.o)
 .debug_line    0x00000747       0x91 /usr/local/msp430/bin/../lib/gcc/msp430/4.7.0/../../../../msp430/lib/mcpu-430x/mmpy-16/libc.a(memcmp.o)
 .debug_line    0x000007d8      0x11a /usr/local/msp430/bin/../lib/gcc/msp430/4.7.0/../../../../msp430/lib/mcpu-430x/mmpy-16/libc.a(memcpy.o)
 .debug_line    0x000008f2       0xf4 /usr/local/msp430/bin/../lib/gcc/msp430/4.7.0/../../../../msp430/lib/mcpu-430x/mmpy-16/libc.a(memset.o)
 .debug_line    0x000009e6       0xb0 /usr/local/msp430/bin/../lib/gcc/msp430/4.7.0/mcpu-430x/mmpy-16/libgcc.a(_udivmod64.o)
 .debug_line    0x00000a96       0x67 /usr/local/msp430/bin/../lib/gcc/msp430/4.7.0/mcpu-430x/mmpy-16/libcrt0.a(__watchdog_support.o)
 .debug_line    0x00000afd       0x65 /usr/local/msp430/bin/../lib/gcc/msp430/4.7.0/mcpu-430x/mmpy-16/libcrt0.a(__init_stack.o)
 .debug_line    0x00000b62       0x6b /usr/local/msp430/bin/../lib/gcc/msp430/4.7.0/mcpu-430x/mmpy-16/libcrt0.a(_copy_data.o)
 .debug_line    0x00000bcd       0x6b /usr/local/msp430/bin/../lib/gcc/msp430/4.7.0/mcpu-430x/mmpy-16/libcrt0.a(_clear_bss.o)
 .debug_line    0x00000c38       0x66 /usr/local/msp430/bin/../lib/gcc/msp430/4.7.0/mcpu-430x/mmpy-16/libcrt0.a(_endless_loop__.o)
 .debug_line    0x00000c9e       0x65 /usr/local/msp430/bin/../lib/gcc/msp430/4.7.0/mcpu-430x/mmpy-16/libcrt0.a(_unexpected_.o)

.debug_frame    0x00000000      0x1e8
 *(.debug_frame)
 .debug_frame   0x00000000       0x34 /usr/local/msp430/bin/../lib/gcc/msp430/4.7.0/../../../../msp430/lib/mcpu-430x/mmpy-16/libc.a(printf.o)
 .debug_frame   0x00000034       0x84 /usr/local/msp430/bin/../lib/gcc/msp430/4.7.0/../../../../msp430/lib/mcpu-430x/mmpy-16/libc.a(vuprintf.o)
 .debug_frame   0x000000b8       0x2c /usr/local/msp430/bin/../lib/gcc/msp430/4.7.0/../../../../msp430/lib/mcpu-430x/mmpy-16/libc.a(puts.o)
 .debug_frame   0x000000e4       0x4c /usr/local/msp430/bin/../lib/gcc/msp430/4.7.0/../../../../msp430/lib/mcpu-430x/mmpy-16/libc.a(rand.o)
 .debug_frame   0x00000130       0x2c /usr/local/msp430/bin/../lib/gcc/msp430/4.7.0/../../../../msp430/lib/mcpu-430x/mmpy-16/libc.a(strncmp.o)
 .debug_frame   0x0000015c       0x2c /usr/local/msp430/bin/../lib/gcc/msp430/4.7.0/../../../../msp430/lib/mcpu-430x/mmpy-16/libc.a(memcmp.o)
 .debug_frame   0x00000188       0x30 /usr/local/msp430/bin/../lib/gcc/msp430/4.7.0/../../../../msp430/lib/mcpu-430x/mmpy-16/libc.a(memcpy.o)
 .debug_frame   0x000001b8       0x30 /usr/local/msp430/bin/../lib/gcc/msp430/4.7.0/../../../../msp430/lib/mcpu-430x/mmpy-16/libc.a(memset.o)

.debug_str      0x00000000      0x415
 *(.debug_str)
 .debug_str     0x00000000       0xff /usr/local/msp430/bin/../lib/gcc/msp430/4.7.0/../../../../msp430/lib/mcpu-430x/mmpy-16/libc.a(printf.o)
                                0x147 (size before relaxing)
 .debug_str     0x000000ff      0x22b /usr/local/msp430/bin/../lib/gcc/msp430/4.7.0/../../../../msp430/lib/mcpu-430x/mmpy-16/libc.a(vuprintf.o)
                                0x3ad (size before relaxing)
 .debug_str     0x0000032a       0x1d /usr/local/msp430/bin/../lib/gcc/msp430/4.7.0/../../../../msp430/lib/mcpu-430x/mmpy-16/libc.a(puts.o)
                                0x10c (size before relaxing)
 .debug_str     0x00000347       0x2f /usr/local/msp430/bin/../lib/gcc/msp430/4.7.0/../../../../msp430/lib/mcpu-430x/mmpy-16/libc.a(rand.o)
                                0x123 (size before relaxing)
 .debug_str     0x00000376       0x22 /usr/local/msp430/bin/../lib/gcc/msp430/4.7.0/../../../../msp430/lib/mcpu-430x/mmpy-16/libc.a(strncmp.o)
                                0x111 (size before relaxing)
 .debug_str     0x00000398       0x19 /usr/local/msp430/bin/../lib/gcc/msp430/4.7.0/../../../../msp430/lib/mcpu-430x/mmpy-16/libc.a(memcmp.o)
                                0x10f (size before relaxing)
 .debug_str     0x000003b1       0x3e /usr/local/msp430/bin/../lib/gcc/msp430/4.7.0/../../../../msp430/lib/mcpu-430x/mmpy-16/libc.a(memcpy.o)
                                0x13d (size before relaxing)
 .debug_str     0x000003ef       0x26 /usr/local/msp430/bin/../lib/gcc/msp430/4.7.0/../../../../msp430/lib/mcpu-430x/mmpy-16/libc.a(memset.o)
                                0x13b (size before relaxing)

.debug_loc      0x00000000     0x1249
 *(.debug_loc)
 .debug_loc     0x00000000       0x78 /usr/local/msp430/bin/../lib/gcc/msp430/4.7.0/../../../../msp430/lib/mcpu-430x/mmpy-16/libc.a(printf.o)
 .debug_loc     0x00000078      0xc38 /usr/local/msp430/bin/../lib/gcc/msp430/4.7.0/../../../../msp430/lib/mcpu-430x/mmpy-16/libc.a(vuprintf.o)
 .debug_loc     0x00000cb0       0x3e /usr/local/msp430/bin/../lib/gcc/msp430/4.7.0/../../../../msp430/lib/mcpu-430x/mmpy-16/libc.a(puts.o)
 .debug_loc     0x00000cee       0x78 /usr/local/msp430/bin/../lib/gcc/msp430/4.7.0/../../../../msp430/lib/mcpu-430x/mmpy-16/libc.a(rand.o)
 .debug_loc     0x00000d66       0x7a /usr/local/msp430/bin/../lib/gcc/msp430/4.7.0/../../../../msp430/lib/mcpu-430x/mmpy-16/libc.a(strncmp.o)
 .debug_loc     0x00000de0       0x6d /usr/local/msp430/bin/../lib/gcc/msp430/4.7.0/../../../../msp430/lib/mcpu-430x/mmpy-16/libc.a(memcmp.o)
 .debug_loc     0x00000e4d      0x2c3 /usr/local/msp430/bin/../lib/gcc/msp430/4.7.0/../../../../msp430/lib/mcpu-430x/mmpy-16/libc.a(memcpy.o)
 .debug_loc     0x00001110      0x139 /usr/local/msp430/bin/../lib/gcc/msp430/4.7.0/../../../../msp430/lib/mcpu-430x/mmpy-16/libc.a(memset.o)

.debug_macinfo
 *(.debug_macinfo)

.debug_pubtypes
 *(.debug_pubtypes)

.debug_ranges   0x00000000       0xd0
 *(.debug_ranges)
 .debug_ranges  0x00000000       0x18 /usr/local/msp430/bin/../lib/gcc/msp430/4.7.0/../../../../msp430/lib/mcpu-430x/mmpy-16/libc.a(printf.o)
 .debug_ranges  0x00000018       0x48 /usr/local/msp430/bin/../lib/gcc/msp430/4.7.0/../../../../msp430/lib/mcpu-430x/mmpy-16/libc.a(vuprintf.o)
 .debug_ranges  0x00000060       0x10 /usr/local/msp430/bin/../lib/gcc/msp430/4.7.0/../../../../msp430/lib/mcpu-430x/mmpy-16/libc.a(puts.o)
 .debug_ranges  0x00000070       0x20 /usr/local/msp430/bin/../lib/gcc/msp430/4.7.0/../../../../msp430/lib/mcpu-430x/mmpy-16/libc.a(rand.o)
 .debug_ranges  0x00000090       0x10 /usr/local/msp430/bin/../lib/gcc/msp430/4.7.0/../../../../msp430/lib/mcpu-430x/mmpy-16/libc.a(strncmp.o)
 .debug_ranges  0x000000a0       0x10 /usr/local/msp430/bin/../lib/gcc/msp430/4.7.0/../../../../msp430/lib/mcpu-430x/mmpy-16/libc.a(memcmp.o)
 .debug_ranges  0x000000b0       0x10 /usr/local/msp430/bin/../lib/gcc/msp430/4.7.0/../../../../msp430/lib/mcpu-430x/mmpy-16/libc.a(memcpy.o)
 .debug_ranges  0x000000c0       0x10 /usr/local/msp430/bin/../lib/gcc/msp430/4.7.0/../../../../msp430/lib/mcpu-430x/mmpy-16/libc.a(memset.o)
                0x00003100                PROVIDE (__stack, (ORIGIN (ram) + 0x2000))
                0x000093de                __data_start_rom = _etext
                0x00009474                __data_end_rom = (_etext + SIZEOF (.data))
OUTPUT(sync_main.z1 elf32-msp430)

.gnu.attributes
                0x00000000       0x10
 .gnu.attributes
                0x00000000       0x10 /usr/local/msp430/bin/../lib/gcc/msp430/4.7.0/mcpu-430x/mmpy-16/crt0ivtbl32.o
 .gnu.attributes
                0x00000010       0x10 sync_main.co
 .gnu.attributes
                0x00000020       0x10 obj_z1/ntp.o
 .gnu.attributes
                0x00000030       0x10 obj_z1/sclock.o
 .gnu.attributes
                0x00000040       0x10 obj_z1/timestamp.o
 .gnu.attributes
                0x00000050       0x10 obj_z1/contiki-z1-main.o
 .gnu.attributes
                0x00000060       0x10 contiki-z1.a(rimeaddr.o)
 .gnu.attributes
                0x00000070       0x10 contiki-z1.a(rime.o)
 .gnu.attributes
                0x00000080       0x10 contiki-z1.a(announcement.o)
 .gnu.attributes
                0x00000090       0x10 contiki-z1.a(broadcast-annou)
 .gnu.attributes
                0x000000a0       0x10 contiki-z1.a(broadcast.o)
 .gnu.attributes
                0x000000b0       0x10 contiki-z1.a(abc.o)
 .gnu.attributes
                0x000000c0       0x10 contiki-z1.a(chameleon.o)
 .gnu.attributes
                0x000000d0       0x10 contiki-z1.a(channel.o)
 .gnu.attributes
                0x000000e0       0x10 contiki-z1.a(chameleon-bitop)
 .gnu.attributes
                0x000000f0       0x10 contiki-z1.a(nullrdc.o)
 .gnu.attributes
                0x00000100       0x10 contiki-z1.a(mac.o)
 .gnu.attributes
                0x00000110       0x10 contiki-z1.a(framer-802154.o)
 .gnu.attributes
                0x00000120       0x10 contiki-z1.a(csma.o)
 .gnu.attributes
                0x00000130       0x10 contiki-z1.a(process.o)
 .gnu.attributes
                0x00000140       0x10 contiki-z1.a(autostart.o)
 .gnu.attributes
                0x00000150       0x10 contiki-z1.a(serial-line.o)
 .gnu.attributes
                0x00000160       0x10 contiki-z1.a(memb.o)
 .gnu.attributes
                0x00000170       0x10 contiki-z1.a(list.o)
 .gnu.attributes
                0x00000180       0x10 contiki-z1.a(etimer.o)
 .gnu.attributes
                0x00000190       0x10 contiki-z1.a(ctimer.o)
 .gnu.attributes
                0x000001a0       0x10 contiki-z1.a(energest.o)
 .gnu.attributes
                0x000001b0       0x10 contiki-z1.a(rtimer.o)
 .gnu.attributes
                0x000001c0       0x10 contiki-z1.a(random.o)
 .gnu.attributes
                0x000001d0       0x10 contiki-z1.a(ringbuf.o)
 .gnu.attributes
                0x000001e0       0x10 contiki-z1.a(packetbuf.o)
 .gnu.attributes
                0x000001f0       0x10 contiki-z1.a(queuebuf.o)
 .gnu.attributes
                0x00000200       0x10 contiki-z1.a(contiki-z1-plat)
 .gnu.attributes
                0x00000210       0x10 contiki-z1.a(msp430.o)
 .gnu.attributes
                0x00000220       0x10 contiki-z1.a(leds.o)
 .gnu.attributes
                0x00000230       0x10 contiki-z1.a(watchdog.o)
 .gnu.attributes
                0x00000240       0x10 contiki-z1.a(xmem.o)
 .gnu.attributes
                0x00000250       0x10 contiki-z1.a(spi.o)
 .gnu.attributes
                0x00000260       0x10 contiki-z1.a(cc2420.o)
 .gnu.attributes
                0x00000270       0x10 contiki-z1.a(cc2420-arch.o)
 .gnu.attributes
                0x00000280       0x10 contiki-z1.a(node-id.o)
 .gnu.attributes
                0x00000290       0x10 contiki-z1.a(sensors.o)
 .gnu.attributes
                0x000002a0       0x10 contiki-z1.a(button-sensor.o)
 .gnu.attributes
                0x000002b0       0x10 contiki-z1.a(uart0.o)
 .gnu.attributes
                0x000002c0       0x10 contiki-z1.a(uart0-putchar.o)
 .gnu.attributes
                0x000002d0       0x10 contiki-z1.a(adxl345.o)
 .gnu.attributes
                0x000002e0       0x10 contiki-z1.a(clock.o)
 .gnu.attributes
                0x000002f0       0x10 contiki-z1.a(leds-arch.o)
 .gnu.attributes
                0x00000300       0x10 contiki-z1.a(rtimer-arch.o)
 .gnu.attributes
                0x00000310       0x10 contiki-z1.a(frame802154.o)
 .gnu.attributes
                0x00000320       0x10 contiki-z1.a(timer.o)
 .gnu.attributes
                0x00000330       0x10 contiki-z1.a(i2cmaster.o)
 .gnu.attributes
                0x00000340       0x10 /usr/local/msp430/bin/../lib/gcc/msp430/4.7.0/mcpu-430x/mmpy-16/libgcc.a(_mulsi3.o)
 .gnu.attributes
                0x00000350       0x10 /usr/local/msp430/bin/../lib/gcc/msp430/4.7.0/mcpu-430x/mmpy-16/libgcc.a(_udivmod16.o)
 .gnu.attributes
                0x00000360       0x10 /usr/local/msp430/bin/../lib/gcc/msp430/4.7.0/mcpu-430x/mmpy-16/libgcc.a(_udivmod32.o)
 .gnu.attributes
                0x00000370       0x10 /usr/local/msp430/bin/../lib/gcc/msp430/4.7.0/../../../../msp430/lib/mcpu-430x/mmpy-16/libc.a(printf.o)
 .gnu.attributes
                0x00000380       0x10 /usr/local/msp430/bin/../lib/gcc/msp430/4.7.0/../../../../msp430/lib/mcpu-430x/mmpy-16/libc.a(vuprintf.o)
 .gnu.attributes
                0x00000390       0x10 /usr/local/msp430/bin/../lib/gcc/msp430/4.7.0/../../../../msp430/lib/mcpu-430x/mmpy-16/libc.a(puts.o)
 .gnu.attributes
                0x000003a0       0x10 /usr/local/msp430/bin/../lib/gcc/msp430/4.7.0/../../../../msp430/lib/mcpu-430x/mmpy-16/libc.a(rand.o)
 .gnu.attributes
                0x000003b0       0x10 /usr/local/msp430/bin/../lib/gcc/msp430/4.7.0/../../../../msp430/lib/mcpu-430x/mmpy-16/libc.a(strncmp.o)
 .gnu.attributes
                0x000003c0       0x10 /usr/local/msp430/bin/../lib/gcc/msp430/4.7.0/../../../../msp430/lib/mcpu-430x/mmpy-16/libc.a(memcmp.o)
 .gnu.attributes
                0x000003d0       0x10 /usr/local/msp430/bin/../lib/gcc/msp430/4.7.0/../../../../msp430/lib/mcpu-430x/mmpy-16/libc.a(memcpy.o)
 .gnu.attributes
                0x000003e0       0x10 /usr/local/msp430/bin/../lib/gcc/msp430/4.7.0/../../../../msp430/lib/mcpu-430x/mmpy-16/libc.a(memset.o)
 .gnu.attributes
                0x000003f0       0x10 /usr/local/msp430/bin/../lib/gcc/msp430/4.7.0/mcpu-430x/mmpy-16/libgcc.a(_udivmod64.o)
 .gnu.attributes
                0x00000400       0x10 /usr/local/msp430/bin/../lib/gcc/msp430/4.7.0/mcpu-430x/mmpy-16/libcrt0.a(_reset_vector__.o)
 .gnu.attributes