Archive member included because of file (symbol)

contiki-micaz.a(abc.o)        sync_main.co (abc_open)
contiki-micaz.a(channel.o)    contiki-micaz.a(abc.o) (channel_open)
contiki-micaz.a(list.o)       contiki-micaz.a(channel.o) (list_init)
contiki-micaz.a(rtimer.o)     sync_main.co (rtimer_init)
contiki-micaz.a(packetbuf.o)  sync_main.co (packetbuf_dataptr)
contiki-micaz.a(contiki-micaz-m)
                              /usr/lib/gcc/avr/4.5.3/../../../avr/lib/avr51/crtm128.o (main)
contiki-micaz.a(init-net.o)   contiki-micaz.a(contiki-micaz-m) (init_net)
contiki-micaz.a(node-id.o)    contiki-micaz.a(contiki-micaz-m) (node_id_restore)
contiki-micaz.a(clock.o)      contiki-micaz.a(contiki-micaz-m) (clock_init)
contiki-micaz.a(rtimer-arch.o)
                              contiki-micaz.a(rtimer.o) (rtimer_arch_init)
contiki-micaz.a(ds2401.o)     contiki-micaz.a(contiki-micaz-m) (ds2401_init)
contiki-micaz.a(eeprom.o)     contiki-micaz.a(node-id.o) (eeprom_write)
contiki-micaz.a(leds.o)       contiki-micaz.a(contiki-micaz-m) (leds_init)
contiki-micaz.a(rimeaddr.o)   contiki-micaz.a(packetbuf.o) (rimeaddr_copy)
contiki-micaz.a(rime.o)       contiki-micaz.a(abc.o) (rime_output)
contiki-micaz.a(announcement.o)
                              contiki-micaz.a(rime.o) (announcement_init)
contiki-micaz.a(broadcast-annou)
                              contiki-micaz.a(rime.o) (broadcast_announcement_init)
contiki-micaz.a(broadcast.o)  contiki-micaz.a(broadcast-annou) (broadcast_open)
contiki-micaz.a(chameleon.o)  contiki-micaz.a(rime.o) (chameleon_init)
contiki-micaz.a(chameleon-bitop)
                              contiki-micaz.a(chameleon.o) (chameleon_bitopt)
contiki-micaz.a(xmac.o)       contiki-micaz.a(init-net.o) (xmac_driver)
contiki-micaz.a(mac.o)        contiki-micaz.a(xmac.o) (mac_call_sent_callback)
contiki-micaz.a(framer-802154.o)
                              contiki-micaz.a(xmac.o) (framer_802154)
contiki-micaz.a(csma.o)       contiki-micaz.a(init-net.o) (csma_driver)
contiki-micaz.a(process.o)    contiki-micaz.a(contiki-micaz-m) (process_init)
contiki-micaz.a(autostart.o)  contiki-micaz.a(contiki-micaz-m) (autostart_start)
contiki-micaz.a(memb.o)       contiki-micaz.a(xmac.o) (memb_init)
contiki-micaz.a(etimer.o)     contiki-micaz.a(clock.o) (etimer_request_poll)
contiki-micaz.a(ctimer.o)     contiki-micaz.a(contiki-micaz-m) (ctimer_init)
contiki-micaz.a(random.o)     contiki-micaz.a(contiki-micaz-m) (random_init)
contiki-micaz.a(queuebuf.o)   contiki-micaz.a(rime.o) (queuebuf_init)
contiki-micaz.a(rs232.o)      contiki-micaz.a(contiki-micaz-m) (rs232_init)
contiki-micaz.a(leds-arch.o)  contiki-micaz.a(leds.o) (leds_arch_init)
contiki-micaz.a(cc2420.o)     contiki-micaz.a(init-net.o) (cc2420_set_channel)
contiki-micaz.a(cc2420-arch.o)
                              contiki-micaz.a(cc2420.o) (cc2420_arch_init)
contiki-micaz.a(watchdog.o)   contiki-micaz.a(xmac.o) (watchdog_start)
contiki-micaz.a(frame802154.o)
                              contiki-micaz.a(framer-802154.o) (frame802154_hdrlen)
contiki-micaz.a(timer.o)      contiki-micaz.a(etimer.o) (timer_set)
contiki-micaz.a(spi.o)        contiki-micaz.a(cc2420-arch.o) (spi_init)
/usr/lib/gcc/avr/4.5.3/avr51/libgcc.a(_udivmodqi4.o)
                              obj_micaz/timestamp.o (__udivmodqi4)
/usr/lib/gcc/avr/4.5.3/avr51/libgcc.a(_udivmodhi4.o)
                              obj_micaz/timestamp.o (__udivmodhi4)
/usr/lib/gcc/avr/4.5.3/avr51/libgcc.a(_divmodhi4.o)
                              obj_micaz/timestamp.o (__divmodhi4)
/usr/lib/gcc/avr/4.5.3/avr51/libgcc.a(_exit.o)
                              /usr/lib/gcc/avr/4.5.3/../../../avr/lib/avr51/crtm128.o (exit)
/usr/lib/gcc/avr/4.5.3/avr51/libgcc.a(_copy_data.o)
                              sync_main.co (__do_copy_data)
/usr/lib/gcc/avr/4.5.3/avr51/libgcc.a(_clear_bss.o)
                              sync_main.co (__do_clear_bss)
/usr/lib/gcc/avr/4.5.3/../../../avr/lib/avr51/libc.a(rand.o)
                              contiki-micaz.a(random.o) (rand)
/usr/lib/gcc/avr/4.5.3/../../../avr/lib/avr51/libc.a(memcmp.o)
                              contiki-micaz.a(rimeaddr.o) (memcmp)
/usr/lib/gcc/avr/4.5.3/../../../avr/lib/avr51/libc.a(memcpy.o)
                              contiki-micaz.a(packetbuf.o) (memcpy)
/usr/lib/gcc/avr/4.5.3/../../../avr/lib/avr51/libc.a(memset.o)
                              contiki-micaz.a(chameleon-bitop) (memset)
/usr/lib/gcc/avr/4.5.3/../../../avr/lib/avr51/libc.a(iob.o)
                              contiki-micaz.a(rs232.o) (__iob)
/usr/lib/gcc/avr/4.5.3/../../../avr/lib/avr51/libc.a(printf.o)
                              obj_micaz/timestamp.o (printf)
/usr/lib/gcc/avr/4.5.3/../../../avr/lib/avr51/libc.a(printf_p.o)
                              contiki-micaz.a(contiki-micaz-m) (printf_P)
/usr/lib/gcc/avr/4.5.3/../../../avr/lib/avr51/libc.a(puts.o)
                              obj_micaz/timestamp.o (puts)
[...]
Memory Configuration

Name             Origin             Length             Attributes
text             0x00000000         0x00020000         xr
data             0x00800100         0x0000ff00         rw !x
eeprom           0x00810000         0x00010000         rw !x
fuse             0x00820000         0x00000400         rw !x
lock             0x00830000         0x00000400         rw !x
signature        0x00840000         0x00000400         rw !x
*default*        0x00000000         0xffffffff

Linker script and memory map

Address of section .data set to 0x800100
LOAD /usr/lib/gcc/avr/4.5.3/../../../avr/lib/avr51/crtm128.o
Address of section .bootloader set to 0x1f800
LOAD sync_main.co
LOAD obj_micaz/timestamp.o
LOAD obj_micaz/sclock.o
LOAD obj_micaz/ntp.o
LOAD contiki-micaz.a
LOAD /usr/lib/gcc/avr/4.5.3/avr51/libgcc.a
LOAD /usr/lib/gcc/avr/4.5.3/../../../avr/lib/avr51/libc.a
LOAD /usr/lib/gcc/avr/4.5.3/avr51/libgcc.a

.hash
 *(.hash)

.dynsym
 *(.dynsym)

.dynstr
 *(.dynstr)

.gnu.version
 *(.gnu.version)

.gnu.version_d
 *(.gnu.version_d)

.gnu.version_r
 *(.gnu.version_r)

.rel.init
 *(.rel.init)

.rela.init
 *(.rela.init)

.rel.text
 *(.rel.text)
 *(.rel.text.*)
 *(.rel.gnu.linkonce.t*)

.rela.text
 *(.rela.text)
 *(.rela.text.*)
 *(.rela.gnu.linkonce.t*)

.rel.fini
 *(.rel.fini)

.rela.fini
 *(.rela.fini)

.rel.rodata
 *(.rel.rodata)
 *(.rel.rodata.*)
 *(.rel.gnu.linkonce.r*)

.rela.rodata
 *(.rela.rodata)
 *(.rela.rodata.*)
 *(.rela.gnu.linkonce.r*)

.rel.data
 *(.rel.data)
 *(.rel.data.*)
 *(.rel.gnu.linkonce.d*)

.rela.data
 *(.rela.data)
 *(.rela.data.*)
 *(.rela.gnu.linkonce.d*)

.rel.ctors
 *(.rel.ctors)

.rela.ctors
 *(.rela.ctors)

.rel.dtors
 *(.rel.dtors)

.rela.dtors
 *(.rela.dtors)

.rel.got
 *(.rel.got)

.rela.got
 *(.rela.got)

.rel.bss
 *(.rel.bss)

.rela.bss
 *(.rela.bss)

.rel.plt
 *(.rel.plt)

.rela.plt
 *(.rela.plt)

.text           0x00000000     0x4970
 *(.vectors)
 .vectors       0x00000000       0x8c /usr/lib/gcc/avr/4.5.3/../../../avr/lib/avr51/crtm128.o
                0x00000000                __vectors
                0x00000000                __vector_default
 *(.vectors)
 *(.progmem.gcc*)
 *(.progmem*)
 .progmem.data  0x0000008c       0x21 contiki-micaz.a(contiki-micaz-m)
 .progmem.data  0x000000ad       0x83 contiki-micaz.a(init-net.o)
                0x00000130                . = ALIGN (0x2)
                0x00000130                __trampolines_start = .
 *(.trampolines)
 .trampolines   0x00000130        0x0 linker stubs
 *(.trampolines*)
                0x00000130                __trampolines_end = .
 *(.jumptables)
 *(.jumptables*)
 *(.lowtext)
 *(.lowtext*)
                0x00000130                __ctors_start = .
 *(.ctors)
                0x00000130                __ctors_end = .
                0x00000130                __dtors_start = .
 *(.dtors)
                0x00000130                __dtors_end = .
 SORT(*)(.ctors)
 SORT(*)(.dtors)
 *(.init0)
 .init0         0x00000130        0x0 /usr/lib/gcc/avr/4.5.3/../../../avr/lib/avr51/crtm128.o
                0x00000130                __init
 *(.init0)
 *(.init1)
 *(.init1)
 *(.init2)
 .init2         0x00000130        0xc /usr/lib/gcc/avr/4.5.3/../../../avr/lib/avr51/crtm128.o
 *(.init2)
 *(.init3)
 *(.init3)
 *(.init4)
 .init4         0x0000013c       0x1a /usr/lib/gcc/avr/4.5.3/avr51/libgcc.a(_copy_data.o)
                0x0000013c                __do_copy_data
 .init4         0x00000156       0x10 /usr/lib/gcc/avr/4.5.3/avr51/libgcc.a(_clear_bss.o)
                0x00000156                __do_clear_bss
 *(.init4)
 *(.init5)
 *(.init5)
 *(.init6)
 *(.init6)
 *(.init7)
 *(.init7)
 *(.init8)
 *(.init8)
 *(.init9)
 .init9         0x00000166        0x8 /usr/lib/gcc/avr/4.5.3/../../../avr/lib/avr51/crtm128.o
 *(.init9)
 *(.text)
 .text          0x0000016e        0x4 /usr/lib/gcc/avr/4.5.3/../../../avr/lib/avr51/crtm128.o
                0x0000016e                __vector_22
                0x0000016e                __vector_28
                0x0000016e                __vector_1
                0x0000016e                __vector_32
                0x0000016e                __vector_34
                0x0000016e                __vector_24
                0x0000016e                __vector_12
                0x0000016e                __bad_interrupt
                0x0000016e                __vector_6
                0x0000016e                __vector_31
                0x0000016e                __vector_3
                0x0000016e                __vector_23
                0x0000016e                __vector_25
                0x0000016e                __vector_11
                0x0000016e                __vector_13
                0x0000016e                __vector_17
                0x0000016e                __vector_19
                0x0000016e                __vector_27
                0x0000016e                __vector_5
                0x0000016e                __vector_33
                0x0000016e                __vector_4
                0x0000016e                __vector_9
                0x0000016e                __vector_2
                0x0000016e                __vector_21
                0x0000016e                __vector_29
                0x0000016e                __vector_8
                0x0000016e                __vector_14
                0x0000016e                __vector_10
                0x0000016e                __vector_16
                0x0000016e                __vector_20
                0x00000172                . = ALIGN (0x2)
 *(.text.*)
 .text.ntp_recv_packet
                0x00000172        0x6 sync_main.co
 .text.loop     0x00000178       0x86 sync_main.co
                0x00000178                loop
 .text.process_thread_sync_main
                0x000001fe       0x56 sync_main.co
 .text.timestamp_init
                0x00000254       0x14 obj_micaz/timestamp.o
                0x00000254                timestamp_init
 .text.sclock_init
                0x00000268       0x24 obj_micaz/sclock.o
                0x00000268                sclock_init
 .text.sclock_rtimer_set
                0x0000028c       0x6e obj_micaz/sclock.o
                0x0000028c                sclock_rtimer_set
 .text.ntp_init
                0x000002fa       0x30 obj_micaz/ntp.o
                0x000002fa                ntp_init
 .text.abc_open
                0x0000032a       0x32 contiki-micaz.a(abc.o)
                0x0000032a                abc_open
 .text.abc_close
                0x0000035c        0x6 contiki-micaz.a(abc.o)
                0x0000035c                abc_close
 .text.abc_send
                0x00000362        0x6 contiki-micaz.a(abc.o)
                0x00000362                abc_send
 .text.abc_input
                0x00000368       0x18 contiki-micaz.a(abc.o)
                0x00000368                abc_input
 .text.abc_sent
                0x00000380       0x18 contiki-micaz.a(abc.o)
                0x00000380                abc_sent
 .text.channel_init
                0x00000398        0xa contiki-micaz.a(channel.o)
                0x00000398                channel_init
 .text.channel_open
                0x000003a2       0x12 contiki-micaz.a(channel.o)
                0x000003a2                channel_open
 .text.channel_close
                0x000003b4        0xc contiki-micaz.a(channel.o)
                0x000003b4                channel_close
 .text.channel_lookup
                0x000003c0       0x30 contiki-micaz.a(channel.o)
                0x000003c0                channel_lookup
 .text.channel_set_attributes
                0x000003f0       0x2a contiki-micaz.a(channel.o)
                0x000003f0                channel_set_attributes
 .text.list_init
                0x0000041a        0x8 contiki-micaz.a(list.o)
                0x0000041a                list_init
 .text.list_head
                0x00000422        0x8 contiki-micaz.a(list.o)
                0x00000422                list_head
 .text.list_tail
                0x0000042a       0x24 contiki-micaz.a(list.o)
                0x0000042a                list_tail
 .text.list_remove
                0x0000044e       0x4a contiki-micaz.a(list.o)
                0x0000044e                list_remove
 .text.list_push
                0x00000498       0x28 contiki-micaz.a(list.o)
                0x00000498                list_push
 .text.list_add
                0x000004c0       0x3e contiki-micaz.a(list.o)
                0x000004c0                list_add
 .text.list_length
                0x000004fe       0x20 contiki-micaz.a(list.o)
                0x000004fe                list_length
 .text.list_item_next
                0x0000051e       0x14 contiki-micaz.a(list.o)
                0x0000051e                list_item_next
 .text.rtimer_init
                0x00000532        0x6 contiki-micaz.a(rtimer.o)
                0x00000532                rtimer_init
 .text.rtimer_set
                0x00000538       0x38 contiki-micaz.a(rtimer.o)
                0x00000538                rtimer_set
 .text.rtimer_run_next
                0x00000570       0x3e contiki-micaz.a(rtimer.o)
                0x00000570                rtimer_run_next
 .text.packetbuf_copyto_hdr
                0x000005ae       0x2e contiki-micaz.a(packetbuf.o)
                0x000005ae                packetbuf_copyto_hdr
 .text.packetbuf_copyto
                0x000005dc       0x88 contiki-micaz.a(packetbuf.o)
                0x000005dc                packetbuf_copyto
 .text.packetbuf_hdrreduce
                0x00000664       0x3e contiki-micaz.a(packetbuf.o)
                0x00000664                packetbuf_hdrreduce
 .text.packetbuf_set_datalen
                0x000006a2        0xa contiki-micaz.a(packetbuf.o)
                0x000006a2                packetbuf_set_datalen
 .text.packetbuf_dataptr
                0x000006ac       0x10 contiki-micaz.a(packetbuf.o)
                0x000006ac                packetbuf_dataptr
 .text.packetbuf_hdrptr
                0x000006bc        0xe contiki-micaz.a(packetbuf.o)
                0x000006bc                packetbuf_hdrptr
 .text.packetbuf_is_reference
                0x000006ca       0x1c contiki-micaz.a(packetbuf.o)
                0x000006ca                packetbuf_is_reference
 .text.packetbuf_compact
                0x000006e6       0x60 contiki-micaz.a(packetbuf.o)
                0x000006e6                packetbuf_compact
 .text.packetbuf_reference_ptr
                0x00000746        0xa contiki-micaz.a(packetbuf.o)
                0x00000746                packetbuf_reference_ptr
 .text.packetbuf_datalen
                0x00000750        0xa contiki-micaz.a(packetbuf.o)
                0x00000750                packetbuf_datalen
 .text.packetbuf_totlen
                0x0000075a       0x18 contiki-micaz.a(packetbuf.o)
                0x0000075a                packetbuf_totlen
 .text.packetbuf_hdralloc
                0x00000772       0x3e contiki-micaz.a(packetbuf.o)
                0x00000772                packetbuf_hdralloc
 .text.packetbuf_attr_clear
                0x000007b0       0x38 contiki-micaz.a(packetbuf.o)
                0x000007b0                packetbuf_attr_clear
 .text.packetbuf_clear
                0x000007e8       0x28 contiki-micaz.a(packetbuf.o)
                0x000007e8                packetbuf_clear
 .text.packetbuf_copyfrom
                0x00000810       0x66 contiki-micaz.a(packetbuf.o)
                0x00000810                packetbuf_copyfrom
 .text.packetbuf_attr_copyto
                0x00000876       0x2a contiki-micaz.a(packetbuf.o)
                0x00000876                packetbuf_attr_copyto
 .text.packetbuf_attr_copyfrom
                0x000008a0       0x2a contiki-micaz.a(packetbuf.o)
                0x000008a0                packetbuf_attr_copyfrom
 .text.init_usart
                0x000008ca       0x12 contiki-micaz.a(contiki-micaz-m)
                0x000008ca                init_usart
 .text.main     0x000008dc       0x92 contiki-micaz.a(contiki-micaz-m)
                0x000008dc                main
 .text.init_net
                0x0000096e      0x20e contiki-micaz.a(init-net.o)
                0x0000096e                init_net
 .text.node_id_restore
                0x00000b7c       0x58 contiki-micaz.a(node-id.o)
                0x00000b7c                node_id_restore
 .text.__vector_15
                0x00000bd4       0xb8 contiki-micaz.a(clock.o)
                0x00000bd4                __vector_15
 .text.clock_init
                0x00000c8c       0x38 contiki-micaz.a(clock.o)
                0x00000c8c                clock_init
 .text.clock_time
                0x00000cc4       0x1a contiki-micaz.a(clock.o)
                0x00000cc4                clock_time
 .text.clock_delay
                0x00000cde       0x16 contiki-micaz.a(clock.o)
                0x00000cde                clock_delay
 .text.__vector_26
                0x00000cf4       0x5a contiki-micaz.a(rtimer-arch.o)
                0x00000cf4                __vector_26
 .text.rtimer_arch_init
                0x00000d4e       0x38 contiki-micaz.a(rtimer-arch.o)
                0x00000d4e                rtimer_arch_init
 .text.rtimer_arch_schedule
                0x00000d86       0x24 contiki-micaz.a(rtimer-arch.o)
                0x00000d86                rtimer_arch_schedule
 .text.read_byte
                0x00000daa       0x42 contiki-micaz.a(ds2401.o)
 .text.crc8_add
                0x00000dec       0x28 contiki-micaz.a(ds2401.o)
 .text.ds2401_init
                0x00000e14      0x126 contiki-micaz.a(ds2401.o)
                0x00000e14                ds2401_init
 .text.eeprom_read
                0x00000f3a       0x10 contiki-micaz.a(eeprom.o)
                0x00000f3a                eeprom_read
 .text.show_leds.clone.0
                0x00000f4a       0x10 contiki-micaz.a(leds.o)
 .text.leds_init
                0x00000f5a        0xe contiki-micaz.a(leds.o)
                0x00000f5a                leds_init
 .text.leds_on  0x00000f68       0x10 contiki-micaz.a(leds.o)
                0x00000f68                leds_on
 .text.leds_off
                0x00000f78       0x12 contiki-micaz.a(leds.o)
                0x00000f78                leds_off
 .text.leds_invert
                0x00000f8a       0x10 contiki-micaz.a(leds.o)
                0x00000f8a                leds_invert
 .text.leds_toggle
                0x00000f9a        0x6 contiki-micaz.a(leds.o)
                0x00000f9a                leds_toggle
 .text.rimeaddr_copy
                0x00000fa0        0xe contiki-micaz.a(rimeaddr.o)
                0x00000fa0                rimeaddr_copy
 .text.rimeaddr_cmp
                0x00000fae       0x18 contiki-micaz.a(rimeaddr.o)
                0x00000fae                rimeaddr_cmp
 .text.rimeaddr_set_node_addr
                0x00000fc6        0xc contiki-micaz.a(rimeaddr.o)
                0x00000fc6                rimeaddr_set_node_addr
 .text.input    0x00000fd2       0x4c contiki-micaz.a(rime.o)
 .text.init     0x0000101e       0x26 contiki-micaz.a(rime.o)
 .text.packet_sent
                0x00001044       0x5e contiki-micaz.a(rime.o)
 .text.rime_output
                0x000010a2       0x34 contiki-micaz.a(rime.o)
                0x000010a2                rime_output
 .text.announcement_init
                0x000010d6        0xa contiki-micaz.a(announcement.o)
                0x000010d6                announcement_init
 .text.announcement_register_observer_callback
                0x000010e0        0xa contiki-micaz.a(announcement.o)
                0x000010e0                announcement_register_observer_callback
 .text.announcement_list
                0x000010ea        0xa contiki-micaz.a(announcement.o)
                0x000010ea                announcement_list
 .text.announcement_heard
                0x000010f4       0x5e contiki-micaz.a(announcement.o)
                0x000010f4                announcement_heard
 .text.adv_packet_sent
                0x00001152        0x2 contiki-micaz.a(broadcast-annou)
 .text.adv_packet_received
                0x00001154       0x84 contiki-micaz.a(broadcast-annou)
 .text.set_timers
                0x000011d8       0x46 contiki-micaz.a(broadcast-annou)
 .text.new_announcement
                0x0000121e       0x1e contiki-micaz.a(broadcast-annou)
 .text.send_timer
                0x0000123c       0x2a contiki-micaz.a(broadcast-annou)
 .text.send_adv
                0x00001266       0xa8 contiki-micaz.a(broadcast-annou)
 .text.broadcast_announcement_init
                0x0000130e       0x50 contiki-micaz.a(broadcast-annou)
                0x0000130e                broadcast_announcement_init
 .text.sent_by_abc
                0x0000135e       0x18 contiki-micaz.a(broadcast.o)
 .text.recv_from_abc
                0x00001376       0x52 contiki-micaz.a(broadcast.o)
 .text.broadcast_open
                0x000013c8       0x36 contiki-micaz.a(broadcast.o)
                0x000013c8                broadcast_open
 .text.broadcast_send
                0x000013fe       0x1e contiki-micaz.a(broadcast.o)
                0x000013fe                broadcast_send
 .text.chameleon_init
                0x0000141c        0x6 contiki-micaz.a(chameleon.o)
                0x0000141c                chameleon_init
 .text.chameleon_parse
                0x00001422       0x20 contiki-micaz.a(chameleon.o)
                0x00001422                chameleon_parse
 .text.chameleon_create
                0x00001442       0x30 contiki-micaz.a(chameleon.o)
                0x00001442                chameleon_create
 .text.chameleon_hdrsize
                0x00001472        0xc contiki-micaz.a(chameleon.o)
                0x00001472                chameleon_hdrsize
 .text.header_size
                0x0000147e       0x1a contiki-micaz.a(chameleon-bitop)
 .text.get_bits_in_byte
                0x00001498       0x3e contiki-micaz.a(chameleon-bitop)
                0x00001498                get_bits_in_byte
 .text.get_bits
                0x000014d6       0xda contiki-micaz.a(chameleon-bitop)
                0x000014d6                get_bits
 .text.unpack_header
                0x000015b0      0x154 contiki-micaz.a(chameleon-bitop)
 .text.set_bits_in_byte
                0x00001704       0x28 contiki-micaz.a(chameleon-bitop)
                0x00001704                set_bits_in_byte
 .text.set_bits
                0x0000172c      0x100 contiki-micaz.a(chameleon-bitop)
                0x0000172c                set_bits
 .text.pack_header
                0x0000182c      0x124 contiki-micaz.a(chameleon-bitop)
 .text.on       0x00001950       0x22 contiki-micaz.a(xmac.o)
 .text.off      0x00001972       0x28 contiki-micaz.a(xmac.o)
 .text.powercycle_turn_radio_off
                0x0000199a       0x16 contiki-micaz.a(xmac.o)
 .text.turn_off
                0x000019b0       0x20 contiki-micaz.a(xmac.o)
 .text.channel_check_interval
                0x000019d0        0x6 contiki-micaz.a(xmac.o)
 .text.turn_on  0x000019d6       0x3c contiki-micaz.a(xmac.o)
 .text.schedule_powercycle
                0x00001a12       0x2e contiki-micaz.a(xmac.o)
 .text.powercycle
                0x00001a40      0x108 contiki-micaz.a(xmac.o)
 .text.input_packet
                0x00001b48      0x118 contiki-micaz.a(xmac.o)
 .text.detect_ack
                0x00001c60       0xb8 contiki-micaz.a(xmac.o)
 .text.qsend_packet
                0x00001d18      0x3c4 contiki-micaz.a(xmac.o)
 .text.qsend_list
                0x000020dc       0x2e contiki-micaz.a(xmac.o)
 .text.init     0x0000210a       0x58 contiki-micaz.a(xmac.o)
 .text.mac_call_sent_callback
                0x00002162       0x10 contiki-micaz.a(mac.o)
                0x00002162                mac_call_sent_callback
 .text.parse    0x00002172       0xde contiki-micaz.a(framer-802154.o)
 .text.create   0x00002250      0x12e contiki-micaz.a(framer-802154.o)
 .text.default_timebase
                0x0000237e       0x18 contiki-micaz.a(csma.o)
 .text.input_packet
                0x00002396        0xc contiki-micaz.a(csma.o)
 .text.on       0x000023a2        0xc contiki-micaz.a(csma.o)
 .text.off      0x000023ae        0xc contiki-micaz.a(csma.o)
 .text.channel_check_interval
                0x000023ba       0x1a contiki-micaz.a(csma.o)
 .text.transmit_packet_list
                0x000023d4       0x3e contiki-micaz.a(csma.o)
 .text.send_packet
                0x00002412      0x1bc contiki-micaz.a(csma.o)
 .text.free_packet
                0x000025ce       0x8c contiki-micaz.a(csma.o)
 .text.packet_sent
                0x0000265a      0x156 contiki-micaz.a(csma.o)
 .text.init     0x000027b0       0x1a contiki-micaz.a(csma.o)
 .text.call_process
                0x000027ca       0x52 contiki-micaz.a(process.o)
 .text.exit_process
                0x0000281c       0xd8 contiki-micaz.a(process.o)
 .text.do_poll  0x000028f4       0x3e contiki-micaz.a(process.o)
 .text.process_init
                0x00002932       0x24 contiki-micaz.a(process.o)
                0x00002932                process_init
 .text.process_run
                0x00002956       0xd2 contiki-micaz.a(process.o)
                0x00002956                process_run
 .text.process_post
                0x00002a28       0x56 contiki-micaz.a(process.o)
                0x00002a28                process_post
 .text.process_post_synch
                0x00002a7e       0x1e contiki-micaz.a(process.o)
                0x00002a7e                process_post_synch
 .text.process_start
                0x00002a9c       0x46 contiki-micaz.a(process.o)
                0x00002a9c                process_start
 .text.process_poll
                0x00002ae2       0x18 contiki-micaz.a(process.o)
                0x00002ae2                process_poll
 .text.autostart_start
                0x00002afa       0x2e contiki-micaz.a(autostart.o)
                0x00002afa                autostart_start
 .text.memb_init
                0x00002b28       0x40 contiki-micaz.a(memb.o)
                0x00002b28                memb_init
 .text.memb_alloc
                0x00002b68       0x4c contiki-micaz.a(memb.o)
                0x00002b68                memb_alloc
 .text.memb_free
                0x00002bb4       0x4a contiki-micaz.a(memb.o)
                0x00002bb4                memb_free
 .text.memb_inmemb
                0x00002bfe       0x3a contiki-micaz.a(memb.o)
                0x00002bfe                memb_inmemb
 .text.update_time
                0x00002c38       0x64 contiki-micaz.a(etimer.o)
 .text.etimer_request_poll
                0x00002c9c        0xa contiki-micaz.a(etimer.o)
                0x00002c9c                etimer_request_poll
 .text.process_thread_etimer_process
                0x00002ca6      0x11a contiki-micaz.a(etimer.o)
 .text.add_timer
                0x00002dc0       0x64 contiki-micaz.a(etimer.o)
 .text.etimer_set
                0x00002e24       0x16 contiki-micaz.a(etimer.o)
                0x00002e24                etimer_set
 .text.etimer_pending
                0x00002e3a       0x18 contiki-micaz.a(etimer.o)
                0x00002e3a                etimer_pending
 .text.etimer_stop
                0x00002e52       0x50 contiki-micaz.a(etimer.o)
                0x00002e52                etimer_stop
 .text.process_thread_ctimer_process
                0x00002ea2       0xe6 contiki-micaz.a(ctimer.o)
 .text.ctimer_init
                0x00002f88       0x1a contiki-micaz.a(ctimer.o)
                0x00002f88                ctimer_init
 .text.ctimer_set
                0x00002fa2       0x66 contiki-micaz.a(ctimer.o)
                0x00002fa2                ctimer_set
 .text.ctimer_stop
                0x00003008       0x30 contiki-micaz.a(ctimer.o)
                0x00003008                ctimer_stop
 .text.random_init
                0x00003038        0x6 contiki-micaz.a(random.o)
                0x00003038                random_init
 .text.random_rand
                0x0000303e        0x6 contiki-micaz.a(random.o)
                0x0000303e                random_rand
 .text.queuebuf_init
                0x00003044       0x1a contiki-micaz.a(queuebuf.o)
                0x00003044                queuebuf_init
 .text.queuebuf_new_from_packetbuf
                0x0000305e       0x9e contiki-micaz.a(queuebuf.o)
                0x0000305e                queuebuf_new_from_packetbuf
 .text.queuebuf_update_attr_from_packetbuf
                0x000030fc       0x16 contiki-micaz.a(queuebuf.o)
                0x000030fc                queuebuf_update_attr_from_packetbuf
 .text.queuebuf_free
                0x00003112       0x44 contiki-micaz.a(queuebuf.o)
                0x00003112                queuebuf_free
 .text.queuebuf_to_packetbuf
                0x00003156       0x7c contiki-micaz.a(queuebuf.o)
                0x00003156                queuebuf_to_packetbuf
 .text.queuebuf_attr
                0x000031d2       0x1c contiki-micaz.a(queuebuf.o)
                0x000031d2                queuebuf_attr
 .text.__vector_18
                0x000031ee       0x5c contiki-micaz.a(rs232.o)
                0x000031ee                __vector_18
 .text.__vector_30
                0x0000324a       0x5e contiki-micaz.a(rs232.o)
                0x0000324a                __vector_30
 .text.rs232_init
                0x000032a8       0x3c contiki-micaz.a(rs232.o)
                0x000032a8                rs232_init
 .text.rs232_send
                0x000032e4       0x1e contiki-micaz.a(rs232.o)
                0x000032e4                rs232_send
 .text.rs232_stdout_putchar
                0x00003302       0x2a contiki-micaz.a(rs232.o)
                0x00003302                rs232_stdout_putchar
 .text.rs232_redirect_stdout
                0x0000332c       0x12 contiki-micaz.a(rs232.o)
                0x0000332c                rs232_redirect_stdout
 .text.leds_arch_init
                0x0000333e        0xe contiki-micaz.a(leds-arch.o)
                0x0000333e                leds_arch_init
 .text.leds_arch_set
                0x0000334c       0x28 contiki-micaz.a(leds-arch.o)
                0x0000334c                leds_arch_set
 .text.strobe   0x00003374        0xc contiki-micaz.a(cc2420.o)
 .text.status   0x00003380       0x10 contiki-micaz.a(cc2420.o)
 .text.on       0x00003390       0x42 contiki-micaz.a(cc2420.o)
 .text.getreg   0x000033d2       0x2c contiki-micaz.a(cc2420.o)
 .text.setreg   0x000033fe       0x1e contiki-micaz.a(cc2420.o)
 .text.set_txpower
                0x0000341c       0x28 contiki-micaz.a(cc2420.o)
 .text.cc2420_receiving_packet
                0x00003444       0x10 contiki-micaz.a(cc2420.o)
 .text.pending_packet
                0x00003454       0x10 contiki-micaz.a(cc2420.o)
 .text.flushrx  0x00003464       0x38 contiki-micaz.a(cc2420.o)
 .text.off      0x0000349c       0x48 contiki-micaz.a(cc2420.o)
 .text.RELEASE_LOCK
                0x000034e4       0x34 contiki-micaz.a(cc2420.o)
 .text.cc2420_prepare
                0x00003518       0x70 contiki-micaz.a(cc2420.o)
 .text.cc2420_on
                0x00003588       0x2c contiki-micaz.a(cc2420.o)
                0x00003588                cc2420_on
 .text.cc2420_off
                0x000035b4       0x3e contiki-micaz.a(cc2420.o)
                0x000035b4                cc2420_off
 .text.cc2420_cca
                0x000035f2       0x9c contiki-micaz.a(cc2420.o)
 .text.getrxdata
                0x0000368e       0x38 contiki-micaz.a(cc2420.o)
 .text.cc2420_read
                0x000036c6       0xfa contiki-micaz.a(cc2420.o)
 .text.process_thread_cc2420_process
                0x000037c0       0x66 contiki-micaz.a(cc2420.o)
 .text.cc2420_set_channel
                0x00003826       0xa0 contiki-micaz.a(cc2420.o)
                0x00003826                cc2420_set_channel
 .text.cc2420_set_pan_addr
                0x000038c6      0x114 contiki-micaz.a(cc2420.o)
                0x000038c6                cc2420_set_pan_addr
 .text.cc2420_init
                0x000039da       0xc8 contiki-micaz.a(cc2420.o)
                0x000039da                cc2420_init
 .text.cc2420_interrupt
                0x00003aa2       0x3e contiki-micaz.a(cc2420.o)
                0x00003aa2                cc2420_interrupt
 .text.cc2420_get_txpower
                0x00003ae0       0x30 contiki-micaz.a(cc2420.o)
                0x00003ae0                cc2420_get_txpower
 .text.cc2420_transmit
                0x00003b10      0x160 contiki-micaz.a(cc2420.o)
 .text.cc2420_send
                0x00003c70       0x16 contiki-micaz.a(cc2420.o)
 .text.cc2420_arch_init
                0x00003c86       0x1e contiki-micaz.a(cc2420-arch.o)
                0x00003c86                cc2420_arch_init
 .text.__vector_7
                0x00003ca4       0x50 contiki-micaz.a(cc2420-arch.o)
                0x00003ca4                __vector_7
 .text.watchdog_start
                0x00003cf4       0x14 contiki-micaz.a(watchdog.o)
                0x00003cf4                watchdog_start
 .text.watchdog_stop
                0x00003d08        0xe contiki-micaz.a(watchdog.o)
                0x00003d08                watchdog_stop
 .text.field_len
                0x00003d16       0xb2 contiki-micaz.a(frame802154.o)
 .text.frame802154_hdrlen
                0x00003dc8       0x4a contiki-micaz.a(frame802154.o)
                0x00003dc8                frame802154_hdrlen
 .text.frame802154_create
                0x00003e12      0x1c8 contiki-micaz.a(frame802154.o)
                0x00003e12                frame802154_create
 .text.frame802154_parse
                0x00003fda      0x1a0 contiki-micaz.a(frame802154.o)
                0x00003fda                frame802154_parse
 .text.timer_set
                0x0000417a       0x18 contiki-micaz.a(timer.o)
                0x0000417a                timer_set
 .text.timer_expired
                0x00004192       0x2e contiki-micaz.a(timer.o)
                0x00004192                timer_expired
 .text.spi_init
                0x000041c0       0x16 contiki-micaz.a(spi.o)
                0x000041c0                spi_init
 .text.libgcc   0x000041d6       0x28 /usr/lib/gcc/avr/4.5.3/avr51/libgcc.a(_udivmodhi4.o)
                0x000041d6                __udivmodhi4
 .text.avr-libc
                0x000041fe       0xbc /usr/lib/gcc/avr/4.5.3/../../../avr/lib/avr51/libc.a(rand.o)
                0x00004294                rand_r
                0x0000429a                rand
                0x000042a4                srand
 .text.avr-libc
                0x000042ba       0x1a /usr/lib/gcc/avr/4.5.3/../../../avr/lib/avr51/libc.a(memcmp.o)
                0x000042ba                memcmp
 .text.avr-libc
                0x000042d4       0x12 /usr/lib/gcc/avr/4.5.3/../../../avr/lib/avr51/libc.a(memcpy.o)
                0x000042d4                memcpy
 .text.avr-libc
                0x000042e6        0xe /usr/lib/gcc/avr/4.5.3/../../../avr/lib/avr51/libc.a(memset.o)
                0x000042e6                memset
 .text.avr-libc
                0x000042f4       0x40 /usr/lib/gcc/avr/4.5.3/../../../avr/lib/avr51/libc.a(printf_p.o)
                0x000042f4                printf_P
 .text.avr-libc
                0x00004334      0x420 /usr/lib/gcc/avr/4.5.3/../../../avr/lib/avr51/libc.a(vfprintf_std.o)
                0x00004334                vfprintf
 .text.avr-libc
                0x00004754       0x20 /usr/lib/gcc/avr/4.5.3/../../../avr/lib/avr51/libc.a(eerd_block_atmega128.o)
                0x00004754                __eerd_block_m128
                0x00004758                __eerd_blraw_m128
 .text.avr-libc
                0x00004774       0x16 /usr/lib/gcc/avr/4.5.3/../../../avr/lib/avr51/libc.a(strnlen_P.o)
                0x00004774                strnlen_P
 .text.avr-libc
                0x0000478a       0x16 /usr/lib/gcc/avr/4.5.3/../../../avr/lib/avr51/libc.a(strnlen.o)
                0x0000478a                strnlen
 .text.avr-libc
                0x000047a0       0x58 /usr/lib/gcc/avr/4.5.3/../../../avr/lib/avr51/libc.a(fputc.o)
                0x000047a0                fputc
 .text.avr-libc
                0x000047f8       0xbc /usr/lib/gcc/avr/4.5.3/../../../avr/lib/avr51/libc.a(ultoa_invert.o)
                0x000047f8                __ultoa_invert
 .text.libgcc   0x000048b4       0x3e /usr/lib/gcc/avr/4.5.3/avr51/libgcc.a(_mulsi3.o)
                0x000048b4                __mulsi3
 .text.libgcc   0x000048f2       0x36 /usr/lib/gcc/avr/4.5.3/avr51/libgcc.a(_divmodsi4.o)
                0x000048f2                __divmodsi4
 .text.libgcc   0x00004928       0x44 /usr/lib/gcc/avr/4.5.3/avr51/libgcc.a(_udivmodsi4.o)
                0x00004928                __udivmodsi4
                0x0000496c                . = ALIGN (0x2)
 *(.fini9)
 .fini9         0x0000496c        0x0 /usr/lib/gcc/avr/4.5.3/avr51/libgcc.a(_exit.o)
                0x0000496c                exit
                0x0000496c                _exit
 *(.fini9)
 *(.fini8)
 *(.fini8)
 *(.fini7)
 *(.fini7)
 *(.fini6)
 *(.fini6)
 *(.fini5)
 *(.fini5)
 *(.fini4)
 *(.fini4)
 *(.fini3)
 *(.fini3)
 *(.fini2)
 *(.fini2)
 *(.fini1)
 *(.fini1)
 *(.fini0)
 .fini0         0x0000496c        0x4 /usr/lib/gcc/avr/4.5.3/avr51/libgcc.a(_exit.o)
 *(.fini0)
                0x00004970                _etext = .

.data           0x00800100       0xe8 load address 0x00004970
                0x00800100                PROVIDE (__data_start, .)
 *(.data)
 .data          0x00800100        0x5 contiki-micaz.a(rime.o)
 .data          0x00800105        0x6 contiki-micaz.a(xmac.o)
 .data          0x0080010b        0x5 contiki-micaz.a(csma.o)
 .data          0x00800110        0x4 /usr/lib/gcc/avr/4.5.3/../../../avr/lib/avr51/libc.a(rand.o)
 *(.data*)
 .data.sync_main
                0x00800114        0x8 sync_main.co
                0x00800114                sync_main
 .data.xmac_config
                0x0080011c        0x8 contiki-micaz.a(xmac.o)
                0x0080011c                xmac_config
 .data.encounter_memb
                0x00800124        0x8 contiki-micaz.a(xmac.o)
 .data.neighbor_memb
                0x0080012c        0x8 contiki-micaz.a(csma.o)
 .data.packet_memb
                0x00800134        0x8 contiki-micaz.a(csma.o)
 .data.metadata_memb
                0x0080013c        0x8 contiki-micaz.a(csma.o)
 .data.etimer_process
                0x00800144        0x8 contiki-micaz.a(etimer.o)
                0x00800144                etimer_process
 .data.ctimer_process
                0x0080014c        0x8 contiki-micaz.a(ctimer.o)
                0x0080014c                ctimer_process
 .data.bufmem   0x00800154        0x8 contiki-micaz.a(queuebuf.o)
 .data.refbufmem
                0x0080015c        0x8 contiki-micaz.a(queuebuf.o)
 .data.buframmem
                0x00800164        0x8 contiki-micaz.a(queuebuf.o)
 .data.rs232_stdout
                0x0080016c        0xe contiki-micaz.a(rs232.o)
 .data.cc2420_process
                0x0080017a        0x8 contiki-micaz.a(cc2420.o)
                0x0080017a                cc2420_process
 *(.rodata)
 *(.rodata*)
 .rodata.autostart_processes
                0x00800182        0x4 sync_main.co
                0x00800182                autostart_processes
 .rodata.abc_call
                0x00800186        0x4 sync_main.co
 .rodata.attributes
                0x0080018a        0x2 contiki-micaz.a(abc.o)
 .rodata.rimeaddr_null
                0x0080018c        0x2 contiki-micaz.a(rimeaddr.o)
                0x0080018c                rimeaddr_null
 .rodata.rime_driver
                0x0080018e        0x6 contiki-micaz.a(rime.o)
                0x0080018e                rime_driver
 .rodata.broadcast_callbacks
                0x00800194        0x4 contiki-micaz.a(broadcast-annou)
 .rodata.broadcast
                0x00800198        0x4 contiki-micaz.a(broadcast.o)
 .rodata.attributes
                0x0080019c        0x4 contiki-micaz.a(broadcast.o)
 .rodata.chameleon_bitopt
                0x008001a0        0x6 contiki-micaz.a(chameleon-bitop)
                0x008001a0                chameleon_bitopt
 .rodata.bitmask
                0x008001a6        0x9 contiki-micaz.a(chameleon-bitop)
 .rodata.xmac_driver
                0x008001af       0x10 contiki-micaz.a(xmac.o)
                0x008001af                xmac_driver
 .rodata.framer_802154
                0x008001bf        0x4 contiki-micaz.a(framer-802154.o)
                0x008001bf                framer_802154
 .rodata.csma_driver
                0x008001c3        0xe contiki-micaz.a(csma.o)
                0x008001c3                csma_driver
 .rodata.cc2420_driver
                0x008001d1       0x14 contiki-micaz.a(cc2420.o)
                0x008001d1                cc2420_driver
 .rodata.CSWTCH.4
                0x008001e5        0x2 contiki-micaz.a(frame802154.o)
 *(.gnu.linkonce.d*)
                0x008001e8                . = ALIGN (0x2)
 *fill*         0x008001e7        0x1 00
                0x008001e8                _edata = .
                0x008001e8                PROVIDE (__data_end, .)

.bss            0x008001e8      0x942
                0x008001e8                PROVIDE (__bss_start, .)
 *(.bss)
 *(.bss*)
 .bss.abc       0x008001e8        0xb sync_main.co
 .bss.sclk      0x008001f3        0xc sync_main.co
 .bss.rt        0x008001ff        0x6 sync_main.co
 .bss.pt        0x00800205        0x2 sync_main.co
 .bss.ntp       0x00800207       0x22 sync_main.co
 .bss.second.2705
                0x00800229        0x8 sync_main.co
 .bss.channel_list_list
                0x00800231        0x2 contiki-micaz.a(channel.o)
 .bss.next_rtimer
                0x00800233        0x2 contiki-micaz.a(rtimer.o)
 .bss.hdrptr    0x00800235        0x1 contiki-micaz.a(packetbuf.o)
 .bss.buflen    0x00800236        0x2 contiki-micaz.a(packetbuf.o)
 .bss.packetbufptr
                0x00800238        0x2 contiki-micaz.a(packetbuf.o)
 .bss.packetbuf_aligned
                0x0080023a       0xb2 contiki-micaz.a(packetbuf.o)
 .bss.bufptr    0x008002ec        0x2 contiki-micaz.a(packetbuf.o)
 .bss.node_id   0x008002ee        0x2 contiki-micaz.a(node-id.o)
                0x008002ee                node_id
 .bss.seconds   0x008002f0        0x4 contiki-micaz.a(clock.o)
 .bss.count     0x008002f4        0x2 contiki-micaz.a(clock.o)
 .bss.scount    0x008002f6        0x2 contiki-micaz.a(clock.o)
 .bss.invert    0x008002f8        0x1 contiki-micaz.a(leds.o)
 .bss.leds      0x008002f9        0x1 contiki-micaz.a(leds.o)
 .bss.sniffers_list
                0x008002fa        0x2 contiki-micaz.a(rime.o)
 .bss.announcements_list
                0x008002fc        0x2 contiki-micaz.a(announcement.o)
 .bss.observer_callback
                0x008002fe        0x2 contiki-micaz.a(announcement.o)
 .bss.c         0x00800300       0x37 contiki-micaz.a(broadcast-annou)
 .bss.xmac_is_on
                0x00800337        0x1 contiki-micaz.a(xmac.o)
 .bss.rt        0x00800338        0x6 contiki-micaz.a(xmac.o)
 .bss.is_streaming
                0x0080033e        0x1 contiki-micaz.a(xmac.o)
 .bss.stream_until
                0x0080033f        0x2 contiki-micaz.a(xmac.o)
 .bss.is_streaming_to
                0x00800341        0x2 contiki-micaz.a(xmac.o)
 .bss.is_streaming_to_too
                0x00800343        0x2 contiki-micaz.a(xmac.o)
 .bss.pt        0x00800345        0x2 contiki-micaz.a(xmac.o)
 .bss.someone_is_sending
                0x00800347        0x1 contiki-micaz.a(xmac.o)
 .bss.waiting_for_packet
                0x00800348        0x1 contiki-micaz.a(xmac.o)
 .bss.we_are_sending
                0x00800349        0x1 contiki-micaz.a(xmac.o)
 .bss.radio_is_on
                0x0080034a        0x1 contiki-micaz.a(xmac.o)
 .bss.received_seqnos
                0x0080034b       0x18 contiki-micaz.a(xmac.o)
 .bss.encounter_list_list
                0x00800363        0x2 contiki-micaz.a(xmac.o)
 .bss.encounter_memb_memb_count
                0x00800365        0x4 contiki-micaz.a(xmac.o)
 .bss.encounter_memb_memb_mem
                0x00800369       0x18 contiki-micaz.a(xmac.o)
 .bss.initialized
                0x00800381        0x1 contiki-micaz.a(framer-802154.o)
 .bss.mac_dsn   0x00800382        0x1 contiki-micaz.a(framer-802154.o)
 .bss.seqno.2046
                0x00800383        0x2 contiki-micaz.a(csma.o)
 .bss.neighbor_list_list
                0x00800385        0x2 contiki-micaz.a(csma.o)
 .bss.neighbor_memb_memb_count
                0x00800387        0x2 contiki-micaz.a(csma.o)
 .bss.neighbor_memb_memb_mem
                0x00800389       0x36 contiki-micaz.a(csma.o)
 .bss.packet_memb_memb_count
                0x008003bf        0x8 contiki-micaz.a(csma.o)
 .bss.packet_memb_memb_mem
                0x008003c7       0x30 contiki-micaz.a(csma.o)
 .bss.metadata_memb_memb_count
                0x008003f7        0x8 contiki-micaz.a(csma.o)
 .bss.metadata_memb_memb_mem
                0x008003ff       0x28 contiki-micaz.a(csma.o)
 .bss.process_list
                0x00800427        0x2 contiki-micaz.a(process.o)
                0x00800427                process_list
 .bss.process_current
                0x00800429        0x2 contiki-micaz.a(process.o)
                0x00800429                process_current
 .bss.poll_requested
                0x0080042b        0x1 contiki-micaz.a(process.o)
 .bss.nevents   0x0080042c        0x1 contiki-micaz.a(process.o)
 .bss.fevent    0x0080042d        0x1 contiki-micaz.a(process.o)
 .bss.events    0x0080042e       0x28 contiki-micaz.a(process.o)
 .bss.snum.1546
                0x00800456        0x1 contiki-micaz.a(process.o)
 .bss.p.1531    0x00800457        0x2 contiki-micaz.a(process.o)
 .bss.receiver.1530
                0x00800459        0x2 contiki-micaz.a(process.o)
 .bss.data.1529
                0x0080045b        0x2 contiki-micaz.a(process.o)
 .bss.ev.1528   0x0080045d        0x1 contiki-micaz.a(process.o)
 .bss.lastevent
                0x0080045e        0x1 contiki-micaz.a(process.o)
 .bss.timerlist
                0x0080045f        0x2 contiki-micaz.a(etimer.o)
 .bss.next_expiration
                0x00800461        0x2 contiki-micaz.a(etimer.o)
 .bss.initialized
                0x00800463        0x1 contiki-micaz.a(ctimer.o)
 .bss.ctimer_list_list
                0x00800464        0x2 contiki-micaz.a(ctimer.o)
 .bss.bufmem_memb_count
                0x00800466        0x8 contiki-micaz.a(queuebuf.o)
 .bss.bufmem_memb_mem
                0x0080046e       0x10 contiki-micaz.a(queuebuf.o)
 .bss.refbufmem_memb_count
                0x0080047e        0x2 contiki-micaz.a(queuebuf.o)
 .bss.refbufmem_memb_mem
                0x00800480       0x6a contiki-micaz.a(queuebuf.o)
 .bss.buframmem_memb_count
                0x008004ea        0x8 contiki-micaz.a(queuebuf.o)
 .bss.buframmem_memb_mem
                0x008004f2      0x5d0 contiki-micaz.a(queuebuf.o)
 .bss.stdout_rs232_port
                0x00800ac2        0x1 contiki-micaz.a(rs232.o)
 .bss.locked    0x00800ac3        0x1 contiki-micaz.a(cc2420.o)
 .bss.receive_on
                0x00800ac4        0x1 contiki-micaz.a(cc2420.o)
 .bss.lock_on   0x00800ac5        0x1 contiki-micaz.a(cc2420.o)
 .bss.lock_off  0x00800ac6        0x1 contiki-micaz.a(cc2420.o)
 .bss.pending   0x00800ac7        0x1 contiki-micaz.a(cc2420.o)
 .bss.last_packet_timestamp
                0x00800ac8        0x2 contiki-micaz.a(cc2420.o)
 .bss.channel   0x00800aca        0x2 contiki-micaz.a(cc2420.o)
 *(COMMON)
 COMMON         0x00800acc       0x38 contiki-micaz.a(packetbuf.o)
                0x00800acc                packetbuf_addrs
                0x00800ad4                packetbuf_attrs
 COMMON         0x00800b04        0x8 contiki-micaz.a(ds2401.o)
                0x00800b04                ds2401_id
 COMMON         0x00800b0c        0x2 contiki-micaz.a(rimeaddr.o)
                0x00800b0c                rimeaddr_node_addr
 COMMON         0x00800b0e        0x1 contiki-micaz.a(process.o)
                0x00800b0e                process_maxevents
 COMMON         0x00800b0f        0x4 contiki-micaz.a(rs232.o)
                0x00800b0f                input_handler_1
                0x00800b11                input_handler_0
 COMMON         0x00800b13       0x11 contiki-micaz.a(cc2420.o)
                0x00800b13                cc2420_last_rssi
                0x00800b14                cc2420_packets_read
                0x00800b16                cc2420_packets_seen
                0x00800b18                cc2420_sfd_start_time
                0x00800b1a                cc2420_time_of_departure
                0x00800b1c                cc2420_time_of_arrival
                0x00800b1e                cc2420_last_correlation
                0x00800b1f                cc2420_authority_level_of_sender
                0x00800b21                cc2420_sfd_counter
                0x00800b22                cc2420_sfd_end_time
 COMMON         0x00800b24        0x6 /usr/lib/gcc/avr/4.5.3/../../../avr/lib/avr51/libc.a(iob.o)
                0x00800b24                __iob
                0x00800b2a                PROVIDE (__bss_end, .)
                0x00004970                __data_load_start = LOADADDR (.data)
                0x00004a58                __data_load_end = (__data_load_start + SIZEOF (.data))

.noinit         0x00800b2a        0x0
                0x00800b2a                PROVIDE (__noinit_start, .)
 *(.noinit*)
                0x00800b2a                PROVIDE (__noinit_end, .)
                0x00800b2a                _end = .
                0x00800b2a                PROVIDE (__heap_start, .)

.eeprom         0x00810000        0x0
 *(.eeprom*)
                0x00810000                __eeprom_end = .

.fuse
 *(.fuse)
 *(.lfuse)
 *(.hfuse)
 *(.efuse)

.lock
 *(.lock*)

.signature
 *(.signature*)

.stab           0x00000000     0x276c
 *(.stab)
 .stab          0x00000000      0x6cc /usr/lib/gcc/avr/4.5.3/../../../avr/lib/avr51/crtm128.o
 .stab          0x000006cc      0x324 /usr/lib/gcc/avr/4.5.3/../../../avr/lib/avr51/libc.a(rand.o)
                                0x330 (size before relaxing)
 .stab          0x000009f0       0xb4 /usr/lib/gcc/avr/4.5.3/../../../avr/lib/avr51/libc.a(memcmp.o)
                                 0xc0 (size before relaxing)
 .stab          0x00000aa4       0x84 /usr/lib/gcc/avr/4.5.3/../../../avr/lib/avr51/libc.a(memcpy.o)
                                 0x90 (size before relaxing)
 .stab          0x00000b28       0x6c /usr/lib/gcc/avr/4.5.3/../../../avr/lib/avr51/libc.a(memset.o)
                                 0x78 (size before relaxing)
 .stab          0x00000b94      0x300 /usr/lib/gcc/avr/4.5.3/../../../avr/lib/avr51/libc.a(iob.o)
                                0x30c (size before relaxing)
 .stab          0x00000e94      0x12c /usr/lib/gcc/avr/4.5.3/../../../avr/lib/avr51/libc.a(printf.o)
                                0x36c (size before relaxing)
 .stab          0x00000fc0      0x1a4 /usr/lib/gcc/avr/4.5.3/../../../avr/lib/avr51/libc.a(printf_p.o)
                                0x384 (size before relaxing)
 .stab          0x00001164      0x12c /usr/lib/gcc/avr/4.5.3/../../../avr/lib/avr51/libc.a(puts.o)
                                0x3d8 (size before relaxing)
 .stab          0x00001290      0xac8 /usr/lib/gcc/avr/4.5.3/../../../avr/lib/avr51/libc.a(vfprintf_std.o)
                                0xcd8 (size before relaxing)
 .stab          0x00001d58      0x108 /usr/lib/gcc/avr/4.5.3/../../../avr/lib/avr51/libc.a(eerd_block_atmega128.o)
                                0x114 (size before relaxing)
 .stab          0x00001e60       0x9c /usr/lib/gcc/avr/4.5.3/../../../avr/lib/avr51/libc.a(eewr_block_atmega128.o)
                                 0xa8 (size before relaxing)
 .stab          0x00001efc       0xd8 /usr/lib/gcc/avr/4.5.3/../../../avr/lib/avr51/libc.a(eewr_byte_atmega128.o)
                                 0xe4 (size before relaxing)
 .stab          0x00001fd4       0x9c /usr/lib/gcc/avr/4.5.3/../../../avr/lib/avr51/libc.a(strnlen_P.o)
                                 0xa8 (size before relaxing)
 .stab          0x00002070       0x9c /usr/lib/gcc/avr/4.5.3/../../../avr/lib/avr51/libc.a(strnlen.o)
                                 0xa8 (size before relaxing)
 .stab          0x0000210c      0x1e0 /usr/lib/gcc/avr/4.5.3/../../../avr/lib/avr51/libc.a(fputc.o)
                                0x3c0 (size before relaxing)
 .stab          0x000022ec      0x480 /usr/lib/gcc/avr/4.5.3/../../../avr/lib/avr51/libc.a(ultoa_invert.o)
                                0x48c (size before relaxing)

.stabstr        0x00000000      0xf1b
 *(.stabstr)
 .stabstr       0x00000000      0xf1b /usr/lib/gcc/avr/4.5.3/../../../avr/lib/avr51/crtm128.o

.stab.excl
 *(.stab.excl)

.stab.exclstr
 *(.stab.exclstr)

.stab.index
 *(.stab.index)

.stab.indexstr
 *(.stab.indexstr)

.comment
 *(.comment)

.debug
 *(.debug)

.line
 *(.line)

.debug_srcinfo
 *(.debug_srcinfo)

.debug_sfnames
 *(.debug_sfnames)

.debug_aranges  0x00000000      0xcd0
 *(.debug_aranges)
 .debug_aranges
                0x00000000       0x30 sync_main.co
 .debug_aranges
                0x00000030       0x80 obj_micaz/timestamp.o
 .debug_aranges
                0x000000b0       0x48 obj_micaz/sclock.o
 .debug_aranges
                0x000000f8       0x28 obj_micaz/ntp.o
 .debug_aranges
                0x00000120       0x40 contiki-micaz.a(abc.o)
 .debug_aranges
                0x00000160       0x40 contiki-micaz.a(channel.o)
 .debug_aranges
                0x000001a0       0x78 contiki-micaz.a(list.o)
 .debug_aranges
                0x00000218       0x30 contiki-micaz.a(rtimer.o)
 .debug_aranges
                0x00000248       0xc0 contiki-micaz.a(packetbuf.o)
 .debug_aranges
                0x00000308       0x28 contiki-micaz.a(contiki-micaz-m)
 .debug_aranges
                0x00000330       0x20 contiki-micaz.a(init-net.o)
 .debug_aranges
                0x00000350       0x28 contiki-micaz.a(node-id.o)
 .debug_aranges
                0x00000378       0x50 contiki-micaz.a(clock.o)
 .debug_aranges
                0x000003c8       0x30 contiki-micaz.a(rtimer-arch.o)
 .debug_aranges
                0x000003f8       0x30 contiki-micaz.a(ds2401.o)
 .debug_aranges
                0x00000428       0x28 contiki-micaz.a(eeprom.o)
 .debug_aranges
                0x00000450       0x58 contiki-micaz.a(leds.o)
 .debug_aranges
                0x000004a8       0x30 contiki-micaz.a(rimeaddr.o)
 .debug_aranges
                0x000004d8       0x48 contiki-micaz.a(rime.o)
 .debug_aranges
                0x00000520       0x70 contiki-micaz.a(announcement.o)
 .debug_aranges
                0x00000590       0x60 contiki-micaz.a(broadcast-annou)
 .debug_aranges
                0x000005f0       0x40 contiki-micaz.a(broadcast.o)
 .debug_aranges
                0x00000630       0x38 contiki-micaz.a(chameleon.o)
 .debug_aranges
                0x00000668       0x50 contiki-micaz.a(chameleon-bitop)
 .debug_aranges
                0x000006b8       0x88 contiki-micaz.a(xmac.o)
 .debug_aranges
                0x00000740       0x20 contiki-micaz.a(mac.o)
 .debug_aranges
                0x00000760       0x28 contiki-micaz.a(framer-802154.o)
 .debug_aranges
                0x00000788       0x68 contiki-micaz.a(csma.o)
 .debug_aranges
                0x000007f0       0x80 contiki-micaz.a(process.o)
 .debug_aranges
                0x00000870       0x28 contiki-micaz.a(autostart.o)
 .debug_aranges
                0x00000898       0x38 contiki-micaz.a(memb.o)
 .debug_aranges
                0x000008d0       0x88 contiki-micaz.a(etimer.o)
 .debug_aranges
                0x00000958       0x50 contiki-micaz.a(ctimer.o)
 .debug_aranges
                0x000009a8       0x28 contiki-micaz.a(random.o)
 .debug_aranges
                0x000009d0       0x68 contiki-micaz.a(queuebuf.o)
 .debug_aranges
                0x00000a38       0x60 contiki-micaz.a(rs232.o)
 .debug_aranges
                0x00000a98       0x30 contiki-micaz.a(leds-arch.o)
 .debug_aranges
                0x00000ac8      0x108 contiki-micaz.a(cc2420.o)
 .debug_aranges
                0x00000bd0       0x28 contiki-micaz.a(cc2420-arch.o)
 .debug_aranges
                0x00000bf8       0x40 contiki-micaz.a(watchdog.o)
 .debug_aranges
                0x00000c38       0x38 contiki-micaz.a(frame802154.o)
 .debug_aranges
                0x00000c70       0x40 contiki-micaz.a(timer.o)
 .debug_aranges
                0x00000cb0       0x20 contiki-micaz.a(spi.o)

.debug_pubnames
                0x00000000     0x1629
 *(.debug_pubnames)
 .debug_pubnames
                0x00000000       0x41 sync_main.co
 .debug_pubnames
                0x00000041      0x124 obj_micaz/timestamp.o
 .debug_pubnames
                0x00000165       0x89 obj_micaz/sclock.o
 .debug_pubnames
                0x000001ee       0x34 obj_micaz/ntp.o
 .debug_pubnames
                0x00000222       0x55 contiki-micaz.a(abc.o)
 .debug_pubnames
                0x00000277       0x74 contiki-micaz.a(channel.o)
 .debug_pubnames
                0x000002eb       0xc3 contiki-micaz.a(list.o)
 .debug_pubnames
                0x000003ae       0x45 contiki-micaz.a(rtimer.o)
 .debug_pubnames
                0x000003f3      0x22c contiki-micaz.a(packetbuf.o)
 .debug_pubnames
                0x0000061f       0x2a contiki-micaz.a(contiki-micaz-m)
 .debug_pubnames
                0x00000649       0x1f contiki-micaz.a(init-net.o)
 .debug_pubnames
                0x00000668       0x43 contiki-micaz.a(node-id.o)
 .debug_pubnames
                0x000006ab       0x87 contiki-micaz.a(clock.o)
 .debug_pubnames
                0x00000732       0x50 contiki-micaz.a(rtimer-arch.o)
 .debug_pubnames
                0x00000782       0x30 contiki-micaz.a(ds2401.o)
 .debug_pubnames
                0x000007b2       0x33 contiki-micaz.a(eeprom.o)
 .debug_pubnames
                0x000007e5       0x75 contiki-micaz.a(leds.o)
 .debug_pubnames
                0x0000085a       0x79 contiki-micaz.a(rimeaddr.o)
 .debug_pubnames
                0x000008d3       0x5f contiki-micaz.a(rime.o)
 .debug_pubnames
                0x00000932      0x144 contiki-micaz.a(announcement.o)
 .debug_pubnames
                0x00000a76       0x7d contiki-micaz.a(broadcast-annou)
 .debug_pubnames
                0x00000af3       0x4c contiki-micaz.a(broadcast.o)
 .debug_pubnames
                0x00000b3f       0x64 contiki-micaz.a(chameleon.o)
 .debug_pubnames
                0x00000ba3       0x6b contiki-micaz.a(chameleon-bitop)
 .debug_pubnames
                0x00000c0e       0x5a contiki-micaz.a(xmac.o)
 .debug_pubnames
                0x00000c68       0x2d contiki-micaz.a(mac.o)
 .debug_pubnames
                0x00000c95       0x24 contiki-micaz.a(framer-802154.o)
 .debug_pubnames
                0x00000cb9       0x22 contiki-micaz.a(csma.o)
 .debug_pubnames
                0x00000cdb      0x10d contiki-micaz.a(process.o)
 .debug_pubnames
                0x00000de8       0x39 contiki-micaz.a(autostart.o)
 .debug_pubnames
                0x00000e21       0x4d contiki-micaz.a(memb.o)
 .debug_pubnames
                0x00000e6e      0x109 contiki-micaz.a(etimer.o)
 .debug_pubnames
                0x00000f77       0x8b contiki-micaz.a(ctimer.o)
 .debug_pubnames
                0x00001002       0x32 contiki-micaz.a(random.o)
 .debug_pubnames
                0x00001034       0xff contiki-micaz.a(queuebuf.o)
 .debug_pubnames
                0x00001133       0xe4 contiki-micaz.a(rs232.o)
 .debug_pubnames
                0x00001217       0x49 contiki-micaz.a(leds-arch.o)
 .debug_pubnames
                0x00001260      0x236 contiki-micaz.a(cc2420.o)
 .debug_pubnames
                0x00001496       0x36 contiki-micaz.a(cc2420-arch.o)
 .debug_pubnames
                0x000014cc       0x73 contiki-micaz.a(watchdog.o)
 .debug_pubnames
                0x0000153f       0x56 contiki-micaz.a(frame802154.o)
 .debug_pubnames
                0x00001595       0x68 contiki-micaz.a(timer.o)
 .debug_pubnames
                0x000015fd       0x2c contiki-micaz.a(spi.o)

.debug_info     0x00000000     0xb4f0
 *(.debug_info)
 .debug_info    0x00000000      0x666 sync_main.co
 .debug_info    0x00000666      0x475 obj_micaz/timestamp.o
 .debug_info    0x00000adb      0x3ae obj_micaz/sclock.o
 .debug_info    0x00000e89      0x20b obj_micaz/ntp.o
 .debug_info    0x00001094      0x46c contiki-micaz.a(abc.o)
 .debug_info    0x00001500      0x2f6 contiki-micaz.a(channel.o)
 .debug_info    0x000017f6      0x34d contiki-micaz.a(list.o)
 .debug_info    0x00001b43      0x1c2 contiki-micaz.a(rtimer.o)
 .debug_info    0x00001d05      0x62d contiki-micaz.a(packetbuf.o)
 .debug_info    0x00002332      0x2c6 contiki-micaz.a(contiki-micaz-m)
 .debug_info    0x000025f8      0x48b contiki-micaz.a(init-net.o)
 .debug_info    0x00002a83      0x14d contiki-micaz.a(node-id.o)
 .debug_info    0x00002bd0      0x1f5 contiki-micaz.a(clock.o)
 .debug_info    0x00002dc5       0xfd contiki-micaz.a(rtimer-arch.o)
 .debug_info    0x00002ec2      0x369 contiki-micaz.a(ds2401.o)
 .debug_info    0x0000322b      0x121 contiki-micaz.a(eeprom.o)
 .debug_info    0x0000334c      0x1ce contiki-micaz.a(leds.o)
 .debug_info    0x0000351a      0x17a contiki-micaz.a(rimeaddr.o)
 .debug_info    0x00003694      0x4f2 contiki-micaz.a(rime.o)
 .debug_info    0x00003b86      0x3f1 contiki-micaz.a(announcement.o)
 .debug_info    0x00003f77      0x870 contiki-micaz.a(broadcast-annou)
 .debug_info    0x000047e7      0x5a1 contiki-micaz.a(broadcast.o)
 .debug_info    0x00004d88      0x428 contiki-micaz.a(chameleon.o)
 .debug_info    0x000051b0      0x7cb contiki-micaz.a(chameleon-bitop)
 .debug_info    0x0000597b      0xeff contiki-micaz.a(xmac.o)
 .debug_info    0x0000687a      0x118 contiki-micaz.a(mac.o)
 .debug_info    0x00006992      0x65b contiki-micaz.a(framer-802154.o)
 .debug_info    0x00006fed      0xbbe contiki-micaz.a(csma.o)
 .debug_info    0x00007bab      0x578 contiki-micaz.a(process.o)
 .debug_info    0x00008123      0x1a3 contiki-micaz.a(autostart.o)
 .debug_info    0x000082c6      0x1b1 contiki-micaz.a(memb.o)
 .debug_info    0x00008477      0x4d6 contiki-micaz.a(etimer.o)
 .debug_info    0x0000894d      0x470 contiki-micaz.a(ctimer.o)
 .debug_info    0x00008dbd       0xab contiki-micaz.a(random.o)
 .debug_info    0x00008e68      0x6ea contiki-micaz.a(queuebuf.o)
 .debug_info    0x00009552      0x3ba contiki-micaz.a(rs232.o)
 .debug_info    0x0000990c       0xc5 contiki-micaz.a(leds-arch.o)
 .debug_info    0x000099d1     0x11fe contiki-micaz.a(cc2420.o)
 .debug_info    0x0000abcf      0x172 contiki-micaz.a(cc2420-arch.o)
 .debug_info    0x0000ad41       0xe1 contiki-micaz.a(watchdog.o)
 .debug_info    0x0000ae22      0x4ab contiki-micaz.a(frame802154.o)
 .debug_info    0x0000b2cd      0x188 contiki-micaz.a(timer.o)
 .debug_info    0x0000b455       0x9b contiki-micaz.a(spi.o)
 *(.gnu.linkonce.wi.*)

.debug_abbrev   0x00000000     0x4091
 *(.debug_abbrev)
 .debug_abbrev  0x00000000      0x1eb sync_main.co
 .debug_abbrev  0x000001eb      0x169 obj_micaz/timestamp.o
 .debug_abbrev  0x00000354      0x123 obj_micaz/sclock.o
 .debug_abbrev  0x00000477       0xcc obj_micaz/ntp.o
 .debug_abbrev  0x00000543      0x184 contiki-micaz.a(abc.o)
 .debug_abbrev  0x000006c7      0x16b contiki-micaz.a(channel.o)
 .debug_abbrev  0x00000832      0x13c contiki-micaz.a(list.o)
 .debug_abbrev  0x0000096e      0x12c contiki-micaz.a(rtimer.o)
 .debug_abbrev  0x00000a9a      0x22d contiki-micaz.a(packetbuf.o)
 .debug_abbrev  0x00000cc7      0x139 contiki-micaz.a(contiki-micaz-m)
 .debug_abbrev  0x00000e00      0x1a4 contiki-micaz.a(init-net.o)
 .debug_abbrev  0x00000fa4       0xce contiki-micaz.a(node-id.o)
 .debug_abbrev  0x00001072       0xe6 contiki-micaz.a(clock.o)
 .debug_abbrev  0x00001158       0x98 contiki-micaz.a(rtimer-arch.o)
 .debug_abbrev  0x000011f0      0x198 contiki-micaz.a(ds2401.o)
 .debug_abbrev  0x00001388       0x8c contiki-micaz.a(eeprom.o)
 .debug_abbrev  0x00001414       0xd6 contiki-micaz.a(leds.o)
 .debug_abbrev  0x000014ea      0x103 contiki-micaz.a(rimeaddr.o)
 .debug_abbrev  0x000015ed      0x1fd contiki-micaz.a(rime.o)
 .debug_abbrev  0x000017ea      0x16c contiki-micaz.a(announcement.o)
 .debug_abbrev  0x00001956      0x230 contiki-micaz.a(broadcast-annou)
 .debug_abbrev  0x00001b86      0x1e9 contiki-micaz.a(broadcast.o)
 .debug_abbrev  0x00001d6f      0x1ce contiki-micaz.a(chameleon.o)
 .debug_abbrev  0x00001f3d      0x266 contiki-micaz.a(chameleon-bitop)
 .debug_abbrev  0x000021a3      0x3d3 contiki-micaz.a(xmac.o)
 .debug_abbrev  0x00002576       0xa2 contiki-micaz.a(mac.o)
 .debug_abbrev  0x00002618      0x229 contiki-micaz.a(framer-802154.o)
 .debug_abbrev  0x00002841      0x36b contiki-micaz.a(csma.o)
 .debug_abbrev  0x00002bac      0x2e1 contiki-micaz.a(process.o)
 .debug_abbrev  0x00002e8d       0xf7 contiki-micaz.a(autostart.o)
 .debug_abbrev  0x00002f84       0xec contiki-micaz.a(memb.o)
 .debug_abbrev  0x00003070      0x20d contiki-micaz.a(etimer.o)
 .debug_abbrev  0x0000327d      0x1b7 contiki-micaz.a(ctimer.o)
 .debug_abbrev  0x00003434       0x69 contiki-micaz.a(random.o)
 .debug_abbrev  0x0000349d      0x1f5 contiki-micaz.a(queuebuf.o)
 .debug_abbrev  0x00003692      0x188 contiki-micaz.a(rs232.o)
 .debug_abbrev  0x0000381a       0x89 contiki-micaz.a(leds-arch.o)
 .debug_abbrev  0x000038a3      0x405 contiki-micaz.a(cc2420.o)
 .debug_abbrev  0x00003ca8       0xca contiki-micaz.a(cc2420-arch.o)
 .debug_abbrev  0x00003d72       0x4e contiki-micaz.a(watchdog.o)
 .debug_abbrev  0x00003dc0      0x19e contiki-micaz.a(frame802154.o)
 .debug_abbrev  0x00003f5e       0xd4 contiki-micaz.a(timer.o)
 .debug_abbrev  0x00004032       0x5f contiki-micaz.a(spi.o)

.debug_line     0x00000000     0x80a9
 *(.debug_line)
 .debug_line    0x00000000      0x244 sync_main.co
 .debug_line    0x00000244      0xa0c obj_micaz/timestamp.o
 .debug_line    0x00000c50      0x257 obj_micaz/sclock.o
 .debug_line    0x00000ea7      0x135 obj_micaz/ntp.o
 .debug_line    0x00000fdc      0x1b9 contiki-micaz.a(abc.o)
 .debug_line    0x00001195      0x1db contiki-micaz.a(channel.o)
 .debug_line    0x00001370      0x33a contiki-micaz.a(list.o)
 .debug_line    0x000016aa      0x116 contiki-micaz.a(rtimer.o)
 .debug_line    0x000017c0      0x4b4 contiki-micaz.a(packetbuf.o)
 .debug_line    0x00001c74      0x24b contiki-micaz.a(contiki-micaz-m)
 .debug_line    0x00001ebf      0x241 contiki-micaz.a(init-net.o)
 .debug_line    0x00002100      0x158 contiki-micaz.a(node-id.o)
 .debug_line    0x00002258      0x26a contiki-micaz.a(clock.o)
 .debug_line    0x000024c2      0x196 contiki-micaz.a(rtimer-arch.o)
 .debug_line    0x00002658      0x2f6 contiki-micaz.a(ds2401.o)
 .debug_line    0x0000294e      0x109 contiki-micaz.a(eeprom.o)
 .debug_line    0x00002a57      0x1a2 contiki-micaz.a(leds.o)
 .debug_line    0x00002bf9       0xd7 contiki-micaz.a(rimeaddr.o)
 .debug_line    0x00002cd0      0x295 contiki-micaz.a(rime.o)
 .debug_line    0x00002f65      0x2d1 contiki-micaz.a(announcement.o)
 .debug_line    0x00003236      0x39d contiki-micaz.a(broadcast-annou)
 .debug_line    0x000035d3      0x1dc contiki-micaz.a(broadcast.o)
 .debug_line    0x000037af      0x1b7 contiki-micaz.a(chameleon.o)
 .debug_line    0x00003966      0x4a5 contiki-micaz.a(chameleon-bitop)
 .debug_line    0x00003e0b      0x947 contiki-micaz.a(xmac.o)
 .debug_line    0x00004752       0x88 contiki-micaz.a(mac.o)
 .debug_line    0x000047da      0x303 contiki-micaz.a(framer-802154.o)
 .debug_line    0x00004add      0x5e7 contiki-micaz.a(csma.o)
 .debug_line    0x000050c4      0x4d9 contiki-micaz.a(process.o)
 .debug_line    0x0000559d       0xf7 contiki-micaz.a(autostart.o)
 .debug_line    0x00005694      0x186 contiki-micaz.a(memb.o)
 .debug_line    0x0000581a      0x47b contiki-micaz.a(etimer.o)
 .debug_line    0x00005c95      0x372 contiki-micaz.a(ctimer.o)
 .debug_line    0x00006007       0xa0 contiki-micaz.a(random.o)
 .debug_line    0x000060a7      0x35b contiki-micaz.a(queuebuf.o)
 .debug_line    0x00006402      0x2db contiki-micaz.a(rs232.o)
 .debug_line    0x000066dd      0x147 contiki-micaz.a(leds-arch.o)
 .debug_line    0x00006824      0xef7 contiki-micaz.a(cc2420.o)
 .debug_line    0x0000771b      0x182 contiki-micaz.a(cc2420-arch.o)
 .debug_line    0x0000789d      0x149 contiki-micaz.a(watchdog.o)
 .debug_line    0x000079e6      0x4ac contiki-micaz.a(frame802154.o)
 .debug_line    0x00007e92      0x14b contiki-micaz.a(timer.o)
 .debug_line    0x00007fdd       0xcc contiki-micaz.a(spi.o)

.debug_frame    0x00000000     0x1440
 *(.debug_frame)
 .debug_frame   0x00000000       0x40 sync_main.co
 .debug_frame   0x00000040       0xe0 obj_micaz/timestamp.o
 .debug_frame   0x00000120       0x70 obj_micaz/sclock.o
 .debug_frame   0x00000190       0x30 obj_micaz/ntp.o
 .debug_frame   0x000001c0       0x60 contiki-micaz.a(abc.o)
 .debug_frame   0x00000220       0x60 contiki-micaz.a(channel.o)
 .debug_frame   0x00000280       0xd0 contiki-micaz.a(list.o)
 .debug_frame   0x00000350       0x40 contiki-micaz.a(rtimer.o)
 .debug_frame   0x00000390      0x160 contiki-micaz.a(packetbuf.o)
 .debug_frame   0x000004f0       0x30 contiki-micaz.a(contiki-micaz-m)
 .debug_frame   0x00000520       0x20 contiki-micaz.a(init-net.o)
 .debug_frame   0x00000540       0x30 contiki-micaz.a(node-id.o)
 .debug_frame   0x00000570       0x80 contiki-micaz.a(clock.o)
 .debug_frame   0x000005f0       0x40 contiki-micaz.a(rtimer-arch.o)
 .debug_frame   0x00000630       0x40 contiki-micaz.a(ds2401.o)
 .debug_frame   0x00000670       0x30 contiki-micaz.a(eeprom.o)
 .debug_frame   0x000006a0       0x90 contiki-micaz.a(leds.o)
 .debug_frame   0x00000730       0x40 contiki-micaz.a(rimeaddr.o)
 .debug_frame   0x00000770       0x70 contiki-micaz.a(rime.o)
 .debug_frame   0x000007e0       0xc0 contiki-micaz.a(announcement.o)
 .debug_frame   0x000008a0       0xa0 contiki-micaz.a(broadcast-annou)
 .debug_frame   0x00000940       0x60 contiki-micaz.a(broadcast.o)
 .debug_frame   0x000009a0       0x50 contiki-micaz.a(chameleon.o)
 .debug_frame   0x000009f0       0x80 contiki-micaz.a(chameleon-bitop)
 .debug_frame   0x00000a70       0xf0 contiki-micaz.a(xmac.o)
 .debug_frame   0x00000b60       0x20 contiki-micaz.a(mac.o)
 .debug_frame   0x00000b80       0x30 contiki-micaz.a(framer-802154.o)
 .debug_frame   0x00000bb0       0xb0 contiki-micaz.a(csma.o)
 .debug_frame   0x00000c60       0xe0 contiki-micaz.a(process.o)
 .debug_frame   0x00000d40       0x30 contiki-micaz.a(autostart.o)
 .debug_frame   0x00000d70       0x50 contiki-micaz.a(memb.o)
 .debug_frame   0x00000dc0       0xf0 contiki-micaz.a(etimer.o)
 .debug_frame   0x00000eb0       0x80 contiki-micaz.a(ctimer.o)
 .debug_frame   0x00000f30       0x30 contiki-micaz.a(random.o)
 .debug_frame   0x00000f60       0xb0 contiki-micaz.a(queuebuf.o)
 .debug_frame   0x00001010       0xa0 contiki-micaz.a(rs232.o)
 .debug_frame   0x000010b0       0x40 contiki-micaz.a(leds-arch.o)
 .debug_frame   0x000010f0      0x1f0 contiki-micaz.a(cc2420.o)
 .debug_frame   0x000012e0       0x30 contiki-micaz.a(cc2420-arch.o)
 .debug_frame   0x00001310       0x60 contiki-micaz.a(watchdog.o)
 .debug_frame   0x00001370       0x50 contiki-micaz.a(frame802154.o)
 .debug_frame   0x000013c0       0x60 contiki-micaz.a(timer.o)
 .debug_frame   0x00001420       0x20 contiki-micaz.a(spi.o)

.debug_str      0x00000000     0x2c55
 *(.debug_str)
 .debug_str     0x00000000      0x231 sync_main.co
                                0x2d6 (size before relaxing)
 .debug_str     0x00000231      0x118 obj_micaz/timestamp.o
                                0x1f0 (size before relaxing)
 .debug_str     0x00000349       0x85 obj_micaz/sclock.o
                                0x1c0 (size before relaxing)
 .debug_str     0x000003ce       0x20 obj_micaz/ntp.o
                                0x137 (size before relaxing)
 .debug_str     0x000003ee      0x326 contiki-micaz.a(abc.o)
                                0x4c0 (size before relaxing)
 .debug_str     0x00000714       0x95 contiki-micaz.a(channel.o)
                                0x1f9 (size before relaxing)
 .debug_str     0x000007a9       0xb0 contiki-micaz.a(list.o)
                                 0xfb (size before relaxing)
 .debug_str     0x00000859       0x99 contiki-micaz.a(rtimer.o)
                                0x18a (size before relaxing)
 .debug_str     0x000008f2      0x1f0 contiki-micaz.a(packetbuf.o)
                                0x60e (size before relaxing)
 .debug_str     0x00000ae2       0x58 contiki-micaz.a(contiki-micaz-m)
                                0x1e4 (size before relaxing)
 .debug_str     0x00000b3a       0xf7 contiki-micaz.a(init-net.o)
                                0x219 (size before relaxing)
 .debug_str     0x00000c31       0x65 contiki-micaz.a(node-id.o)
                                0x134 (size before relaxing)
 .debug_str     0x00000c96       0x86 contiki-micaz.a(clock.o)
                                0x161 (size before relaxing)
 .debug_str     0x00000d1c       0x53 contiki-micaz.a(rtimer-arch.o)
                                0x12c (size before relaxing)
 .debug_str     0x00000d6f       0x6e contiki-micaz.a(ds2401.o)
                                0x154 (size before relaxing)
 .debug_str     0x00000ddd       0x2c contiki-micaz.a(eeprom.o)
                                0x114 (size before relaxing)
 .debug_str     0x00000e09       0x77 contiki-micaz.a(leds.o)
                                0x132 (size before relaxing)
 .debug_str     0x00000e80       0x60 contiki-micaz.a(rimeaddr.o)
                                0x140 (size before relaxing)
 .debug_str     0x00000ee0       0xe6 contiki-micaz.a(rime.o)
                                0x2d8 (size before relaxing)
 .debug_str     0x00000fc6      0x1a2 contiki-micaz.a(announcement.o)
                                0x2d3 (size before relaxing)
 .debug_str     0x00001168      0x1b5 contiki-micaz.a(broadcast-annou)
                                0x426 (size before relaxing)
 .debug_str     0x0000131d       0x7e contiki-micaz.a(broadcast.o)
                                0x52f (size before relaxing)
 .debug_str     0x0000139b       0x9a contiki-micaz.a(chameleon.o)
                                0x4d7 (size before relaxing)
 .debug_str     0x00001435       0xc7 contiki-micaz.a(chameleon-bitop)
                                0x56e (size before relaxing)
 .debug_str     0x000014fc      0x31f contiki-micaz.a(xmac.o)
                                0x91f (size before relaxing)
 .debug_str     0x0000181b       0x33 contiki-micaz.a(mac.o)
                                0x15d (size before relaxing)
 .debug_str     0x0000184e      0x1bf contiki-micaz.a(framer-802154.o)
                                0x61d (size before relaxing)
 .debug_str     0x00001a0d      0x1dd contiki-micaz.a(csma.o)
                                0x7df (size before relaxing)
 .debug_str     0x00001bea      0x17b contiki-micaz.a(process.o)
                                0x28b (size before relaxing)
 .debug_str     0x00001d65       0x3d contiki-micaz.a(autostart.o)
                                0x143 (size before relaxing)
 .debug_str     0x00001da2       0x49 contiki-micaz.a(memb.o)
                                0x10d (size before relaxing)
 .debug_str     0x00001deb      0x136 contiki-micaz.a(etimer.o)
                                0x298 (size before relaxing)
 .debug_str     0x00001f21       0xb0 contiki-micaz.a(ctimer.o)
                                0x22c (size before relaxing)
 .debug_str     0x00001fd1       0x38 contiki-micaz.a(random.o)
                                 0xe7 (size before relaxing)
 .debug_str     0x00002009      0x18d contiki-micaz.a(queuebuf.o)
                                0x5dc (size before relaxing)
 .debug_str     0x00002196      0x10d contiki-micaz.a(rs232.o)
                                0x1df (size before relaxing)
 .debug_str     0x000022a3       0x53 contiki-micaz.a(leds-arch.o)
                                0x10f (size before relaxing)
 .debug_str     0x000022f6      0x78c contiki-micaz.a(cc2420.o)
                                0xd4b (size before relaxing)
 .debug_str     0x00002a82       0x46 contiki-micaz.a(cc2420-arch.o)
                                0x16a (size before relaxing)
 .debug_str     0x00002ac8       0x6b contiki-micaz.a(watchdog.o)
                                0x118 (size before relaxing)
 .debug_str     0x00002b33       0xcd contiki-micaz.a(frame802154.o)
                                0x306 (size before relaxing)
 .debug_str     0x00002c00       0x2a contiki-micaz.a(timer.o)
                                0x132 (size before relaxing)
 .debug_str     0x00002c2a       0x2b contiki-micaz.a(spi.o)
                                 0xe2 (size before relaxing)

.debug_loc      0x00000000     0x54a1
 *(.debug_loc)
 .debug_loc     0x00000000      0x137 sync_main.co
 .debug_loc     0x00000137      0x9f0 obj_micaz/timestamp.o
 .debug_loc     0x00000b27      0x2e2 obj_micaz/sclock.o
 .debug_loc     0x00000e09       0x9d obj_micaz/ntp.o
 .debug_loc     0x00000ea6      0x138 contiki-micaz.a(abc.o)
 .debug_loc     0x00000fde      0x12c contiki-micaz.a(channel.o)
 .debug_loc     0x0000110a      0x41c contiki-micaz.a(list.o)
 .debug_loc     0x00001526       0xc7 contiki-micaz.a(rtimer.o)
 .debug_loc     0x000015ed      0x217 contiki-micaz.a(packetbuf.o)
 .debug_loc     0x00001804       0x5c contiki-micaz.a(init-net.o)
 .debug_loc     0x00001860       0x63 contiki-micaz.a(node-id.o)
 .debug_loc     0x000018c3       0x68 contiki-micaz.a(clock.o)
 .debug_loc     0x0000192b       0x24 contiki-micaz.a(rtimer-arch.o)
 .debug_loc     0x0000194f      0x2bb contiki-micaz.a(ds2401.o)
 .debug_loc     0x00001c0a       0xd0 contiki-micaz.a(eeprom.o)
 .debug_loc     0x00001cda       0xbe contiki-micaz.a(leds.o)
 .debug_loc     0x00001d98       0x58 contiki-micaz.a(rimeaddr.o)
 .debug_loc     0x00001df0      0x168 contiki-micaz.a(rime.o)
 .debug_loc     0x00001f58      0x224 contiki-micaz.a(announcement.o)
 .debug_loc     0x0000217c      0x26b contiki-micaz.a(broadcast-annou)
 .debug_loc     0x000023e7      0x168 contiki-micaz.a(broadcast.o)
 .debug_loc     0x0000254f       0xd4 contiki-micaz.a(chameleon.o)
 .debug_loc     0x00002623      0x698 contiki-micaz.a(chameleon-bitop)
 .debug_loc     0x00002cbb      0x6be contiki-micaz.a(xmac.o)
 .debug_loc     0x00003379       0x90 contiki-micaz.a(mac.o)
 .debug_loc     0x00003409       0xdb contiki-micaz.a(framer-802154.o)
 .debug_loc     0x000034e4      0x3ad contiki-micaz.a(csma.o)
 .debug_loc     0x00003891      0x38f contiki-micaz.a(process.o)
 .debug_loc     0x00003c20       0x58 contiki-micaz.a(autostart.o)
 .debug_loc     0x00003c78      0x1b0 contiki-micaz.a(memb.o)
 .debug_loc     0x00003e28      0x42e contiki-micaz.a(etimer.o)
 .debug_loc     0x00004256      0x311 contiki-micaz.a(ctimer.o)
 .debug_loc     0x00004567       0x18 contiki-micaz.a(random.o)
 .debug_loc     0x0000457f      0x220 contiki-micaz.a(queuebuf.o)
 .debug_loc     0x0000479f      0x123 contiki-micaz.a(rs232.o)
 .debug_loc     0x000048c2      0x787 contiki-micaz.a(cc2420.o)
 .debug_loc     0x00005049      0x34c contiki-micaz.a(frame802154.o)
 .debug_loc     0x00005395      0x10c contiki-micaz.a(timer.o)

.debug_macinfo
 *(.debug_macinfo)
OUTPUT(sync_main.micaz elf32-avr)
LOAD linker stubs

.bootloader     0x0001f800        0x0

.debug_pubtypes
                0x00000000     0x166c
 .debug_pubtypes
                0x00000000      0x14f sync_main.co
 .debug_pubtypes
                0x0000014f       0x39 obj_micaz/timestamp.o
 .debug_pubtypes
                0x00000188       0x78 obj_micaz/sclock.o
 .debug_pubtypes
                0x00000200       0x5f obj_micaz/ntp.o
 .debug_pubtypes
                0x0000025f       0xb7 contiki-micaz.a(abc.o)
 .debug_pubtypes
                0x00000316       0xa3 contiki-micaz.a(channel.o)
 .debug_pubtypes
                0x000003b9       0x26 contiki-micaz.a(list.o)
 .debug_pubtypes
                0x000003df       0x46 contiki-micaz.a(rtimer.o)
 .debug_pubtypes
                0x00000425       0x75 contiki-micaz.a(packetbuf.o)
 .debug_pubtypes
                0x0000049a       0xac contiki-micaz.a(contiki-micaz-m)
 .debug_pubtypes
                0x00000546       0x8f contiki-micaz.a(init-net.o)
 .debug_pubtypes
                0x000005d5       0x2b contiki-micaz.a(node-id.o)
 .debug_pubtypes
                0x00000600       0x2f contiki-micaz.a(clock.o)
 .debug_pubtypes
                0x0000062f       0x3e contiki-micaz.a(rtimer-arch.o)
 .debug_pubtypes
                0x0000066d       0x2b contiki-micaz.a(ds2401.o)
 .debug_pubtypes
                0x00000698       0x3d contiki-micaz.a(eeprom.o)
 .debug_pubtypes
                0x000006d5       0x12 contiki-micaz.a(leds.o)
 .debug_pubtypes
                0x000006e7       0x21 contiki-micaz.a(rimeaddr.o)
 .debug_pubtypes
                0x00000708       0xe9 contiki-micaz.a(rime.o)
 .debug_pubtypes
                0x000007f1       0x8c contiki-micaz.a(announcement.o)
 .debug_pubtypes
                0x0000087d      0x1cf contiki-micaz.a(broadcast-annou)
 .debug_pubtypes
                0x00000a4c       0xe2 contiki-micaz.a(broadcast.o)
 .debug_pubtypes
                0x00000b2e       0xad contiki-micaz.a(chameleon.o)
 .debug_pubtypes
                0x00000bdb       0xbc contiki-micaz.a(chameleon-bitop)
 .debug_pubtypes
                0x00000c97      0x160 contiki-micaz.a(xmac.o)
 .debug_pubtypes
                0x00000df7       0x25 contiki-micaz.a(mac.o)
 .debug_pubtypes
                0x00000e1c       0xe5 contiki-micaz.a(framer-802154.o)
 .debug_pubtypes
                0x00000f01      0x177 contiki-micaz.a(csma.o)
 .debug_pubtypes
                0x00001078       0x7d contiki-micaz.a(process.o)
 .debug_pubtypes
                0x000010f5       0x55 contiki-micaz.a(autostart.o)
 .debug_pubtypes
                0x0000114a       0x1b contiki-micaz.a(memb.o)
 .debug_pubtypes
                0x00001165       0x7b contiki-micaz.a(etimer.o)
 .debug_pubtypes
                0x000011e0       0x91 contiki-micaz.a(ctimer.o)
 .debug_pubtypes
                0x00001271       0x12 contiki-micaz.a(random.o)
 .debug_pubtypes
                0x00001283       0xae contiki-micaz.a(queuebuf.o)
 .debug_pubtypes
                0x00001331       0x29 contiki-micaz.a(rs232.o)
 .debug_pubtypes
                0x0000135a       0x1e contiki-micaz.a(leds-arch.o)
 .debug_pubtypes
                0x00001378      0x157 contiki-micaz.a(cc2420.o)
 .debug_pubtypes
                0x000014cf       0x75 contiki-micaz.a(cc2420-arch.o)
 .debug_pubtypes
                0x00001544       0x2b contiki-micaz.a(watchdog.o)
 .debug_pubtypes
                0x0000156f       0xb2 contiki-micaz.a(frame802154.o)
 .debug_pubtypes
                0x00001621       0x2d contiki-micaz.a(timer.o)
 .debug_pubtypes
                0x0000164e       0x1e contiki-micaz.a(spi.o)

.debug_ranges   0x00000000      0xba0
 .debug_ranges  0x00000000       0x20 sync_main.co
 .debug_ranges  0x00000020       0x70 obj_micaz/timestamp.o
 .debug_ranges  0x00000090       0x38 obj_micaz/sclock.o
 .debug_ranges  0x000000c8       0x18 obj_micaz/ntp.o
 .debug_ranges  0x000000e0       0x30 contiki-micaz.a(abc.o)
 .debug_ranges  0x00000110       0x30 contiki-micaz.a(channel.o)
 .debug_ranges  0x00000140       0x68 contiki-micaz.a(list.o)
 .debug_ranges  0x000001a8       0x20 contiki-micaz.a(rtimer.o)
 .debug_ranges  0x000001c8       0xb0 contiki-micaz.a(packetbuf.o)
 .debug_ranges  0x00000278       0x18 contiki-micaz.a(contiki-micaz-m)
 .debug_ranges  0x00000290       0x10 contiki-micaz.a(init-net.o)
 .debug_ranges  0x000002a0       0x18 contiki-micaz.a(node-id.o)
 .debug_ranges  0x000002b8       0x40 contiki-micaz.a(clock.o)
 .debug_ranges  0x000002f8       0x20 contiki-micaz.a(rtimer-arch.o)
 .debug_ranges  0x00000318       0xc8 contiki-micaz.a(ds2401.o)
 .debug_ranges  0x000003e0       0x18 contiki-micaz.a(eeprom.o)
 .debug_ranges  0x000003f8       0x48 contiki-micaz.a(leds.o)
 .debug_ranges  0x00000440       0x20 contiki-micaz.a(rimeaddr.o)
 .debug_ranges  0x00000460       0x38 contiki-micaz.a(rime.o)
 .debug_ranges  0x00000498       0x60 contiki-micaz.a(announcement.o)
 .debug_ranges  0x000004f8       0x50 contiki-micaz.a(broadcast-annou)
 .debug_ranges  0x00000548       0x30 contiki-micaz.a(broadcast.o)
 .debug_ranges  0x00000578       0x28 contiki-micaz.a(chameleon.o)
 .debug_ranges  0x000005a0       0x88 contiki-micaz.a(chameleon-bitop)
 .debug_ranges  0x00000628       0xf0 contiki-micaz.a(xmac.o)
 .debug_ranges  0x00000718       0x10 contiki-micaz.a(mac.o)
 .debug_ranges  0x00000728       0x18 contiki-micaz.a(framer-802154.o)
 .debug_ranges  0x00000740       0x58 contiki-micaz.a(csma.o)
 .debug_ranges  0x00000798       0x70 contiki-micaz.a(process.o)
 .debug_ranges  0x00000808       0x18 contiki-micaz.a(autostart.o)
 .debug_ranges  0x00000820       0x28 contiki-micaz.a(memb.o)
 .debug_ranges  0x00000848       0x78 contiki-micaz.a(etimer.o)
 .debug_ranges  0x000008c0       0x40 contiki-micaz.a(ctimer.o)
 .debug_ranges  0x00000900       0x18 contiki-micaz.a(random.o)
 .debug_ranges  0x00000918       0x58 contiki-micaz.a(queuebuf.o)
 .debug_ranges  0x00000970       0x50 contiki-micaz.a(rs232.o)
 .debug_ranges  0x000009c0       0x20 contiki-micaz.a(leds-arch.o)
 .debug_ranges  0x000009e0      0x110 contiki-micaz.a(cc2420.o)
 .debug_ranges  0x00000af0       0x18 contiki-micaz.a(cc2420-arch.o)
 .debug_ranges  0x00000b08       0x30 contiki-micaz.a(watchdog.o)
 .debug_ranges  0x00000b38       0x28 contiki-micaz.a(frame802154.o)
 .debug_ranges  0x00000b60       0x30 contiki-micaz.a(timer.o)
 .debug_ranges  0x00000b90       0x10 contiki-micaz.a(spi.o)
