Archive member included because of file (symbol)

contiki-micaz.a(contiki-micaz-m)
                              /usr/lib/gcc/avr/4.5.3/../../../avr/lib/avr51/crtm128.o (main)
contiki-micaz.a(init-net.o)   contiki-micaz.a(contiki-micaz-m) (init_net)
contiki-micaz.a(node-id.o)    contiki-micaz.a(contiki-micaz-m) (node_id_restore)
contiki-micaz.a(clock.o)      contiki-micaz.a(contiki-micaz-m) (clock_init)
contiki-micaz.a(ds2401.o)     contiki-micaz.a(contiki-micaz-m) (ds2401_init)
contiki-micaz.a(eeprom.o)     contiki-micaz.a(node-id.o) (eeprom_read)
contiki-micaz.a(leds.o)       contiki-micaz.a(contiki-micaz-m) (leds_init)
contiki-micaz.a(rimeaddr.o)   contiki-micaz.a(init-net.o) (rimeaddr_copy)
contiki-micaz.a(rime.o)       contiki-micaz.a(init-net.o) (rime_driver)
contiki-micaz.a(announcement.o)
                              contiki-micaz.a(rime.o) (announcement_init)
contiki-micaz.a(broadcast-annou)
                              contiki-micaz.a(rime.o) (broadcast_announcement_init)
contiki-micaz.a(broadcast.o)  contiki-micaz.a(broadcast-annou) (broadcast_open)
contiki-micaz.a(abc.o)        contiki-micaz.a(broadcast.o) (abc_open)
contiki-micaz.a(chameleon.o)  contiki-micaz.a(rime.o) (chameleon_init)
contiki-micaz.a(channel.o)    contiki-micaz.a(chameleon.o) (channel_init)
contiki-micaz.a(chameleon-bitop)
                              contiki-micaz.a(chameleon.o) (chameleon_bitopt)
contiki-micaz.a(xmac.o)       contiki-micaz.a(init-net.o) (xmac_driver)
contiki-micaz.a(mac.o)        contiki-micaz.a(xmac.o) (mac_call_sent_callback)
contiki-micaz.a(framer-802154.o)
                              contiki-micaz.a(xmac.o) (framer_802154)
contiki-micaz.a(csma.o)       contiki-micaz.a(init-net.o) (csma_driver)
contiki-micaz.a(process.o)    contiki-micaz.a(contiki-micaz-m) (process_init)
contiki-micaz.a(autostart.o)  contiki-micaz.a(contiki-micaz-m) (autostart_start)
contiki-micaz.a(memb.o)       contiki-micaz.a(xmac.o) (memb_init)
contiki-micaz.a(list.o)       contiki-micaz.a(announcement.o) (list_init)
contiki-micaz.a(etimer.o)     contiki-micaz.a(clock.o) (etimer_request_poll)
contiki-micaz.a(ctimer.o)     contiki-micaz.a(contiki-micaz-m) (ctimer_init)
contiki-micaz.a(rtimer.o)     contiki-micaz.a(contiki-micaz-m) (rtimer_init)
contiki-micaz.a(random.o)     contiki-micaz.a(contiki-micaz-m) (random_init)
contiki-micaz.a(packetbuf.o)  contiki-micaz.a(chameleon-bitop) (packetbuf_hdrreduce)
contiki-micaz.a(queuebuf.o)   contiki-micaz.a(rime.o) (queuebuf_init)
contiki-micaz.a(rs232.o)      contiki-micaz.a(contiki-micaz-m) (rs232_init)
contiki-micaz.a(leds-arch.o)  contiki-micaz.a(leds.o) (leds_arch_init)
contiki-micaz.a(cc2420.o)     contiki-micaz.a(init-net.o) (cc2420_set_channel)
contiki-micaz.a(cc2420-arch.o)
                              contiki-micaz.a(cc2420.o) (cc2420_arch_init)
contiki-micaz.a(rtimer-arch.o)
                              contiki-micaz.a(rtimer.o) (rtimer_arch_init)
contiki-micaz.a(watchdog.o)   contiki-micaz.a(xmac.o) (watchdog_start)
contiki-micaz.a(frame802154.o)
                              contiki-micaz.a(framer-802154.o) (frame802154_hdrlen)
contiki-micaz.a(timer.o)      contiki-micaz.a(etimer.o) (timer_set)
contiki-micaz.a(spi.o)        contiki-micaz.a(cc2420-arch.o) (spi_init)
/usr/lib/gcc/avr/4.5.3/avr51/libgcc.a(_udivmodhi4.o)
                              contiki-micaz.a(init-net.o) (__udivmodhi4)
/usr/lib/gcc/avr/4.5.3/avr51/libgcc.a(_exit.o)
                              /usr/lib/gcc/avr/4.5.3/../../../avr/lib/avr51/crtm128.o (exit)
/usr/lib/gcc/avr/4.5.3/avr51/libgcc.a(_copy_data.o)
                              hello-world.co (__do_copy_data)
/usr/lib/gcc/avr/4.5.3/avr51/libgcc.a(_clear_bss.o)
                              contiki-micaz.a(node-id.o) (__do_clear_bss)
/usr/lib/gcc/avr/4.5.3/../../../avr/lib/avr51/libc.a(rand.o)
                              contiki-micaz.a(random.o) (rand)
/usr/lib/gcc/avr/4.5.3/../../../avr/lib/avr51/libc.a(memcmp.o)
                              contiki-micaz.a(rimeaddr.o) (memcmp)
/usr/lib/gcc/avr/4.5.3/../../../avr/lib/avr51/libc.a(memcpy.o)
                              contiki-micaz.a(xmac.o) (memcpy)
/usr/lib/gcc/avr/4.5.3/../../../avr/lib/avr51/libc.a(memset.o)
                              contiki-micaz.a(chameleon-bitop) (memset)
/usr/lib/gcc/avr/4.5.3/../../../avr/lib/avr51/libc.a(iob.o)
                              contiki-micaz.a(rs232.o) (__iob)
/usr/lib/gcc/avr/4.5.3/../../../avr/lib/avr51/libc.a(printf_p.o)
                              contiki-micaz.a(contiki-micaz-m) (printf_P)
/usr/lib/gcc/avr/4.5.3/../../../avr/lib/avr51/libc.a(puts.o)
                              hello-world.co (puts)
/usr/lib/gcc/avr/4.5.3/../../../avr/lib/avr51/libc.a(vfprintf_std.o)
                              /usr/lib/gcc/avr/4.5.3/../../../avr/lib/avr51/libc.a(printf_p.o) (vfprintf)
/usr/lib/gcc/avr/4.5.3/../../../avr/lib/avr51/libc.a(eerd_block_atmega128.o)
                              contiki-micaz.a(eeprom.o) (__eerd_block_m128)
[...]
Memory Configuration

Name             Origin             Length             Attributes
text             0x00000000         0x00020000         xr
data             0x00800100         0x0000ff00         rw !x
eeprom           0x00810000         0x00010000         rw !x
fuse             0x00820000         0x00000400         rw !x
lock             0x00830000         0x00000400         rw !x
signature        0x00840000         0x00000400         rw !x
*default*        0x00000000         0xffffffff

Linker script and memory map

Address of section .data set to 0x800100
LOAD /usr/lib/gcc/avr/4.5.3/../../../avr/lib/avr51/crtm128.o
Address of section .bootloader set to 0x1f800
LOAD hello-world.co
LOAD contiki-micaz.a
LOAD /usr/lib/gcc/avr/4.5.3/avr51/libgcc.a
LOAD /usr/lib/gcc/avr/4.5.3/../../../avr/lib/avr51/libc.a
LOAD /usr/lib/gcc/avr/4.5.3/avr51/libgcc.a

.hash
 *(.hash)

.dynsym
 *(.dynsym)

.dynstr
 *(.dynstr)

.gnu.version
 *(.gnu.version)

.gnu.version_d
 *(.gnu.version_d)

.gnu.version_r
 *(.gnu.version_r)

.rel.init
 *(.rel.init)

.rela.init
 *(.rela.init)

.rel.text
 *(.rel.text)
 *(.rel.text.*)
 *(.rel.gnu.linkonce.t*)

.rela.text
 *(.rela.text)
 *(.rela.text.*)
 *(.rela.gnu.linkonce.t*)

.rel.fini
 *(.rel.fini)

.rela.fini
 *(.rela.fini)

.rel.rodata
 *(.rel.rodata)
 *(.rel.rodata.*)
 *(.rel.gnu.linkonce.r*)

.rela.rodata
 *(.rela.rodata)
 *(.rela.rodata.*)
 *(.rela.gnu.linkonce.r*)

.rel.data
 *(.rel.data)
 *(.rel.data.*)
 *(.rel.gnu.linkonce.d*)

.rela.data
 *(.rela.data)
 *(.rela.data.*)
 *(.rela.gnu.linkonce.d*)

.rel.ctors
 *(.rel.ctors)

.rela.ctors
 *(.rela.ctors)

.rel.dtors
 *(.rel.dtors)

.rela.dtors
 *(.rela.dtors)

.rel.got
 *(.rel.got)

.rela.got
 *(.rela.got)

.rel.bss
 *(.rel.bss)

.rela.bss
 *(.rela.bss)

.rel.plt
 *(.rel.plt)

.rela.plt
 *(.rela.plt)

.text           0x00000000     0x480a
 *(.vectors)
 .vectors       0x00000000       0x8c /usr/lib/gcc/avr/4.5.3/../../../avr/lib/avr51/crtm128.o
                0x00000000                __vectors
                0x00000000                __vector_default
 *(.vectors)
 *(.progmem.gcc*)
 *(.progmem*)
 .progmem.data  0x0000008c       0x21 contiki-micaz.a(contiki-micaz-m)
 .progmem.data  0x000000ad       0x83 contiki-micaz.a(init-net.o)
                0x00000130                . = ALIGN (0x2)
                0x00000130                __trampolines_start = .
 *(.trampolines)
 .trampolines   0x00000130        0x0 linker stubs
 *(.trampolines*)
                0x00000130                __trampolines_end = .
 *(.jumptables)
 *(.jumptables*)
 *(.lowtext)
 *(.lowtext*)
                0x00000130                __ctors_start = .
 *(.ctors)
                0x00000130                __ctors_end = .
                0x00000130                __dtors_start = .
 *(.dtors)
                0x00000130                __dtors_end = .
 SORT(*)(.ctors)
 SORT(*)(.dtors)
 *(.init0)
 .init0         0x00000130        0x0 /usr/lib/gcc/avr/4.5.3/../../../avr/lib/avr51/crtm128.o
                0x00000130                __init
 *(.init0)
 *(.init1)
 *(.init1)
 *(.init2)
 .init2         0x00000130        0xc /usr/lib/gcc/avr/4.5.3/../../../avr/lib/avr51/crtm128.o
 *(.init2)
 *(.init3)
 *(.init3)
 *(.init4)
 .init4         0x0000013c       0x1a /usr/lib/gcc/avr/4.5.3/avr51/libgcc.a(_copy_data.o)
                0x0000013c                __do_copy_data
 .init4         0x00000156       0x10 /usr/lib/gcc/avr/4.5.3/avr51/libgcc.a(_clear_bss.o)
                0x00000156                __do_clear_bss
 *(.init4)
 *(.init5)
 *(.init5)
 *(.init6)
 *(.init6)
 *(.init7)
 *(.init7)
 *(.init8)
 *(.init8)
 *(.init9)
 .init9         0x00000166        0x8 /usr/lib/gcc/avr/4.5.3/../../../avr/lib/avr51/crtm128.o
 *(.init9)
 *(.text)
 .text          0x0000016e        0x4 /usr/lib/gcc/avr/4.5.3/../../../avr/lib/avr51/crtm128.o
                0x0000016e                __vector_22
                0x0000016e                __vector_28
                0x0000016e                __vector_1
                0x0000016e                __vector_32
                0x0000016e                __vector_34
                0x0000016e                __vector_24
                0x0000016e                __vector_12
                0x0000016e                __bad_interrupt
                0x0000016e                __vector_6
                0x0000016e                __vector_31
                0x0000016e                __vector_3
                0x0000016e                __vector_23
                0x0000016e                __vector_25
                0x0000016e                __vector_11
                0x0000016e                __vector_13
                0x0000016e                __vector_17
                0x0000016e                __vector_19
                0x0000016e                __vector_27
                0x0000016e                __vector_5
                0x0000016e                __vector_33
                0x0000016e                __vector_4
                0x0000016e                __vector_9
                0x0000016e                __vector_2
                0x0000016e                __vector_21
                0x0000016e                __vector_29
                0x0000016e                __vector_8
                0x0000016e                __vector_14
                0x0000016e                __vector_10
                0x0000016e                __vector_16
                0x0000016e                __vector_20
                0x00000172                . = ALIGN (0x2)
 *(.text.*)
 .text.process_thread_hello_world_process
                0x00000172       0x22 hello-world.co
 .text.init_usart
                0x00000194       0x12 contiki-micaz.a(contiki-micaz-m)
                0x00000194                init_usart
 .text.main     0x000001a6       0x92 contiki-micaz.a(contiki-micaz-m)
                0x000001a6                main
 .text.init_net
                0x00000238      0x20e contiki-micaz.a(init-net.o)
                0x00000238                init_net
 .text.node_id_restore
                0x00000446       0x58 contiki-micaz.a(node-id.o)
                0x00000446                node_id_restore
 .text.__vector_15
                0x0000049e       0xb8 contiki-micaz.a(clock.o)
                0x0000049e                __vector_15
 .text.clock_init
                0x00000556       0x38 contiki-micaz.a(clock.o)
                0x00000556                clock_init
 .text.clock_time
                0x0000058e       0x1a contiki-micaz.a(clock.o)
                0x0000058e                clock_time
 .text.clock_delay
                0x000005a8       0x16 contiki-micaz.a(clock.o)
                0x000005a8                clock_delay
 .text.read_byte
                0x000005be       0x42 contiki-micaz.a(ds2401.o)
 .text.crc8_add
                0x00000600       0x28 contiki-micaz.a(ds2401.o)
 .text.ds2401_init
                0x00000628      0x126 contiki-micaz.a(ds2401.o)
                0x00000628                ds2401_init
 .text.eeprom_read
                0x0000074e       0x10 contiki-micaz.a(eeprom.o)
                0x0000074e                eeprom_read
 .text.show_leds.clone.0
                0x0000075e       0x10 contiki-micaz.a(leds.o)
 .text.leds_init
                0x0000076e        0xe contiki-micaz.a(leds.o)
                0x0000076e                leds_init
 .text.leds_on  0x0000077c       0x10 contiki-micaz.a(leds.o)
                0x0000077c                leds_on
 .text.leds_off
                0x0000078c       0x12 contiki-micaz.a(leds.o)
                0x0000078c                leds_off
 .text.leds_invert
                0x0000079e       0x10 contiki-micaz.a(leds.o)
                0x0000079e                leds_invert
 .text.leds_toggle
                0x000007ae        0x6 contiki-micaz.a(leds.o)
                0x000007ae                leds_toggle
 .text.rimeaddr_copy
                0x000007b4        0xe contiki-micaz.a(rimeaddr.o)
                0x000007b4                rimeaddr_copy
 .text.rimeaddr_cmp
                0x000007c2       0x18 contiki-micaz.a(rimeaddr.o)
                0x000007c2                rimeaddr_cmp
 .text.rimeaddr_set_node_addr
                0x000007da        0xc contiki-micaz.a(rimeaddr.o)
                0x000007da                rimeaddr_set_node_addr
 .text.input    0x000007e6       0x4c contiki-micaz.a(rime.o)
 .text.init     0x00000832       0x26 contiki-micaz.a(rime.o)
 .text.packet_sent
                0x00000858       0x5e contiki-micaz.a(rime.o)
 .text.rime_output
                0x000008b6       0x34 contiki-micaz.a(rime.o)
                0x000008b6                rime_output
 .text.announcement_init
                0x000008ea        0xa contiki-micaz.a(announcement.o)
                0x000008ea                announcement_init
 .text.announcement_register_observer_callback
                0x000008f4        0xa contiki-micaz.a(announcement.o)
                0x000008f4                announcement_register_observer_callback
 .text.announcement_list
                0x000008fe        0xa contiki-micaz.a(announcement.o)
                0x000008fe                announcement_list
 .text.announcement_heard
                0x00000908       0x5e contiki-micaz.a(announcement.o)
                0x00000908                announcement_heard
 .text.adv_packet_sent
                0x00000966        0x2 contiki-micaz.a(broadcast-annou)
 .text.adv_packet_received
                0x00000968       0x84 contiki-micaz.a(broadcast-annou)
 .text.set_timers
                0x000009ec       0x46 contiki-micaz.a(broadcast-annou)
 .text.new_announcement
                0x00000a32       0x1e contiki-micaz.a(broadcast-annou)
 .text.send_timer
                0x00000a50       0x2a contiki-micaz.a(broadcast-annou)
 .text.send_adv
                0x00000a7a       0xa8 contiki-micaz.a(broadcast-annou)
 .text.broadcast_announcement_init
                0x00000b22       0x50 contiki-micaz.a(broadcast-annou)
                0x00000b22                broadcast_announcement_init
 .text.sent_by_abc
                0x00000b72       0x18 contiki-micaz.a(broadcast.o)
 .text.recv_from_abc
                0x00000b8a       0x52 contiki-micaz.a(broadcast.o)
 .text.broadcast_open
                0x00000bdc       0x36 contiki-micaz.a(broadcast.o)
                0x00000bdc                broadcast_open
 .text.broadcast_send
                0x00000c12       0x1e contiki-micaz.a(broadcast.o)
                0x00000c12                broadcast_send
 .text.abc_open
                0x00000c30       0x32 contiki-micaz.a(abc.o)
                0x00000c30                abc_open
 .text.abc_send
                0x00000c62        0x6 contiki-micaz.a(abc.o)
                0x00000c62                abc_send
 .text.abc_input
                0x00000c68       0x18 contiki-micaz.a(abc.o)
                0x00000c68                abc_input
 .text.abc_sent
                0x00000c80       0x18 contiki-micaz.a(abc.o)
                0x00000c80                abc_sent
 .text.chameleon_init
                0x00000c98        0x6 contiki-micaz.a(chameleon.o)
                0x00000c98                chameleon_init
 .text.chameleon_parse
                0x00000c9e       0x20 contiki-micaz.a(chameleon.o)
                0x00000c9e                chameleon_parse
 .text.chameleon_create
                0x00000cbe       0x30 contiki-micaz.a(chameleon.o)
                0x00000cbe                chameleon_create
 .text.chameleon_hdrsize
                0x00000cee        0xc contiki-micaz.a(chameleon.o)
                0x00000cee                chameleon_hdrsize
 .text.channel_init
                0x00000cfa        0xa contiki-micaz.a(channel.o)
                0x00000cfa                channel_init
 .text.channel_open
                0x00000d04       0x12 contiki-micaz.a(channel.o)
                0x00000d04                channel_open
 .text.channel_lookup
                0x00000d16       0x30 contiki-micaz.a(channel.o)
                0x00000d16                channel_lookup
 .text.channel_set_attributes
                0x00000d46       0x2a contiki-micaz.a(channel.o)
                0x00000d46                channel_set_attributes
 .text.header_size
                0x00000d70       0x1a contiki-micaz.a(chameleon-bitop)
 .text.get_bits_in_byte
                0x00000d8a       0x3e contiki-micaz.a(chameleon-bitop)
                0x00000d8a                get_bits_in_byte
 .text.get_bits
                0x00000dc8       0xda contiki-micaz.a(chameleon-bitop)
                0x00000dc8                get_bits
 .text.unpack_header
                0x00000ea2      0x154 contiki-micaz.a(chameleon-bitop)
 .text.set_bits_in_byte
                0x00000ff6       0x28 contiki-micaz.a(chameleon-bitop)
                0x00000ff6                set_bits_in_byte
 .text.set_bits
                0x0000101e      0x100 contiki-micaz.a(chameleon-bitop)
                0x0000101e                set_bits
 .text.pack_header
                0x0000111e      0x124 contiki-micaz.a(chameleon-bitop)
 .text.on       0x00001242       0x22 contiki-micaz.a(xmac.o)
 .text.off      0x00001264       0x28 contiki-micaz.a(xmac.o)
 .text.powercycle_turn_radio_off
                0x0000128c       0x16 contiki-micaz.a(xmac.o)
 .text.turn_off
                0x000012a2       0x20 contiki-micaz.a(xmac.o)
 .text.channel_check_interval
                0x000012c2        0x6 contiki-micaz.a(xmac.o)
 .text.turn_on  0x000012c8       0x3c contiki-micaz.a(xmac.o)
 .text.schedule_powercycle
                0x00001304       0x2e contiki-micaz.a(xmac.o)
 .text.powercycle
                0x00001332      0x108 contiki-micaz.a(xmac.o)
 .text.input_packet
                0x0000143a      0x118 contiki-micaz.a(xmac.o)
 .text.detect_ack
                0x00001552       0xb8 contiki-micaz.a(xmac.o)
 .text.qsend_packet
                0x0000160a      0x3c4 contiki-micaz.a(xmac.o)
 .text.qsend_list
                0x000019ce       0x2e contiki-micaz.a(xmac.o)
 .text.init     0x000019fc       0x58 contiki-micaz.a(xmac.o)
 .text.mac_call_sent_callback
                0x00001a54       0x10 contiki-micaz.a(mac.o)
                0x00001a54                mac_call_sent_callback
 .text.parse    0x00001a64       0xde contiki-micaz.a(framer-802154.o)
 .text.create   0x00001b42      0x12e contiki-micaz.a(framer-802154.o)
 .text.default_timebase
                0x00001c70       0x18 contiki-micaz.a(csma.o)
 .text.input_packet
                0x00001c88        0xc contiki-micaz.a(csma.o)
 .text.on       0x00001c94        0xc contiki-micaz.a(csma.o)
 .text.off      0x00001ca0        0xc contiki-micaz.a(csma.o)
 .text.channel_check_interval
                0x00001cac       0x1a contiki-micaz.a(csma.o)
 .text.transmit_packet_list
                0x00001cc6       0x3e contiki-micaz.a(csma.o)
 .text.send_packet
                0x00001d04      0x1bc contiki-micaz.a(csma.o)
 .text.free_packet
                0x00001ec0       0x8c contiki-micaz.a(csma.o)
 .text.packet_sent
                0x00001f4c      0x156 contiki-micaz.a(csma.o)
 .text.init     0x000020a2       0x1a contiki-micaz.a(csma.o)
 .text.call_process
                0x000020bc       0x52 contiki-micaz.a(process.o)
 .text.exit_process
                0x0000210e       0xd8 contiki-micaz.a(process.o)
 .text.do_poll  0x000021e6       0x3e contiki-micaz.a(process.o)
 .text.process_init
                0x00002224       0x24 contiki-micaz.a(process.o)
                0x00002224                process_init
 .text.process_run
                0x00002248       0xd2 contiki-micaz.a(process.o)
                0x00002248                process_run
 .text.process_post
                0x0000231a       0x56 contiki-micaz.a(process.o)
                0x0000231a                process_post
 .text.process_post_synch
                0x00002370       0x1e contiki-micaz.a(process.o)
                0x00002370                process_post_synch
 .text.process_start
                0x0000238e       0x46 contiki-micaz.a(process.o)
                0x0000238e                process_start
 .text.process_poll
                0x000023d4       0x18 contiki-micaz.a(process.o)
                0x000023d4                process_poll
 .text.autostart_start
                0x000023ec       0x2e contiki-micaz.a(autostart.o)
                0x000023ec                autostart_start
 .text.memb_init
                0x0000241a       0x40 contiki-micaz.a(memb.o)
                0x0000241a                memb_init
 .text.memb_alloc
                0x0000245a       0x4c contiki-micaz.a(memb.o)
                0x0000245a                memb_alloc
 .text.memb_free
                0x000024a6       0x4a contiki-micaz.a(memb.o)
                0x000024a6                memb_free
 .text.memb_inmemb
                0x000024f0       0x3a contiki-micaz.a(memb.o)
                0x000024f0                memb_inmemb
 .text.list_init
                0x0000252a        0x8 contiki-micaz.a(list.o)
                0x0000252a                list_init
 .text.list_head
                0x00002532        0x8 contiki-micaz.a(list.o)
                0x00002532                list_head
 .text.list_remove
                0x0000253a       0x46 contiki-micaz.a(list.o)
                0x0000253a                list_remove
 .text.list_push
                0x00002580       0x2c contiki-micaz.a(list.o)
                0x00002580                list_push
 .text.list_length
                0x000025ac       0x1c contiki-micaz.a(list.o)
                0x000025ac                list_length
 .text.list_item_next
                0x000025c8       0x12 contiki-micaz.a(list.o)
                0x000025c8                list_item_next
 .text.list_add
                0x000025da       0x3c contiki-micaz.a(list.o)
                0x000025da                list_add
 .text.update_time
                0x00002616       0x64 contiki-micaz.a(etimer.o)
 .text.etimer_request_poll
                0x0000267a        0xa contiki-micaz.a(etimer.o)
                0x0000267a                etimer_request_poll
 .text.process_thread_etimer_process
                0x00002684      0x11a contiki-micaz.a(etimer.o)
 .text.add_timer
                0x0000279e       0x64 contiki-micaz.a(etimer.o)
 .text.etimer_set
                0x00002802       0x16 contiki-micaz.a(etimer.o)
                0x00002802                etimer_set
 .text.etimer_pending
                0x00002818       0x18 contiki-micaz.a(etimer.o)
                0x00002818                etimer_pending
 .text.etimer_stop
                0x00002830       0x50 contiki-micaz.a(etimer.o)
                0x00002830                etimer_stop
 .text.process_thread_ctimer_process
                0x00002880       0xe6 contiki-micaz.a(ctimer.o)
 .text.ctimer_init
                0x00002966       0x1a contiki-micaz.a(ctimer.o)
                0x00002966                ctimer_init
 .text.ctimer_set
                0x00002980       0x66 contiki-micaz.a(ctimer.o)
                0x00002980                ctimer_set
 .text.ctimer_stop
                0x000029e6       0x30 contiki-micaz.a(ctimer.o)
                0x000029e6                ctimer_stop
 .text.rtimer_init
                0x00002a16        0x6 contiki-micaz.a(rtimer.o)
                0x00002a16                rtimer_init
 .text.rtimer_set
                0x00002a1c       0x38 contiki-micaz.a(rtimer.o)
                0x00002a1c                rtimer_set
 .text.rtimer_run_next
                0x00002a54       0x3e contiki-micaz.a(rtimer.o)
                0x00002a54                rtimer_run_next
 .text.random_init
                0x00002a92        0x6 contiki-micaz.a(random.o)
                0x00002a92                random_init
 .text.random_rand
                0x00002a98        0x6 contiki-micaz.a(random.o)
                0x00002a98                random_rand
 .text.packetbuf_copyto_hdr
                0x00002a9e       0x2e contiki-micaz.a(packetbuf.o)
                0x00002a9e                packetbuf_copyto_hdr
 .text.packetbuf_copyto
                0x00002acc       0x88 contiki-micaz.a(packetbuf.o)
                0x00002acc                packetbuf_copyto
 .text.packetbuf_hdrreduce
                0x00002b54       0x3e contiki-micaz.a(packetbuf.o)
                0x00002b54                packetbuf_hdrreduce
 .text.packetbuf_set_datalen
                0x00002b92        0xa contiki-micaz.a(packetbuf.o)
                0x00002b92                packetbuf_set_datalen
 .text.packetbuf_dataptr
                0x00002b9c       0x10 contiki-micaz.a(packetbuf.o)
                0x00002b9c                packetbuf_dataptr
 .text.packetbuf_hdrptr
                0x00002bac        0xe contiki-micaz.a(packetbuf.o)
                0x00002bac                packetbuf_hdrptr
 .text.packetbuf_is_reference
                0x00002bba       0x1c contiki-micaz.a(packetbuf.o)
                0x00002bba                packetbuf_is_reference
 .text.packetbuf_compact
                0x00002bd6       0x60 contiki-micaz.a(packetbuf.o)
                0x00002bd6                packetbuf_compact
 .text.packetbuf_reference_ptr
                0x00002c36        0xa contiki-micaz.a(packetbuf.o)
                0x00002c36                packetbuf_reference_ptr
 .text.packetbuf_datalen
                0x00002c40        0xa contiki-micaz.a(packetbuf.o)
                0x00002c40                packetbuf_datalen
 .text.packetbuf_totlen
                0x00002c4a       0x18 contiki-micaz.a(packetbuf.o)
                0x00002c4a                packetbuf_totlen
 .text.packetbuf_hdralloc
                0x00002c62       0x3e contiki-micaz.a(packetbuf.o)
                0x00002c62                packetbuf_hdralloc
 .text.packetbuf_attr_clear
                0x00002ca0       0x38 contiki-micaz.a(packetbuf.o)
                0x00002ca0                packetbuf_attr_clear
 .text.packetbuf_clear
                0x00002cd8       0x28 contiki-micaz.a(packetbuf.o)
                0x00002cd8                packetbuf_clear
 .text.packetbuf_copyfrom
                0x00002d00       0x66 contiki-micaz.a(packetbuf.o)
                0x00002d00                packetbuf_copyfrom
 .text.packetbuf_attr_copyto
                0x00002d66       0x2a contiki-micaz.a(packetbuf.o)
                0x00002d66                packetbuf_attr_copyto
 .text.packetbuf_attr_copyfrom
                0x00002d90       0x2a contiki-micaz.a(packetbuf.o)
                0x00002d90                packetbuf_attr_copyfrom
 .text.queuebuf_init
                0x00002dba       0x1a contiki-micaz.a(queuebuf.o)
                0x00002dba                queuebuf_init
 .text.queuebuf_new_from_packetbuf
                0x00002dd4       0x9e contiki-micaz.a(queuebuf.o)
                0x00002dd4                queuebuf_new_from_packetbuf
 .text.queuebuf_update_attr_from_packetbuf
                0x00002e72       0x16 contiki-micaz.a(queuebuf.o)
                0x00002e72                queuebuf_update_attr_from_packetbuf
 .text.queuebuf_free
                0x00002e88       0x44 contiki-micaz.a(queuebuf.o)
                0x00002e88                queuebuf_free
 .text.queuebuf_to_packetbuf
                0x00002ecc       0x7c contiki-micaz.a(queuebuf.o)
                0x00002ecc                queuebuf_to_packetbuf
 .text.queuebuf_attr
                0x00002f48       0x1c contiki-micaz.a(queuebuf.o)
                0x00002f48                queuebuf_attr
 .text.__vector_18
                0x00002f64       0x5c contiki-micaz.a(rs232.o)
                0x00002f64                __vector_18
 .text.__vector_30
                0x00002fc0       0x5e contiki-micaz.a(rs232.o)
                0x00002fc0                __vector_30
 .text.rs232_init
                0x0000301e       0x3c contiki-micaz.a(rs232.o)
                0x0000301e                rs232_init
 .text.rs232_send
                0x0000305a       0x1e contiki-micaz.a(rs232.o)
                0x0000305a                rs232_send
 .text.rs232_stdout_putchar
                0x00003078       0x2a contiki-micaz.a(rs232.o)
                0x00003078                rs232_stdout_putchar
 .text.rs232_redirect_stdout
                0x000030a2       0x12 contiki-micaz.a(rs232.o)
                0x000030a2                rs232_redirect_stdout
 .text.leds_arch_init
                0x000030b4        0xe contiki-micaz.a(leds-arch.o)
                0x000030b4                leds_arch_init
 .text.leds_arch_set
                0x000030c2       0x28 contiki-micaz.a(leds-arch.o)
                0x000030c2                leds_arch_set
 .text.strobe   0x000030ea        0xc contiki-micaz.a(cc2420.o)
 .text.status   0x000030f6       0x10 contiki-micaz.a(cc2420.o)
 .text.on       0x00003106       0x42 contiki-micaz.a(cc2420.o)
 .text.getreg   0x00003148       0x2c contiki-micaz.a(cc2420.o)
 .text.setreg   0x00003174       0x1e contiki-micaz.a(cc2420.o)
 .text.set_txpower
                0x00003192       0x28 contiki-micaz.a(cc2420.o)
 .text.cc2420_receiving_packet
                0x000031ba       0x10 contiki-micaz.a(cc2420.o)
 .text.pending_packet
                0x000031ca       0x10 contiki-micaz.a(cc2420.o)
 .text.flushrx  0x000031da       0x38 contiki-micaz.a(cc2420.o)
 .text.off      0x00003212       0x48 contiki-micaz.a(cc2420.o)
 .text.RELEASE_LOCK
                0x0000325a       0x34 contiki-micaz.a(cc2420.o)
 .text.cc2420_prepare
                0x0000328e       0x70 contiki-micaz.a(cc2420.o)
 .text.cc2420_on
                0x000032fe       0x2c contiki-micaz.a(cc2420.o)
                0x000032fe                cc2420_on
 .text.cc2420_off
                0x0000332a       0x3e contiki-micaz.a(cc2420.o)
                0x0000332a                cc2420_off
 .text.cc2420_cca
                0x00003368       0x9c contiki-micaz.a(cc2420.o)
 .text.getrxdata
                0x00003404       0x38 contiki-micaz.a(cc2420.o)
 .text.cc2420_read
                0x0000343c       0xfa contiki-micaz.a(cc2420.o)
 .text.process_thread_cc2420_process
                0x00003536       0x66 contiki-micaz.a(cc2420.o)
 .text.cc2420_set_channel
                0x0000359c       0xa0 contiki-micaz.a(cc2420.o)
                0x0000359c                cc2420_set_channel
 .text.cc2420_set_pan_addr
                0x0000363c      0x114 contiki-micaz.a(cc2420.o)
                0x0000363c                cc2420_set_pan_addr
 .text.cc2420_init
                0x00003750       0xc8 contiki-micaz.a(cc2420.o)
                0x00003750                cc2420_init
 .text.cc2420_interrupt
                0x00003818       0x3e contiki-micaz.a(cc2420.o)
                0x00003818                cc2420_interrupt
 .text.cc2420_get_txpower
                0x00003856       0x30 contiki-micaz.a(cc2420.o)
                0x00003856                cc2420_get_txpower
 .text.cc2420_transmit
                0x00003886      0x160 contiki-micaz.a(cc2420.o)
 .text.cc2420_send
                0x000039e6       0x16 contiki-micaz.a(cc2420.o)
 .text.cc2420_arch_init
                0x000039fc       0x1e contiki-micaz.a(cc2420-arch.o)
                0x000039fc                cc2420_arch_init
 .text.__vector_7
                0x00003a1a       0x50 contiki-micaz.a(cc2420-arch.o)
                0x00003a1a                __vector_7
 .text.__vector_26
                0x00003a6a       0x5a contiki-micaz.a(rtimer-arch.o)
                0x00003a6a                __vector_26
 .text.rtimer_arch_init
                0x00003ac4       0x38 contiki-micaz.a(rtimer-arch.o)
                0x00003ac4                rtimer_arch_init
 .text.rtimer_arch_schedule
                0x00003afc       0x24 contiki-micaz.a(rtimer-arch.o)
                0x00003afc                rtimer_arch_schedule
 .text.watchdog_start
                0x00003b20       0x14 contiki-micaz.a(watchdog.o)
                0x00003b20                watchdog_start
 .text.watchdog_stop
                0x00003b34        0xe contiki-micaz.a(watchdog.o)
                0x00003b34                watchdog_stop
 .text.field_len
                0x00003b42       0xb2 contiki-micaz.a(frame802154.o)
 .text.frame802154_hdrlen
                0x00003bf4       0x4a contiki-micaz.a(frame802154.o)
                0x00003bf4                frame802154_hdrlen
 .text.frame802154_create
                0x00003c3e      0x1c8 contiki-micaz.a(frame802154.o)
                0x00003c3e                frame802154_create
 .text.frame802154_parse
                0x00003e06      0x1a0 contiki-micaz.a(frame802154.o)
                0x00003e06                frame802154_parse
 .text.timer_set
                0x00003fa6       0x18 contiki-micaz.a(timer.o)
                0x00003fa6                timer_set
 .text.timer_expired
                0x00003fbe       0x2e contiki-micaz.a(timer.o)
                0x00003fbe                timer_expired
 .text.spi_init
                0x00003fec       0x16 contiki-micaz.a(spi.o)
                0x00003fec                spi_init
 .text.libgcc   0x00004002       0x28 /usr/lib/gcc/avr/4.5.3/avr51/libgcc.a(_udivmodhi4.o)
                0x00004002                __udivmodhi4
 .text.avr-libc
                0x0000402a       0xbc /usr/lib/gcc/avr/4.5.3/../../../avr/lib/avr51/libc.a(rand.o)
                0x000040c0                rand_r
                0x000040c6                rand
                0x000040d0                srand
 .text.avr-libc
                0x000040e6       0x1a /usr/lib/gcc/avr/4.5.3/../../../avr/lib/avr51/libc.a(memcmp.o)
                0x000040e6                memcmp
 .text.avr-libc
                0x00004100       0x12 /usr/lib/gcc/avr/4.5.3/../../../avr/lib/avr51/libc.a(memcpy.o)
                0x00004100                memcpy
 .text.avr-libc
                0x00004112        0xe /usr/lib/gcc/avr/4.5.3/../../../avr/lib/avr51/libc.a(memset.o)
                0x00004112                memset
 .text.avr-libc
                0x00004120       0x40 /usr/lib/gcc/avr/4.5.3/../../../avr/lib/avr51/libc.a(printf_p.o)
                0x00004120                printf_P
 .text.avr-libc
                0x00004160       0x6e /usr/lib/gcc/avr/4.5.3/../../../avr/lib/avr51/libc.a(puts.o)
                0x00004160                puts
 .text.avr-libc
                0x000041ce      0x420 /usr/lib/gcc/avr/4.5.3/../../../avr/lib/avr51/libc.a(vfprintf_std.o)
                0x000041ce                vfprintf
 .text.avr-libc
                0x000045ee       0x20 /usr/lib/gcc/avr/4.5.3/../../../avr/lib/avr51/libc.a(eerd_block_atmega128.o)
                0x000045ee                __eerd_block_m128
                0x000045f2                __eerd_blraw_m128
 .text.avr-libc
                0x0000460e       0x16 /usr/lib/gcc/avr/4.5.3/../../../avr/lib/avr51/libc.a(strnlen_P.o)
                0x0000460e                strnlen_P
 .text.avr-libc
                0x00004624       0x16 /usr/lib/gcc/avr/4.5.3/../../../avr/lib/avr51/libc.a(strnlen.o)
                0x00004624                strnlen
 .text.avr-libc
                0x0000463a       0x58 /usr/lib/gcc/avr/4.5.3/../../../avr/lib/avr51/libc.a(fputc.o)
                0x0000463a                fputc
 .text.avr-libc
                0x00004692       0xbc /usr/lib/gcc/avr/4.5.3/../../../avr/lib/avr51/libc.a(ultoa_invert.o)
                0x00004692                __ultoa_invert
 .text.libgcc   0x0000474e       0x3e /usr/lib/gcc/avr/4.5.3/avr51/libgcc.a(_mulsi3.o)
                0x0000474e                __mulsi3
 .text.libgcc   0x0000478c       0x36 /usr/lib/gcc/avr/4.5.3/avr51/libgcc.a(_divmodsi4.o)
                0x0000478c                __divmodsi4
 .text.libgcc   0x000047c2       0x44 /usr/lib/gcc/avr/4.5.3/avr51/libgcc.a(_udivmodsi4.o)
                0x000047c2                __udivmodsi4
                0x00004806                . = ALIGN (0x2)
 *(.fini9)
 .fini9         0x00004806        0x0 /usr/lib/gcc/avr/4.5.3/avr51/libgcc.a(_exit.o)
                0x00004806                exit
                0x00004806                _exit
 *(.fini9)
 *(.fini8)
 *(.fini8)
 *(.fini7)
 *(.fini7)
 *(.fini6)
 *(.fini6)
 *(.fini5)
 *(.fini5)
 *(.fini4)
 *(.fini4)
 *(.fini3)
 *(.fini3)
 *(.fini2)
 *(.fini2)
 *(.fini1)
 *(.fini1)
 *(.fini0)
 .fini0         0x00004806        0x4 /usr/lib/gcc/avr/4.5.3/avr51/libgcc.a(_exit.o)
 *(.fini0)
                0x0000480a                _etext = .

.data           0x00800100       0xf0 load address 0x0000480a
                0x00800100                PROVIDE (__data_start, .)
 *(.data)
 .data          0x00800100        0xd hello-world.co
 .data          0x0080010d        0x5 contiki-micaz.a(rime.o)
 .data          0x00800112        0x6 contiki-micaz.a(xmac.o)
 .data          0x00800118        0x5 contiki-micaz.a(csma.o)
 .data          0x0080011d        0x4 /usr/lib/gcc/avr/4.5.3/../../../avr/lib/avr51/libc.a(rand.o)
 *(.data*)
 .data.hello_world_process
                0x00800121        0x8 hello-world.co
                0x00800121                hello_world_process
 .data.xmac_config
                0x00800129        0x8 contiki-micaz.a(xmac.o)
                0x00800129                xmac_config
 .data.encounter_memb
                0x00800131        0x8 contiki-micaz.a(xmac.o)
 .data.neighbor_memb
                0x00800139        0x8 contiki-micaz.a(csma.o)
 .data.packet_memb
                0x00800141        0x8 contiki-micaz.a(csma.o)
 .data.metadata_memb
                0x00800149        0x8 contiki-micaz.a(csma.o)
 .data.etimer_process
                0x00800151        0x8 contiki-micaz.a(etimer.o)
                0x00800151                etimer_process
 .data.ctimer_process
                0x00800159        0x8 contiki-micaz.a(ctimer.o)
                0x00800159                ctimer_process
 .data.bufmem   0x00800161        0x8 contiki-micaz.a(queuebuf.o)
 .data.refbufmem
                0x00800169        0x8 contiki-micaz.a(queuebuf.o)
 .data.buframmem
                0x00800171        0x8 contiki-micaz.a(queuebuf.o)
 .data.rs232_stdout
                0x00800179        0xe contiki-micaz.a(rs232.o)
 .data.cc2420_process
                0x00800187        0x8 contiki-micaz.a(cc2420.o)
                0x00800187                cc2420_process
 *(.rodata)
 *(.rodata*)
 .rodata.autostart_processes
                0x0080018f        0x4 hello-world.co
                0x0080018f                autostart_processes
 .rodata.rimeaddr_null
                0x00800193        0x2 contiki-micaz.a(rimeaddr.o)
                0x00800193                rimeaddr_null
 .rodata.rime_driver
                0x00800195        0x6 contiki-micaz.a(rime.o)
                0x00800195                rime_driver
 .rodata.broadcast_callbacks
                0x0080019b        0x4 contiki-micaz.a(broadcast-annou)
 .rodata.broadcast
                0x0080019f        0x4 contiki-micaz.a(broadcast.o)
 .rodata.attributes
                0x008001a3        0x4 contiki-micaz.a(broadcast.o)
 .rodata.attributes
                0x008001a7        0x2 contiki-micaz.a(abc.o)
 .rodata.chameleon_bitopt
                0x008001a9        0x6 contiki-micaz.a(chameleon-bitop)
                0x008001a9                chameleon_bitopt
 .rodata.bitmask
                0x008001af        0x9 contiki-micaz.a(chameleon-bitop)
 .rodata.xmac_driver
                0x008001b8       0x10 contiki-micaz.a(xmac.o)
                0x008001b8                xmac_driver
 .rodata.framer_802154
                0x008001c8        0x4 contiki-micaz.a(framer-802154.o)
                0x008001c8                framer_802154
 .rodata.csma_driver
                0x008001cc        0xe contiki-micaz.a(csma.o)
                0x008001cc                csma_driver
 .rodata.cc2420_driver
                0x008001da       0x14 contiki-micaz.a(cc2420.o)
                0x008001da                cc2420_driver
 .rodata.CSWTCH.4
                0x008001ee        0x2 contiki-micaz.a(frame802154.o)
 *(.gnu.linkonce.d*)
                0x008001f0                . = ALIGN (0x2)
                0x008001f0                _edata = .
                0x008001f0                PROVIDE (__data_end, .)

.bss            0x008001f0      0x8f9
                0x008001f0                PROVIDE (__bss_start, .)
 *(.bss)
 *(.bss*)
 .bss.node_id   0x008001f0        0x2 contiki-micaz.a(node-id.o)
                0x008001f0                node_id
 .bss.seconds   0x008001f2        0x4 contiki-micaz.a(clock.o)
 .bss.count     0x008001f6        0x2 contiki-micaz.a(clock.o)
 .bss.scount    0x008001f8        0x2 contiki-micaz.a(clock.o)
 .bss.invert    0x008001fa        0x1 contiki-micaz.a(leds.o)
 .bss.leds      0x008001fb        0x1 contiki-micaz.a(leds.o)
 .bss.sniffers_list
                0x008001fc        0x2 contiki-micaz.a(rime.o)
 .bss.announcements_list
                0x008001fe        0x2 contiki-micaz.a(announcement.o)
 .bss.observer_callback
                0x00800200        0x2 contiki-micaz.a(announcement.o)
 .bss.c         0x00800202       0x37 contiki-micaz.a(broadcast-annou)
 .bss.channel_list_list
                0x00800239        0x2 contiki-micaz.a(channel.o)
 .bss.xmac_is_on
                0x0080023b        0x1 contiki-micaz.a(xmac.o)
 .bss.rt        0x0080023c        0x6 contiki-micaz.a(xmac.o)
 .bss.is_streaming
                0x00800242        0x1 contiki-micaz.a(xmac.o)
 .bss.stream_until
                0x00800243        0x2 contiki-micaz.a(xmac.o)
 .bss.is_streaming_to
                0x00800245        0x2 contiki-micaz.a(xmac.o)
 .bss.is_streaming_to_too
                0x00800247        0x2 contiki-micaz.a(xmac.o)
 .bss.pt        0x00800249        0x2 contiki-micaz.a(xmac.o)
 .bss.someone_is_sending
                0x0080024b        0x1 contiki-micaz.a(xmac.o)
 .bss.waiting_for_packet
                0x0080024c        0x1 contiki-micaz.a(xmac.o)
 .bss.we_are_sending
                0x0080024d        0x1 contiki-micaz.a(xmac.o)
 .bss.radio_is_on
                0x0080024e        0x1 contiki-micaz.a(xmac.o)
 .bss.received_seqnos
                0x0080024f       0x18 contiki-micaz.a(xmac.o)
 .bss.encounter_list_list
                0x00800267        0x2 contiki-micaz.a(xmac.o)
 .bss.encounter_memb_memb_count
                0x00800269        0x4 contiki-micaz.a(xmac.o)
 .bss.encounter_memb_memb_mem
                0x0080026d       0x18 contiki-micaz.a(xmac.o)
 .bss.initialized
                0x00800285        0x1 contiki-micaz.a(framer-802154.o)
 .bss.mac_dsn   0x00800286        0x1 contiki-micaz.a(framer-802154.o)
 .bss.seqno.2046
                0x00800287        0x2 contiki-micaz.a(csma.o)
 .bss.neighbor_list_list
                0x00800289        0x2 contiki-micaz.a(csma.o)
 .bss.neighbor_memb_memb_count
                0x0080028b        0x2 contiki-micaz.a(csma.o)
 .bss.neighbor_memb_memb_mem
                0x0080028d       0x36 contiki-micaz.a(csma.o)
 .bss.packet_memb_memb_count
                0x008002c3        0x8 contiki-micaz.a(csma.o)
 .bss.packet_memb_memb_mem
                0x008002cb       0x30 contiki-micaz.a(csma.o)
 .bss.metadata_memb_memb_count
                0x008002fb        0x8 contiki-micaz.a(csma.o)
 .bss.metadata_memb_memb_mem
                0x00800303       0x28 contiki-micaz.a(csma.o)
 .bss.process_list
                0x0080032b        0x2 contiki-micaz.a(process.o)
                0x0080032b                process_list
 .bss.process_current
                0x0080032d        0x2 contiki-micaz.a(process.o)
                0x0080032d                process_current
 .bss.poll_requested
                0x0080032f        0x1 contiki-micaz.a(process.o)
 .bss.nevents   0x00800330        0x1 contiki-micaz.a(process.o)
 .bss.fevent    0x00800331        0x1 contiki-micaz.a(process.o)
 .bss.events    0x00800332       0x28 contiki-micaz.a(process.o)
 .bss.snum.1546
                0x0080035a        0x1 contiki-micaz.a(process.o)
 .bss.p.1531    0x0080035b        0x2 contiki-micaz.a(process.o)
 .bss.receiver.1530
                0x0080035d        0x2 contiki-micaz.a(process.o)
 .bss.data.1529
                0x0080035f        0x2 contiki-micaz.a(process.o)
 .bss.ev.1528   0x00800361        0x1 contiki-micaz.a(process.o)
 .bss.lastevent
                0x00800362        0x1 contiki-micaz.a(process.o)
 .bss.timerlist
                0x00800363        0x2 contiki-micaz.a(etimer.o)
 .bss.next_expiration
                0x00800365        0x2 contiki-micaz.a(etimer.o)
 .bss.initialized
                0x00800367        0x1 contiki-micaz.a(ctimer.o)
 .bss.ctimer_list_list
                0x00800368        0x2 contiki-micaz.a(ctimer.o)
 .bss.next_rtimer
                0x0080036a        0x2 contiki-micaz.a(rtimer.o)
 .bss.hdrptr    0x0080036c        0x1 contiki-micaz.a(packetbuf.o)
 .bss.buflen    0x0080036d        0x2 contiki-micaz.a(packetbuf.o)
 .bss.packetbufptr
                0x0080036f        0x2 contiki-micaz.a(packetbuf.o)
 .bss.packetbuf_aligned
                0x00800371       0xb2 contiki-micaz.a(packetbuf.o)
 .bss.bufptr    0x00800423        0x2 contiki-micaz.a(packetbuf.o)
 .bss.bufmem_memb_count
                0x00800425        0x8 contiki-micaz.a(queuebuf.o)
 .bss.bufmem_memb_mem
                0x0080042d       0x10 contiki-micaz.a(queuebuf.o)
 .bss.refbufmem_memb_count
                0x0080043d        0x2 contiki-micaz.a(queuebuf.o)
 .bss.refbufmem_memb_mem
                0x0080043f       0x6a contiki-micaz.a(queuebuf.o)
 .bss.buframmem_memb_count
                0x008004a9        0x8 contiki-micaz.a(queuebuf.o)
 .bss.buframmem_memb_mem
                0x008004b1      0x5d0 contiki-micaz.a(queuebuf.o)
 .bss.stdout_rs232_port
                0x00800a81        0x1 contiki-micaz.a(rs232.o)
 .bss.locked    0x00800a82        0x1 contiki-micaz.a(cc2420.o)
 .bss.receive_on
                0x00800a83        0x1 contiki-micaz.a(cc2420.o)
 .bss.lock_on   0x00800a84        0x1 contiki-micaz.a(cc2420.o)
 .bss.lock_off  0x00800a85        0x1 contiki-micaz.a(cc2420.o)
 .bss.pending   0x00800a86        0x1 contiki-micaz.a(cc2420.o)
 .bss.last_packet_timestamp
                0x00800a87        0x2 contiki-micaz.a(cc2420.o)
 .bss.channel   0x00800a89        0x2 contiki-micaz.a(cc2420.o)
 *(COMMON)
 COMMON         0x00800a8b        0x8 contiki-micaz.a(ds2401.o)
                0x00800a8b                ds2401_id
 COMMON         0x00800a93        0x2 contiki-micaz.a(rimeaddr.o)
                0x00800a93                rimeaddr_node_addr
 COMMON         0x00800a95        0x1 contiki-micaz.a(process.o)
                0x00800a95                process_maxevents
 COMMON         0x00800a96       0x38 contiki-micaz.a(packetbuf.o)
                0x00800a96                packetbuf_addrs
                0x00800a9e                packetbuf_attrs
 COMMON         0x00800ace        0x4 contiki-micaz.a(rs232.o)
                0x00800ace                input_handler_1
                0x00800ad0                input_handler_0
 COMMON         0x00800ad2       0x11 contiki-micaz.a(cc2420.o)
                0x00800ad2                cc2420_last_rssi
                0x00800ad3                cc2420_packets_read
                0x00800ad5                cc2420_packets_seen
                0x00800ad7                cc2420_sfd_start_time
                0x00800ad9                cc2420_time_of_departure
                0x00800adb                cc2420_time_of_arrival
                0x00800add                cc2420_last_correlation
                0x00800ade                cc2420_authority_level_of_sender
                0x00800ae0                cc2420_sfd_counter
                0x00800ae1                cc2420_sfd_end_time
 COMMON         0x00800ae3        0x6 /usr/lib/gcc/avr/4.5.3/../../../avr/lib/avr51/libc.a(iob.o)
                0x00800ae3                __iob
                0x00800ae9                PROVIDE (__bss_end, .)
                0x0000480a                __data_load_start = LOADADDR (.data)
                0x000048fa                __data_load_end = (__data_load_start + SIZEOF (.data))

.noinit         0x00800ae9        0x0
                0x00800ae9                PROVIDE (__noinit_start, .)
 *(.noinit*)
                0x00800ae9                PROVIDE (__noinit_end, .)
                0x00800ae9                _end = .
                0x00800ae9                PROVIDE (__heap_start, .)

.eeprom         0x00810000        0x0
 *(.eeprom*)
                0x00810000                __eeprom_end = .

.fuse
 *(.fuse)
 *(.lfuse)
 *(.hfuse)
 *(.efuse)

.lock
 *(.lock*)

.signature
 *(.signature*)

.stab           0x00000000     0x270c
 *(.stab)
 .stab          0x00000000      0x6cc /usr/lib/gcc/avr/4.5.3/../../../avr/lib/avr51/crtm128.o
 .stab          0x000006cc      0x324 /usr/lib/gcc/avr/4.5.3/../../../avr/lib/avr51/libc.a(rand.o)
                                0x330 (size before relaxing)
 .stab          0x000009f0       0xb4 /usr/lib/gcc/avr/4.5.3/../../../avr/lib/avr51/libc.a(memcmp.o)
                                 0xc0 (size before relaxing)
 .stab          0x00000aa4       0x84 /usr/lib/gcc/avr/4.5.3/../../../avr/lib/avr51/libc.a(memcpy.o)
                                 0x90 (size before relaxing)
 .stab          0x00000b28       0x6c /usr/lib/gcc/avr/4.5.3/../../../avr/lib/avr51/libc.a(memset.o)
                                 0x78 (size before relaxing)
 .stab          0x00000b94      0x300 /usr/lib/gcc/avr/4.5.3/../../../avr/lib/avr51/libc.a(iob.o)
                                0x30c (size before relaxing)
 .stab          0x00000e94      0x1a4 /usr/lib/gcc/avr/4.5.3/../../../avr/lib/avr51/libc.a(printf_p.o)
                                0x384 (size before relaxing)
 .stab          0x00001038      0x1f8 /usr/lib/gcc/avr/4.5.3/../../../avr/lib/avr51/libc.a(puts.o)
                                0x3d8 (size before relaxing)
 .stab          0x00001230      0xac8 /usr/lib/gcc/avr/4.5.3/../../../avr/lib/avr51/libc.a(vfprintf_std.o)
                                0xcd8 (size before relaxing)
 .stab          0x00001cf8      0x108 /usr/lib/gcc/avr/4.5.3/../../../avr/lib/avr51/libc.a(eerd_block_atmega128.o)
                                0x114 (size before relaxing)
 .stab          0x00001e00       0x9c /usr/lib/gcc/avr/4.5.3/../../../avr/lib/avr51/libc.a(eewr_block_atmega128.o)
                                 0xa8 (size before relaxing)
 .stab          0x00001e9c       0xd8 /usr/lib/gcc/avr/4.5.3/../../../avr/lib/avr51/libc.a(eewr_byte_atmega128.o)
                                 0xe4 (size before relaxing)
 .stab          0x00001f74       0x9c /usr/lib/gcc/avr/4.5.3/../../../avr/lib/avr51/libc.a(strnlen_P.o)
                                 0xa8 (size before relaxing)
 .stab          0x00002010       0x9c /usr/lib/gcc/avr/4.5.3/../../../avr/lib/avr51/libc.a(strnlen.o)
                                 0xa8 (size before relaxing)
 .stab          0x000020ac      0x1e0 /usr/lib/gcc/avr/4.5.3/../../../avr/lib/avr51/libc.a(fputc.o)
                                0x3c0 (size before relaxing)
 .stab          0x0000228c      0x480 /usr/lib/gcc/avr/4.5.3/../../../avr/lib/avr51/libc.a(ultoa_invert.o)
                                0x48c (size before relaxing)

.stabstr        0x00000000      0xef0
 *(.stabstr)
 .stabstr       0x00000000      0xef0 /usr/lib/gcc/avr/4.5.3/../../../avr/lib/avr51/crtm128.o

.stab.excl
 *(.stab.excl)

.stab.exclstr
 *(.stab.exclstr)

.stab.index
 *(.stab.index)

.stab.indexstr
 *(.stab.indexstr)

.comment
 *(.comment)

.debug
 *(.debug)

.line
 *(.line)

.debug_srcinfo
 *(.debug_srcinfo)

.debug_sfnames
 *(.debug_sfnames)

.debug_aranges  0x00000000      0xbe8
 *(.debug_aranges)
 .debug_aranges
                0x00000000       0x20 hello-world.co
 .debug_aranges
                0x00000020       0x28 contiki-micaz.a(contiki-micaz-m)
 .debug_aranges
                0x00000048       0x20 contiki-micaz.a(init-net.o)
 .debug_aranges
                0x00000068       0x28 contiki-micaz.a(node-id.o)
 .debug_aranges
                0x00000090       0x50 contiki-micaz.a(clock.o)
 .debug_aranges
                0x000000e0       0x30 contiki-micaz.a(ds2401.o)
 .debug_aranges
                0x00000110       0x30 contiki-micaz.a(eeprom.o)
 .debug_aranges
                0x00000140       0x58 contiki-micaz.a(leds.o)
 .debug_aranges
                0x00000198       0x30 contiki-micaz.a(rimeaddr.o)
 .debug_aranges
                0x000001c8       0x48 contiki-micaz.a(rime.o)
 .debug_aranges
                0x00000210       0x70 contiki-micaz.a(announcement.o)
 .debug_aranges
                0x00000280       0x60 contiki-micaz.a(broadcast-annou)
 .debug_aranges
                0x000002e0       0x40 contiki-micaz.a(broadcast.o)
 .debug_aranges
                0x00000320       0x40 contiki-micaz.a(abc.o)
 .debug_aranges
                0x00000360       0x38 contiki-micaz.a(chameleon.o)
 .debug_aranges
                0x00000398       0x40 contiki-micaz.a(channel.o)
 .debug_aranges
                0x000003d8       0x50 contiki-micaz.a(chameleon-bitop)
 .debug_aranges
                0x00000428       0x88 contiki-micaz.a(xmac.o)
 .debug_aranges
                0x000004b0       0x20 contiki-micaz.a(mac.o)
 .debug_aranges
                0x000004d0       0x28 contiki-micaz.a(framer-802154.o)
 .debug_aranges
                0x000004f8       0x68 contiki-micaz.a(csma.o)
 .debug_aranges
                0x00000560       0x80 contiki-micaz.a(process.o)
 .debug_aranges
                0x000005e0       0x28 contiki-micaz.a(autostart.o)
 .debug_aranges
                0x00000608       0x38 contiki-micaz.a(memb.o)
 .debug_aranges
                0x00000640       0x80 contiki-micaz.a(list.o)
 .debug_aranges
                0x000006c0       0x88 contiki-micaz.a(etimer.o)
 .debug_aranges
                0x00000748       0x50 contiki-micaz.a(ctimer.o)
 .debug_aranges
                0x00000798       0x30 contiki-micaz.a(rtimer.o)
 .debug_aranges
                0x000007c8       0x28 contiki-micaz.a(random.o)
 .debug_aranges
                0x000007f0       0xc0 contiki-micaz.a(packetbuf.o)
 .debug_aranges
                0x000008b0       0x68 contiki-micaz.a(queuebuf.o)
 .debug_aranges
                0x00000918       0x60 contiki-micaz.a(rs232.o)
 .debug_aranges
                0x00000978       0x30 contiki-micaz.a(leds-arch.o)
 .debug_aranges
                0x000009a8      0x108 contiki-micaz.a(cc2420.o)
 .debug_aranges
                0x00000ab0       0x28 contiki-micaz.a(cc2420-arch.o)
 .debug_aranges
                0x00000ad8       0x30 contiki-micaz.a(rtimer-arch.o)
 .debug_aranges
                0x00000b08       0x48 contiki-micaz.a(watchdog.o)
 .debug_aranges
                0x00000b50       0x38 contiki-micaz.a(frame802154.o)
 .debug_aranges
                0x00000b88       0x40 contiki-micaz.a(timer.o)
 .debug_aranges
                0x00000bc8       0x20 contiki-micaz.a(spi.o)

.debug_pubnames
                0x00000000     0x1449
 *(.debug_pubnames)
 .debug_pubnames
                0x00000000       0x42 hello-world.co
 .debug_pubnames
                0x00000042       0x2a contiki-micaz.a(contiki-micaz-m)
 .debug_pubnames
                0x0000006c       0x1f contiki-micaz.a(init-net.o)
 .debug_pubnames
                0x0000008b       0x43 contiki-micaz.a(node-id.o)
 .debug_pubnames
                0x000000ce       0x87 contiki-micaz.a(clock.o)
 .debug_pubnames
                0x00000155       0x30 contiki-micaz.a(ds2401.o)
 .debug_pubnames
                0x00000185       0x33 contiki-micaz.a(eeprom.o)
 .debug_pubnames
                0x000001b8       0x75 contiki-micaz.a(leds.o)
 .debug_pubnames
                0x0000022d       0x79 contiki-micaz.a(rimeaddr.o)
 .debug_pubnames
                0x000002a6       0x5f contiki-micaz.a(rime.o)
 .debug_pubnames
                0x00000305      0x144 contiki-micaz.a(announcement.o)
 .debug_pubnames
                0x00000449       0x7d contiki-micaz.a(broadcast-annou)
 .debug_pubnames
                0x000004c6       0x4c contiki-micaz.a(broadcast.o)
 .debug_pubnames
                0x00000512       0x55 contiki-micaz.a(abc.o)
 .debug_pubnames
                0x00000567       0x64 contiki-micaz.a(chameleon.o)
 .debug_pubnames
                0x000005cb       0x74 contiki-micaz.a(channel.o)
 .debug_pubnames
                0x0000063f       0x6b contiki-micaz.a(chameleon-bitop)
 .debug_pubnames
                0x000006aa       0x5a contiki-micaz.a(xmac.o)
 .debug_pubnames
                0x00000704       0x2d contiki-micaz.a(mac.o)
 .debug_pubnames
                0x00000731       0x24 contiki-micaz.a(framer-802154.o)
 .debug_pubnames
                0x00000755       0x22 contiki-micaz.a(csma.o)
 .debug_pubnames
                0x00000777      0x10d contiki-micaz.a(process.o)
 .debug_pubnames
                0x00000884       0x39 contiki-micaz.a(autostart.o)
 .debug_pubnames
                0x000008bd       0x4d contiki-micaz.a(memb.o)
 .debug_pubnames
                0x0000090a       0xc3 contiki-micaz.a(list.o)
 .debug_pubnames
                0x000009cd      0x109 contiki-micaz.a(etimer.o)
 .debug_pubnames
                0x00000ad6       0x8b contiki-micaz.a(ctimer.o)
 .debug_pubnames
                0x00000b61       0x45 contiki-micaz.a(rtimer.o)
 .debug_pubnames
                0x00000ba6       0x32 contiki-micaz.a(random.o)
 .debug_pubnames
                0x00000bd8      0x22c contiki-micaz.a(packetbuf.o)
 .debug_pubnames
                0x00000e04       0xff contiki-micaz.a(queuebuf.o)
 .debug_pubnames
                0x00000f03       0xe4 contiki-micaz.a(rs232.o)
 .debug_pubnames
                0x00000fe7       0x49 contiki-micaz.a(leds-arch.o)
 .debug_pubnames
                0x00001030      0x236 contiki-micaz.a(cc2420.o)
 .debug_pubnames
                0x00001266       0x36 contiki-micaz.a(cc2420-arch.o)
 .debug_pubnames
                0x0000129c       0x50 contiki-micaz.a(rtimer-arch.o)
 .debug_pubnames
                0x000012ec       0x73 contiki-micaz.a(watchdog.o)
 .debug_pubnames
                0x0000135f       0x56 contiki-micaz.a(frame802154.o)
 .debug_pubnames
                0x000013b5       0x68 contiki-micaz.a(timer.o)
 .debug_pubnames
                0x0000141d       0x2c contiki-micaz.a(spi.o)

.debug_info     0x00000000     0xa60c
 *(.debug_info)
 .debug_info    0x00000000      0x1d8 hello-world.co
 .debug_info    0x000001d8      0x2c6 contiki-micaz.a(contiki-micaz-m)
 .debug_info    0x0000049e      0x48b contiki-micaz.a(init-net.o)
 .debug_info    0x00000929      0x14d contiki-micaz.a(node-id.o)
 .debug_info    0x00000a76      0x1f5 contiki-micaz.a(clock.o)
 .debug_info    0x00000c6b      0x369 contiki-micaz.a(ds2401.o)
 .debug_info    0x00000fd4       0xfd contiki-micaz.a(eeprom.o)
 .debug_info    0x000010d1      0x1ce contiki-micaz.a(leds.o)
 .debug_info    0x0000129f      0x17a contiki-micaz.a(rimeaddr.o)
 .debug_info    0x00001419      0x4f2 contiki-micaz.a(rime.o)
 .debug_info    0x0000190b      0x3f1 contiki-micaz.a(announcement.o)
 .debug_info    0x00001cfc      0x870 contiki-micaz.a(broadcast-annou)
 .debug_info    0x0000256c      0x5a1 contiki-micaz.a(broadcast.o)
 .debug_info    0x00002b0d      0x46c contiki-micaz.a(abc.o)
 .debug_info    0x00002f79      0x428 contiki-micaz.a(chameleon.o)
 .debug_info    0x000033a1      0x2f6 contiki-micaz.a(channel.o)
 .debug_info    0x00003697      0x7cb contiki-micaz.a(chameleon-bitop)
 .debug_info    0x00003e62      0xeff contiki-micaz.a(xmac.o)
 .debug_info    0x00004d61      0x118 contiki-micaz.a(mac.o)
 .debug_info    0x00004e79      0x65b contiki-micaz.a(framer-802154.o)
 .debug_info    0x000054d4      0xbbe contiki-micaz.a(csma.o)
 .debug_info    0x00006092      0x578 contiki-micaz.a(process.o)
 .debug_info    0x0000660a      0x1a3 contiki-micaz.a(autostart.o)
 .debug_info    0x000067ad      0x1b1 contiki-micaz.a(memb.o)
 .debug_info    0x0000695e      0x370 contiki-micaz.a(list.o)
 .debug_info    0x00006cce      0x4d6 contiki-micaz.a(etimer.o)
 .debug_info    0x000071a4      0x470 contiki-micaz.a(ctimer.o)
 .debug_info    0x00007614      0x1c2 contiki-micaz.a(rtimer.o)
 .debug_info    0x000077d6       0xab contiki-micaz.a(random.o)
 .debug_info    0x00007881      0x62d contiki-micaz.a(packetbuf.o)
 .debug_info    0x00007eae      0x6ea contiki-micaz.a(queuebuf.o)
 .debug_info    0x00008598      0x3ba contiki-micaz.a(rs232.o)
 .debug_info    0x00008952       0xc5 contiki-micaz.a(leds-arch.o)
 .debug_info    0x00008a17     0x11fe contiki-micaz.a(cc2420.o)
 .debug_info    0x00009c15      0x172 contiki-micaz.a(cc2420-arch.o)
 .debug_info    0x00009d87       0xfd contiki-micaz.a(rtimer-arch.o)
 .debug_info    0x00009e84       0xba contiki-micaz.a(watchdog.o)
 .debug_info    0x00009f3e      0x4ab contiki-micaz.a(frame802154.o)
 .debug_info    0x0000a3e9      0x188 contiki-micaz.a(timer.o)
 .debug_info    0x0000a571       0x9b contiki-micaz.a(spi.o)
 *(.gnu.linkonce.wi.*)

.debug_abbrev   0x00000000     0x3cca
 *(.debug_abbrev)
 .debug_abbrev  0x00000000      0x12e hello-world.co
 .debug_abbrev  0x0000012e      0x139 contiki-micaz.a(contiki-micaz-m)
 .debug_abbrev  0x00000267      0x1a4 contiki-micaz.a(init-net.o)
 .debug_abbrev  0x0000040b       0xce contiki-micaz.a(node-id.o)
 .debug_abbrev  0x000004d9       0xe6 contiki-micaz.a(clock.o)
 .debug_abbrev  0x000005bf      0x198 contiki-micaz.a(ds2401.o)
 .debug_abbrev  0x00000757       0x86 contiki-micaz.a(eeprom.o)
 .debug_abbrev  0x000007dd       0xd6 contiki-micaz.a(leds.o)
 .debug_abbrev  0x000008b3      0x103 contiki-micaz.a(rimeaddr.o)
 .debug_abbrev  0x000009b6      0x1fd contiki-micaz.a(rime.o)
 .debug_abbrev  0x00000bb3      0x16c contiki-micaz.a(announcement.o)
 .debug_abbrev  0x00000d1f      0x230 contiki-micaz.a(broadcast-annou)
 .debug_abbrev  0x00000f4f      0x1e9 contiki-micaz.a(broadcast.o)
 .debug_abbrev  0x00001138      0x184 contiki-micaz.a(abc.o)
 .debug_abbrev  0x000012bc      0x1ce contiki-micaz.a(chameleon.o)
 .debug_abbrev  0x0000148a      0x16b contiki-micaz.a(channel.o)
 .debug_abbrev  0x000015f5      0x266 contiki-micaz.a(chameleon-bitop)
 .debug_abbrev  0x0000185b      0x3d3 contiki-micaz.a(xmac.o)
 .debug_abbrev  0x00001c2e       0xa2 contiki-micaz.a(mac.o)
 .debug_abbrev  0x00001cd0      0x229 contiki-micaz.a(framer-802154.o)
 .debug_abbrev  0x00001ef9      0x36b contiki-micaz.a(csma.o)
 .debug_abbrev  0x00002264      0x2e1 contiki-micaz.a(process.o)
 .debug_abbrev  0x00002545       0xf7 contiki-micaz.a(autostart.o)
 .debug_abbrev  0x0000263c       0xec contiki-micaz.a(memb.o)
 .debug_abbrev  0x00002728      0x1a3 contiki-micaz.a(list.o)
 .debug_abbrev  0x000028cb      0x20d contiki-micaz.a(etimer.o)
 .debug_abbrev  0x00002ad8      0x1b7 contiki-micaz.a(ctimer.o)
 .debug_abbrev  0x00002c8f      0x12c contiki-micaz.a(rtimer.o)
 .debug_abbrev  0x00002dbb       0x69 contiki-micaz.a(random.o)
 .debug_abbrev  0x00002e24      0x22d contiki-micaz.a(packetbuf.o)
 .debug_abbrev  0x00003051      0x1f5 contiki-micaz.a(queuebuf.o)
 .debug_abbrev  0x00003246      0x188 contiki-micaz.a(rs232.o)
 .debug_abbrev  0x000033ce       0x89 contiki-micaz.a(leds-arch.o)
 .debug_abbrev  0x00003457      0x405 contiki-micaz.a(cc2420.o)
 .debug_abbrev  0x0000385c       0xca contiki-micaz.a(cc2420-arch.o)
 .debug_abbrev  0x00003926       0x98 contiki-micaz.a(rtimer-arch.o)
 .debug_abbrev  0x000039be       0x3b contiki-micaz.a(watchdog.o)
 .debug_abbrev  0x000039f9      0x19e contiki-micaz.a(frame802154.o)
 .debug_abbrev  0x00003b97       0xd4 contiki-micaz.a(timer.o)
 .debug_abbrev  0x00003c6b       0x5f contiki-micaz.a(spi.o)

.debug_line     0x00000000     0x7099
 *(.debug_line)
 .debug_line    0x00000000       0xb4 hello-world.co
 .debug_line    0x000000b4      0x23c contiki-micaz.a(contiki-micaz-m)
 .debug_line    0x000002f0      0x22f contiki-micaz.a(init-net.o)
 .debug_line    0x0000051f      0x152 contiki-micaz.a(node-id.o)
 .debug_line    0x00000671      0x264 contiki-micaz.a(clock.o)
 .debug_line    0x000008d5      0x2f3 contiki-micaz.a(ds2401.o)
 .debug_line    0x00000bc8      0x169 contiki-micaz.a(eeprom.o)
 .debug_line    0x00000d31      0x19f contiki-micaz.a(leds.o)
 .debug_line    0x00000ed0       0xd4 contiki-micaz.a(rimeaddr.o)
 .debug_line    0x00000fa4      0x289 contiki-micaz.a(rime.o)
 .debug_line    0x0000122d      0x2cb contiki-micaz.a(announcement.o)
 .debug_line    0x000014f8      0x391 contiki-micaz.a(broadcast-annou)
 .debug_line    0x00001889      0x1d6 contiki-micaz.a(broadcast.o)
 .debug_line    0x00001a5f      0x1b3 contiki-micaz.a(abc.o)
 .debug_line    0x00001c12      0x1b1 contiki-micaz.a(chameleon.o)
 .debug_line    0x00001dc3      0x1d2 contiki-micaz.a(channel.o)
 .debug_line    0x00001f95      0x49f contiki-micaz.a(chameleon-bitop)
 .debug_line    0x00002434      0x935 contiki-micaz.a(xmac.o)
 .debug_line    0x00002d69       0x85 contiki-micaz.a(mac.o)
 .debug_line    0x00002dee      0x2fa contiki-micaz.a(framer-802154.o)
 .debug_line    0x000030e8      0x5d5 contiki-micaz.a(csma.o)
 .debug_line    0x000036bd      0x4d6 contiki-micaz.a(process.o)
 .debug_line    0x00003b93       0xf4 contiki-micaz.a(autostart.o)
 .debug_line    0x00003c87      0x183 contiki-micaz.a(memb.o)
 .debug_line    0x00003e0a      0x2ea contiki-micaz.a(list.o)
 .debug_line    0x000040f4      0x475 contiki-micaz.a(etimer.o)
 .debug_line    0x00004569      0x369 contiki-micaz.a(ctimer.o)
 .debug_line    0x000048d2      0x113 contiki-micaz.a(rtimer.o)
 .debug_line    0x000049e5       0x9d contiki-micaz.a(random.o)
 .debug_line    0x00004a82      0x4ae contiki-micaz.a(packetbuf.o)
 .debug_line    0x00004f30      0x352 contiki-micaz.a(queuebuf.o)
 .debug_line    0x00005282      0x2d8 contiki-micaz.a(rs232.o)
 .debug_line    0x0000555a      0x144 contiki-micaz.a(leds-arch.o)
 .debug_line    0x0000569e      0xee5 contiki-micaz.a(cc2420.o)
 .debug_line    0x00006583      0x179 contiki-micaz.a(cc2420-arch.o)
 .debug_line    0x000066fc      0x190 contiki-micaz.a(rtimer-arch.o)
 .debug_line    0x0000688c      0x159 contiki-micaz.a(watchdog.o)
 .debug_line    0x000069e5      0x4a6 contiki-micaz.a(frame802154.o)
 .debug_line    0x00006e8b      0x145 contiki-micaz.a(timer.o)
 .debug_line    0x00006fd0       0xc9 contiki-micaz.a(spi.o)

.debug_frame    0x00000000     0x12a0
 *(.debug_frame)
 .debug_frame   0x00000000       0x20 hello-world.co
 .debug_frame   0x00000020       0x30 contiki-micaz.a(contiki-micaz-m)
 .debug_frame   0x00000050       0x20 contiki-micaz.a(init-net.o)
 .debug_frame   0x00000070       0x30 contiki-micaz.a(node-id.o)
 .debug_frame   0x000000a0       0x80 contiki-micaz.a(clock.o)
 .debug_frame   0x00000120       0x40 contiki-micaz.a(ds2401.o)
 .debug_frame   0x00000160       0x30 contiki-micaz.a(eeprom.o)
 .debug_frame   0x00000190       0x90 contiki-micaz.a(leds.o)
 .debug_frame   0x00000220       0x40 contiki-micaz.a(rimeaddr.o)
 .debug_frame   0x00000260       0x70 contiki-micaz.a(rime.o)
 .debug_frame   0x000002d0       0xc0 contiki-micaz.a(announcement.o)
 .debug_frame   0x00000390       0xa0 contiki-micaz.a(broadcast-annou)
 .debug_frame   0x00000430       0x60 contiki-micaz.a(broadcast.o)
 .debug_frame   0x00000490       0x60 contiki-micaz.a(abc.o)
 .debug_frame   0x000004f0       0x50 contiki-micaz.a(chameleon.o)
 .debug_frame   0x00000540       0x60 contiki-micaz.a(channel.o)
 .debug_frame   0x000005a0       0x80 contiki-micaz.a(chameleon-bitop)
 .debug_frame   0x00000620       0xf0 contiki-micaz.a(xmac.o)
 .debug_frame   0x00000710       0x20 contiki-micaz.a(mac.o)
 .debug_frame   0x00000730       0x30 contiki-micaz.a(framer-802154.o)
 .debug_frame   0x00000760       0xb0 contiki-micaz.a(csma.o)
 .debug_frame   0x00000810       0xe0 contiki-micaz.a(process.o)
 .debug_frame   0x000008f0       0x30 contiki-micaz.a(autostart.o)
 .debug_frame   0x00000920       0x50 contiki-micaz.a(memb.o)
 .debug_frame   0x00000970       0xd0 contiki-micaz.a(list.o)
 .debug_frame   0x00000a40       0xf0 contiki-micaz.a(etimer.o)
 .debug_frame   0x00000b30       0x80 contiki-micaz.a(ctimer.o)
 .debug_frame   0x00000bb0       0x40 contiki-micaz.a(rtimer.o)
 .debug_frame   0x00000bf0       0x30 contiki-micaz.a(random.o)
 .debug_frame   0x00000c20      0x160 contiki-micaz.a(packetbuf.o)
 .debug_frame   0x00000d80       0xb0 contiki-micaz.a(queuebuf.o)
 .debug_frame   0x00000e30       0xa0 contiki-micaz.a(rs232.o)
 .debug_frame   0x00000ed0       0x40 contiki-micaz.a(leds-arch.o)
 .debug_frame   0x00000f10      0x1f0 contiki-micaz.a(cc2420.o)
 .debug_frame   0x00001100       0x30 contiki-micaz.a(cc2420-arch.o)
 .debug_frame   0x00001130       0x40 contiki-micaz.a(rtimer-arch.o)
 .debug_frame   0x00001170       0x60 contiki-micaz.a(watchdog.o)
 .debug_frame   0x000011d0       0x50 contiki-micaz.a(frame802154.o)
 .debug_frame   0x00001220       0x60 contiki-micaz.a(timer.o)
 .debug_frame   0x00001280       0x20 contiki-micaz.a(spi.o)

.debug_str      0x00000000     0x2a26
 *(.debug_str)
 .debug_str     0x00000000      0x10d hello-world.co
                                0x172 (size before relaxing)
 .debug_str     0x0000010d       0xbd contiki-micaz.a(contiki-micaz-m)
                                0x1e0 (size before relaxing)
 .debug_str     0x000001ca       0xfc contiki-micaz.a(init-net.o)
                                0x215 (size before relaxing)
 .debug_str     0x000002c6       0x62 contiki-micaz.a(node-id.o)
                                0x130 (size before relaxing)
 .debug_str     0x00000328       0x8e contiki-micaz.a(clock.o)
                                0x15d (size before relaxing)
 .debug_str     0x000003b6       0x72 contiki-micaz.a(ds2401.o)
                                0x150 (size before relaxing)
 .debug_str     0x00000428       0x64 contiki-micaz.a(eeprom.o)
                                0x106 (size before relaxing)
 .debug_str     0x0000048c       0x74 contiki-micaz.a(leds.o)
                                0x12e (size before relaxing)
 .debug_str     0x00000500       0x70 contiki-micaz.a(rimeaddr.o)
                                0x13c (size before relaxing)
 .debug_str     0x00000570      0x115 contiki-micaz.a(rime.o)
                                0x2d4 (size before relaxing)
 .debug_str     0x00000685      0x19f contiki-micaz.a(announcement.o)
                                0x2cf (size before relaxing)
 .debug_str     0x00000824      0x1ce contiki-micaz.a(broadcast-annou)
                                0x422 (size before relaxing)
 .debug_str     0x000009f2      0x347 contiki-micaz.a(broadcast.o)
                                0x52b (size before relaxing)
 .debug_str     0x00000d39       0x49 contiki-micaz.a(abc.o)
                                0x4bc (size before relaxing)
 .debug_str     0x00000d82       0x97 contiki-micaz.a(chameleon.o)
                                0x4d3 (size before relaxing)
 .debug_str     0x00000e19       0x8b contiki-micaz.a(channel.o)
                                0x1f5 (size before relaxing)
 .debug_str     0x00000ea4       0xc4 contiki-micaz.a(chameleon-bitop)
                                0x56a (size before relaxing)
 .debug_str     0x00000f68      0x342 contiki-micaz.a(xmac.o)
                                0x91b (size before relaxing)
 .debug_str     0x000012aa       0x30 contiki-micaz.a(mac.o)
                                0x159 (size before relaxing)
 .debug_str     0x000012da      0x1bc contiki-micaz.a(framer-802154.o)
                                0x619 (size before relaxing)
 .debug_str     0x00001496      0x1da contiki-micaz.a(csma.o)
                                0x7db (size before relaxing)
 .debug_str     0x00001670      0x178 contiki-micaz.a(process.o)
                                0x287 (size before relaxing)
 .debug_str     0x000017e8       0x3a contiki-micaz.a(autostart.o)
                                0x13f (size before relaxing)
 .debug_str     0x00001822       0x46 contiki-micaz.a(memb.o)
                                0x109 (size before relaxing)
 .debug_str     0x00001868       0xa8 contiki-micaz.a(list.o)
                                 0xfe (size before relaxing)
 .debug_str     0x00001910      0x133 contiki-micaz.a(etimer.o)
                                0x294 (size before relaxing)
 .debug_str     0x00001a43       0xad contiki-micaz.a(ctimer.o)
                                0x228 (size before relaxing)
 .debug_str     0x00001af0       0xa1 contiki-micaz.a(rtimer.o)
                                0x186 (size before relaxing)
 .debug_str     0x00001b91       0x35 contiki-micaz.a(random.o)
                                 0xe3 (size before relaxing)
 .debug_str     0x00001bc6      0x1df contiki-micaz.a(packetbuf.o)
                                0x60a (size before relaxing)
 .debug_str     0x00001da5      0x18a contiki-micaz.a(queuebuf.o)
                                0x5d8 (size before relaxing)
 .debug_str     0x00001f2f      0x10a contiki-micaz.a(rs232.o)
                                0x1db (size before relaxing)
 .debug_str     0x00002039       0x50 contiki-micaz.a(leds-arch.o)
                                0x10b (size before relaxing)
 .debug_str     0x00002089      0x789 contiki-micaz.a(cc2420.o)
                                0xd47 (size before relaxing)
 .debug_str     0x00002812       0x43 contiki-micaz.a(cc2420-arch.o)
                                0x166 (size before relaxing)
 .debug_str     0x00002855       0x50 contiki-micaz.a(rtimer-arch.o)
                                0x128 (size before relaxing)
 .debug_str     0x000028a5       0x68 contiki-micaz.a(watchdog.o)
                                0x10a (size before relaxing)
 .debug_str     0x0000290d       0xca contiki-micaz.a(frame802154.o)
                                0x302 (size before relaxing)
 .debug_str     0x000029d7       0x27 contiki-micaz.a(timer.o)
                                0x12e (size before relaxing)
 .debug_str     0x000029fe       0x28 contiki-micaz.a(spi.o)
                                 0xde (size before relaxing)

.debug_loc      0x00000000     0x45aa
 *(.debug_loc)
 .debug_loc     0x00000000       0x73 hello-world.co
 .debug_loc     0x00000073       0x5c contiki-micaz.a(init-net.o)
 .debug_loc     0x000000cf       0x63 contiki-micaz.a(node-id.o)
 .debug_loc     0x00000132       0x68 contiki-micaz.a(clock.o)
 .debug_loc     0x0000019a      0x2bb contiki-micaz.a(ds2401.o)
 .debug_loc     0x00000455       0xd0 contiki-micaz.a(eeprom.o)
 .debug_loc     0x00000525       0xbe contiki-micaz.a(leds.o)
 .debug_loc     0x000005e3       0x58 contiki-micaz.a(rimeaddr.o)
 .debug_loc     0x0000063b      0x168 contiki-micaz.a(rime.o)
 .debug_loc     0x000007a3      0x224 contiki-micaz.a(announcement.o)
 .debug_loc     0x000009c7      0x26b contiki-micaz.a(broadcast-annou)
 .debug_loc     0x00000c32      0x168 contiki-micaz.a(broadcast.o)
 .debug_loc     0x00000d9a      0x138 contiki-micaz.a(abc.o)
 .debug_loc     0x00000ed2       0xd4 contiki-micaz.a(chameleon.o)
 .debug_loc     0x00000fa6      0x12c contiki-micaz.a(channel.o)
 .debug_loc     0x000010d2      0x698 contiki-micaz.a(chameleon-bitop)
 .debug_loc     0x0000176a      0x6be contiki-micaz.a(xmac.o)
 .debug_loc     0x00001e28       0x90 contiki-micaz.a(mac.o)
 .debug_loc     0x00001eb8       0xdb contiki-micaz.a(framer-802154.o)
 .debug_loc     0x00001f93      0x3ad contiki-micaz.a(csma.o)
 .debug_loc     0x00002340      0x38f contiki-micaz.a(process.o)
 .debug_loc     0x000026cf       0x58 contiki-micaz.a(autostart.o)
 .debug_loc     0x00002727      0x1b0 contiki-micaz.a(memb.o)
 .debug_loc     0x000028d7      0x358 contiki-micaz.a(list.o)
 .debug_loc     0x00002c2f      0x42e contiki-micaz.a(etimer.o)
 .debug_loc     0x0000305d      0x311 contiki-micaz.a(ctimer.o)
 .debug_loc     0x0000336e       0xc7 contiki-micaz.a(rtimer.o)
 .debug_loc     0x00003435       0x18 contiki-micaz.a(random.o)
 .debug_loc     0x0000344d      0x217 contiki-micaz.a(packetbuf.o)
 .debug_loc     0x00003664      0x220 contiki-micaz.a(queuebuf.o)
 .debug_loc     0x00003884      0x123 contiki-micaz.a(rs232.o)
 .debug_loc     0x000039a7      0x787 contiki-micaz.a(cc2420.o)
 .debug_loc     0x0000412e       0x24 contiki-micaz.a(rtimer-arch.o)
 .debug_loc     0x00004152      0x34c contiki-micaz.a(frame802154.o)
 .debug_loc     0x0000449e      0x10c contiki-micaz.a(timer.o)

.debug_macinfo
 *(.debug_macinfo)
OUTPUT(hello-world.micaz elf32-avr)
LOAD linker stubs

.bootloader     0x0001f800        0x0

.debug_pubtypes
                0x00000000     0x13d4
 .debug_pubtypes
                0x00000000       0x55 hello-world.co
 .debug_pubtypes
                0x00000055       0xac contiki-micaz.a(contiki-micaz-m)
 .debug_pubtypes
                0x00000101       0x8f contiki-micaz.a(init-net.o)
 .debug_pubtypes
                0x00000190       0x2b contiki-micaz.a(node-id.o)
 .debug_pubtypes
                0x000001bb       0x2f contiki-micaz.a(clock.o)
 .debug_pubtypes
                0x000001ea       0x2b contiki-micaz.a(ds2401.o)
 .debug_pubtypes
                0x00000215       0x12 contiki-micaz.a(leds.o)
 .debug_pubtypes
                0x00000227       0x21 contiki-micaz.a(rimeaddr.o)
 .debug_pubtypes
                0x00000248       0xe9 contiki-micaz.a(rime.o)
 .debug_pubtypes
                0x00000331       0x8c contiki-micaz.a(announcement.o)
 .debug_pubtypes
                0x000003bd      0x1cf contiki-micaz.a(broadcast-annou)
 .debug_pubtypes
                0x0000058c       0xe2 contiki-micaz.a(broadcast.o)
 .debug_pubtypes
                0x0000066e       0xb7 contiki-micaz.a(abc.o)
 .debug_pubtypes
                0x00000725       0xad contiki-micaz.a(chameleon.o)
 .debug_pubtypes
                0x000007d2       0xa3 contiki-micaz.a(channel.o)
 .debug_pubtypes
                0x00000875       0xbc contiki-micaz.a(chameleon-bitop)
 .debug_pubtypes
                0x00000931      0x160 contiki-micaz.a(xmac.o)
 .debug_pubtypes
                0x00000a91       0x25 contiki-micaz.a(mac.o)
 .debug_pubtypes
                0x00000ab6       0xe5 contiki-micaz.a(framer-802154.o)
 .debug_pubtypes
                0x00000b9b      0x177 contiki-micaz.a(csma.o)
 .debug_pubtypes
                0x00000d12       0x7d contiki-micaz.a(process.o)
 .debug_pubtypes
                0x00000d8f       0x55 contiki-micaz.a(autostart.o)
 .debug_pubtypes
                0x00000de4       0x1b contiki-micaz.a(memb.o)
 .debug_pubtypes
                0x00000dff       0x7b contiki-micaz.a(etimer.o)
 .debug_pubtypes
                0x00000e7a       0x91 contiki-micaz.a(ctimer.o)
 .debug_pubtypes
                0x00000f0b       0x46 contiki-micaz.a(rtimer.o)
 .debug_pubtypes
                0x00000f51       0x12 contiki-micaz.a(random.o)
 .debug_pubtypes
                0x00000f63       0x75 contiki-micaz.a(packetbuf.o)
 .debug_pubtypes
                0x00000fd8       0xae contiki-micaz.a(queuebuf.o)
 .debug_pubtypes
                0x00001086       0x29 contiki-micaz.a(rs232.o)
 .debug_pubtypes
                0x000010af       0x1e contiki-micaz.a(leds-arch.o)
 .debug_pubtypes
                0x000010cd      0x157 contiki-micaz.a(cc2420.o)
 .debug_pubtypes
                0x00001224       0x75 contiki-micaz.a(cc2420-arch.o)
 .debug_pubtypes
                0x00001299       0x3e contiki-micaz.a(rtimer-arch.o)
 .debug_pubtypes
                0x000012d7       0xb2 contiki-micaz.a(frame802154.o)
 .debug_pubtypes
                0x00001389       0x2d contiki-micaz.a(timer.o)
 .debug_pubtypes
                0x000013b6       0x1e contiki-micaz.a(spi.o)

.debug_ranges   0x00000000      0xa20
 .debug_ranges  0x00000000       0x10 hello-world.co
 .debug_ranges  0x00000010       0x18 contiki-micaz.a(contiki-micaz-m)
 .debug_ranges  0x00000028       0x10 contiki-micaz.a(init-net.o)
 .debug_ranges  0x00000038       0x18 contiki-micaz.a(node-id.o)
 .debug_ranges  0x00000050       0x40 contiki-micaz.a(clock.o)
 .debug_ranges  0x00000090       0xc8 contiki-micaz.a(ds2401.o)
 .debug_ranges  0x00000158       0x48 contiki-micaz.a(leds.o)
 .debug_ranges  0x000001a0       0x20 contiki-micaz.a(rimeaddr.o)
 .debug_ranges  0x000001c0       0x38 contiki-micaz.a(rime.o)
 .debug_ranges  0x000001f8       0x60 contiki-micaz.a(announcement.o)
 .debug_ranges  0x00000258       0x50 contiki-micaz.a(broadcast-annou)
 .debug_ranges  0x000002a8       0x30 contiki-micaz.a(broadcast.o)
 .debug_ranges  0x000002d8       0x30 contiki-micaz.a(abc.o)
 .debug_ranges  0x00000308       0x28 contiki-micaz.a(chameleon.o)
 .debug_ranges  0x00000330       0x30 contiki-micaz.a(channel.o)
 .debug_ranges  0x00000360       0x88 contiki-micaz.a(chameleon-bitop)
 .debug_ranges  0x000003e8       0xf0 contiki-micaz.a(xmac.o)
 .debug_ranges  0x000004d8       0x10 contiki-micaz.a(mac.o)
 .debug_ranges  0x000004e8       0x18 contiki-micaz.a(framer-802154.o)
 .debug_ranges  0x00000500       0x58 contiki-micaz.a(csma.o)
 .debug_ranges  0x00000558       0x70 contiki-micaz.a(process.o)
 .debug_ranges  0x000005c8       0x18 contiki-micaz.a(autostart.o)
 .debug_ranges  0x000005e0       0x28 contiki-micaz.a(memb.o)
 .debug_ranges  0x00000608       0x78 contiki-micaz.a(etimer.o)
 .debug_ranges  0x00000680       0x40 contiki-micaz.a(ctimer.o)
 .debug_ranges  0x000006c0       0x20 contiki-micaz.a(rtimer.o)
 .debug_ranges  0x000006e0       0x18 contiki-micaz.a(random.o)
 .debug_ranges  0x000006f8       0xb0 contiki-micaz.a(packetbuf.o)
 .debug_ranges  0x000007a8       0x58 contiki-micaz.a(queuebuf.o)
 .debug_ranges  0x00000800       0x50 contiki-micaz.a(rs232.o)
 .debug_ranges  0x00000850       0x20 contiki-micaz.a(leds-arch.o)
 .debug_ranges  0x00000870      0x110 contiki-micaz.a(cc2420.o)
 .debug_ranges  0x00000980       0x18 contiki-micaz.a(cc2420-arch.o)
 .debug_ranges  0x00000998       0x20 contiki-micaz.a(rtimer-arch.o)
 .debug_ranges  0x000009b8       0x28 contiki-micaz.a(frame802154.o)
 .debug_ranges  0x000009e0       0x30 contiki-micaz.a(timer.o)
 .debug_ranges  0x00000a10       0x10 contiki-micaz.a(spi.o)
